Archive member included to satisfy reference by file (symbol)

c:/program files (x86)/arm gnu toolchain arm-none-eabi/12.2 mpacbti-rel1/bin/../lib/gcc/arm-none-eabi/12.2.1/thumb/v7e-m/nofp\libc.a(libc_a-exit.o)
                              c:/program files (x86)/arm gnu toolchain arm-none-eabi/12.2 mpacbti-rel1/bin/../lib/gcc/arm-none-eabi/12.2.1/thumb/v7e-m/nofp/rdimon-crt0.o (exit)
c:/program files (x86)/arm gnu toolchain arm-none-eabi/12.2 mpacbti-rel1/bin/../lib/gcc/arm-none-eabi/12.2.1/thumb/v7e-m/nofp\libc.a(libc_a-findfp.o)
                              c:/program files (x86)/arm gnu toolchain arm-none-eabi/12.2 mpacbti-rel1/bin/../lib/gcc/arm-none-eabi/12.2.1/thumb/v7e-m/nofp\libc.a(libc_a-exit.o) (__stdio_exit_handler)
c:/program files (x86)/arm gnu toolchain arm-none-eabi/12.2 mpacbti-rel1/bin/../lib/gcc/arm-none-eabi/12.2.1/thumb/v7e-m/nofp\libc.a(libc_a-fwalk.o)
                              c:/program files (x86)/arm gnu toolchain arm-none-eabi/12.2 mpacbti-rel1/bin/../lib/gcc/arm-none-eabi/12.2.1/thumb/v7e-m/nofp\libc.a(libc_a-findfp.o) (_fwalk_sglue)
c:/program files (x86)/arm gnu toolchain arm-none-eabi/12.2 mpacbti-rel1/bin/../lib/gcc/arm-none-eabi/12.2.1/thumb/v7e-m/nofp\libc.a(libc_a-stdio.o)
                              c:/program files (x86)/arm gnu toolchain arm-none-eabi/12.2 mpacbti-rel1/bin/../lib/gcc/arm-none-eabi/12.2.1/thumb/v7e-m/nofp\libc.a(libc_a-findfp.o) (__sread)
c:/program files (x86)/arm gnu toolchain arm-none-eabi/12.2 mpacbti-rel1/bin/../lib/gcc/arm-none-eabi/12.2.1/thumb/v7e-m/nofp\libc.a(libc_a-memset.o)
                              c:/program files (x86)/arm gnu toolchain arm-none-eabi/12.2 mpacbti-rel1/bin/../lib/gcc/arm-none-eabi/12.2.1/thumb/v7e-m/nofp/rdimon-crt0.o (memset)
c:/program files (x86)/arm gnu toolchain arm-none-eabi/12.2 mpacbti-rel1/bin/../lib/gcc/arm-none-eabi/12.2.1/thumb/v7e-m/nofp\libc.a(libc_a-closer.o)
                              c:/program files (x86)/arm gnu toolchain arm-none-eabi/12.2 mpacbti-rel1/bin/../lib/gcc/arm-none-eabi/12.2.1/thumb/v7e-m/nofp\libc.a(libc_a-stdio.o) (_close_r)
c:/program files (x86)/arm gnu toolchain arm-none-eabi/12.2 mpacbti-rel1/bin/../lib/gcc/arm-none-eabi/12.2.1/thumb/v7e-m/nofp\libc.a(libc_a-reent.o)
                              c:/program files (x86)/arm gnu toolchain arm-none-eabi/12.2 mpacbti-rel1/bin/../lib/gcc/arm-none-eabi/12.2.1/thumb/v7e-m/nofp\libc.a(libc_a-closer.o) (errno)
c:/program files (x86)/arm gnu toolchain arm-none-eabi/12.2 mpacbti-rel1/bin/../lib/gcc/arm-none-eabi/12.2.1/thumb/v7e-m/nofp\libc.a(libc_a-impure.o)
                              c:/program files (x86)/arm gnu toolchain arm-none-eabi/12.2 mpacbti-rel1/bin/../lib/gcc/arm-none-eabi/12.2.1/thumb/v7e-m/nofp\libc.a(libc_a-reent.o) (_impure_ptr)
c:/program files (x86)/arm gnu toolchain arm-none-eabi/12.2 mpacbti-rel1/bin/../lib/gcc/arm-none-eabi/12.2.1/thumb/v7e-m/nofp\libc.a(libc_a-lseekr.o)
                              c:/program files (x86)/arm gnu toolchain arm-none-eabi/12.2 mpacbti-rel1/bin/../lib/gcc/arm-none-eabi/12.2.1/thumb/v7e-m/nofp\libc.a(libc_a-stdio.o) (_lseek_r)
c:/program files (x86)/arm gnu toolchain arm-none-eabi/12.2 mpacbti-rel1/bin/../lib/gcc/arm-none-eabi/12.2.1/thumb/v7e-m/nofp\libc.a(libc_a-readr.o)
                              c:/program files (x86)/arm gnu toolchain arm-none-eabi/12.2 mpacbti-rel1/bin/../lib/gcc/arm-none-eabi/12.2.1/thumb/v7e-m/nofp\libc.a(libc_a-stdio.o) (_read_r)
c:/program files (x86)/arm gnu toolchain arm-none-eabi/12.2 mpacbti-rel1/bin/../lib/gcc/arm-none-eabi/12.2.1/thumb/v7e-m/nofp\libc.a(libc_a-writer.o)
                              c:/program files (x86)/arm gnu toolchain arm-none-eabi/12.2 mpacbti-rel1/bin/../lib/gcc/arm-none-eabi/12.2.1/thumb/v7e-m/nofp\libc.a(libc_a-stdio.o) (_write_r)
c:/program files (x86)/arm gnu toolchain arm-none-eabi/12.2 mpacbti-rel1/bin/../lib/gcc/arm-none-eabi/12.2.1/thumb/v7e-m/nofp\libc.a(libc_a-init.o)
                              c:/program files (x86)/arm gnu toolchain arm-none-eabi/12.2 mpacbti-rel1/bin/../lib/gcc/arm-none-eabi/12.2.1/thumb/v7e-m/nofp/rdimon-crt0.o (__libc_init_array)
c:/program files (x86)/arm gnu toolchain arm-none-eabi/12.2 mpacbti-rel1/bin/../lib/gcc/arm-none-eabi/12.2.1/thumb/v7e-m/nofp\libc.a(libc_a-lock.o)
                              c:/program files (x86)/arm gnu toolchain arm-none-eabi/12.2 mpacbti-rel1/bin/../lib/gcc/arm-none-eabi/12.2.1/thumb/v7e-m/nofp\libc.a(libc_a-findfp.o) (__retarget_lock_init_recursive)
c:/program files (x86)/arm gnu toolchain arm-none-eabi/12.2 mpacbti-rel1/bin/../lib/gcc/arm-none-eabi/12.2.1/thumb/v7e-m/nofp\libc.a(libc_a-__call_atexit.o)
                              c:/program files (x86)/arm gnu toolchain arm-none-eabi/12.2 mpacbti-rel1/bin/../lib/gcc/arm-none-eabi/12.2.1/thumb/v7e-m/nofp\libc.a(libc_a-exit.o) (__call_exitprocs)
c:/program files (x86)/arm gnu toolchain arm-none-eabi/12.2 mpacbti-rel1/bin/../lib/gcc/arm-none-eabi/12.2.1/thumb/v7e-m/nofp\libc.a(libc_a-atexit.o)
[...]
Memory Configuration

Name             Origin             Length             Attributes
FLASH            0x08000000         0x00080000         xr
SRAM             0x20000000         0x00018000         xrw
*default*        0x00000000         0xffffffff

Linker script and memory map

LOAD c:/program files (x86)/arm gnu toolchain arm-none-eabi/12.2 mpacbti-rel1/bin/../lib/gcc/arm-none-eabi/12.2.1/thumb/v7e-m/nofp/crti.o
LOAD c:/program files (x86)/arm gnu toolchain arm-none-eabi/12.2 mpacbti-rel1/bin/../lib/gcc/arm-none-eabi/12.2.1/thumb/v7e-m/nofp/crtbegin.o
LOAD c:/program files (x86)/arm gnu toolchain arm-none-eabi/12.2 mpacbti-rel1/bin/../lib/gcc/arm-none-eabi/12.2.1/thumb/v7e-m/nofp/rdimon-crt0.o
LOAD c:/program files (x86)/arm gnu toolchain arm-none-eabi/12.2 mpacbti-rel1/bin/../lib/gcc/arm-none-eabi/12.2.1/thumb/v7e-m/nofp\libc.a
LOAD c:/program files (x86)/arm gnu toolchain arm-none-eabi/12.2 mpacbti-rel1/bin/../lib/gcc/arm-none-eabi/12.2.1/thumb/v7e-m/nofp\libm.a
LOAD Debug/uart.o
LOAD Debug/adc.o
LOAD Debug/fpu.o
LOAD Debug/main.o
LOAD Debug/stm32F401RE_startup.o
START GROUP
LOAD c:/program files (x86)/arm gnu toolchain arm-none-eabi/12.2 mpacbti-rel1/bin/../lib/gcc/arm-none-eabi/12.2.1/thumb/v7e-m/nofp\libgcc.a
LOAD c:/program files (x86)/arm gnu toolchain arm-none-eabi/12.2 mpacbti-rel1/bin/../lib/gcc/arm-none-eabi/12.2.1/thumb/v7e-m/nofp\libc.a
END GROUP
START GROUP
LOAD c:/program files (x86)/arm gnu toolchain arm-none-eabi/12.2 mpacbti-rel1/bin/../lib/gcc/arm-none-eabi/12.2.1/thumb/v7e-m/nofp\libgcc.a
LOAD c:/program files (x86)/arm gnu toolchain arm-none-eabi/12.2 mpacbti-rel1/bin/../lib/gcc/arm-none-eabi/12.2.1/thumb/v7e-m/nofp\libc.a
LOAD c:/program files (x86)/arm gnu toolchain arm-none-eabi/12.2 mpacbti-rel1/bin/../lib/gcc/arm-none-eabi/12.2.1/thumb/v7e-m/nofp\librdimon.a
END GROUP
LOAD c:/program files (x86)/arm gnu toolchain arm-none-eabi/12.2 mpacbti-rel1/bin/../lib/gcc/arm-none-eabi/12.2.1/thumb/v7e-m/nofp/crtend.o
LOAD c:/program files (x86)/arm gnu toolchain arm-none-eabi/12.2 mpacbti-rel1/bin/../lib/gcc/arm-none-eabi/12.2.1/thumb/v7e-m/nofp/crtn.o
                0x20018000                        _estack = (ORIGIN (SRAM) + LENGTH (SRAM))
                0x00000200                        __max_heap_size = 0x200
                0x00000400                        __max_stack_size = 0x400

.text           0x08000000     0xbfd4
                0x08000000                        . = ALIGN (0x4)
 *(.isr_vector_tbl)
 .isr_vector_tbl
                0x08000000      0x194 Debug/stm32F401RE_startup.o
                0x08000000                vector_tbl
 *(.text)
 .text          0x08000194        0x0 c:/program files (x86)/arm gnu toolchain arm-none-eabi/12.2 mpacbti-rel1/bin/../lib/gcc/arm-none-eabi/12.2.1/thumb/v7e-m/nofp/crti.o
 .text          0x08000194        0x0 c:/program files (x86)/arm gnu toolchain arm-none-eabi/12.2 mpacbti-rel1/bin/../lib/gcc/arm-none-eabi/12.2.1/thumb/v7e-m/nofp/crtbegin.o
 .text          0x08000194       0xf8 c:/program files (x86)/arm gnu toolchain arm-none-eabi/12.2 mpacbti-rel1/bin/../lib/gcc/arm-none-eabi/12.2.1/thumb/v7e-m/nofp/rdimon-crt0.o
                0x08000194                _stack_init
                0x080001a0                _start
                0x080001a0                _mainCRTStartup
 .text          0x0800028c        0x0 c:/program files (x86)/arm gnu toolchain arm-none-eabi/12.2 mpacbti-rel1/bin/../lib/gcc/arm-none-eabi/12.2.1/thumb/v7e-m/nofp\libc.a(libc_a-exit.o)
 .text          0x0800028c        0x0 c:/program files (x86)/arm gnu toolchain arm-none-eabi/12.2 mpacbti-rel1/bin/../lib/gcc/arm-none-eabi/12.2.1/thumb/v7e-m/nofp\libc.a(libc_a-findfp.o)
 .text          0x0800028c        0x0 c:/program files (x86)/arm gnu toolchain arm-none-eabi/12.2 mpacbti-rel1/bin/../lib/gcc/arm-none-eabi/12.2.1/thumb/v7e-m/nofp\libc.a(libc_a-fwalk.o)
 .text          0x0800028c        0x0 c:/program files (x86)/arm gnu toolchain arm-none-eabi/12.2 mpacbti-rel1/bin/../lib/gcc/arm-none-eabi/12.2.1/thumb/v7e-m/nofp\libc.a(libc_a-stdio.o)
 .text          0x0800028c        0x0 c:/program files (x86)/arm gnu toolchain arm-none-eabi/12.2 mpacbti-rel1/bin/../lib/gcc/arm-none-eabi/12.2.1/thumb/v7e-m/nofp\libc.a(libc_a-memset.o)
 .text          0x0800028c        0x0 c:/program files (x86)/arm gnu toolchain arm-none-eabi/12.2 mpacbti-rel1/bin/../lib/gcc/arm-none-eabi/12.2.1/thumb/v7e-m/nofp\libc.a(libc_a-closer.o)
 .text          0x0800028c        0x0 c:/program files (x86)/arm gnu toolchain arm-none-eabi/12.2 mpacbti-rel1/bin/../lib/gcc/arm-none-eabi/12.2.1/thumb/v7e-m/nofp\libc.a(libc_a-reent.o)
 .text          0x0800028c        0x0 c:/program files (x86)/arm gnu toolchain arm-none-eabi/12.2 mpacbti-rel1/bin/../lib/gcc/arm-none-eabi/12.2.1/thumb/v7e-m/nofp\libc.a(libc_a-impure.o)
 .text          0x0800028c        0x0 c:/program files (x86)/arm gnu toolchain arm-none-eabi/12.2 mpacbti-rel1/bin/../lib/gcc/arm-none-eabi/12.2.1/thumb/v7e-m/nofp\libc.a(libc_a-lseekr.o)
 .text          0x0800028c        0x0 c:/program files (x86)/arm gnu toolchain arm-none-eabi/12.2 mpacbti-rel1/bin/../lib/gcc/arm-none-eabi/12.2.1/thumb/v7e-m/nofp\libc.a(libc_a-readr.o)
 .text          0x0800028c        0x0 c:/program files (x86)/arm gnu toolchain arm-none-eabi/12.2 mpacbti-rel1/bin/../lib/gcc/arm-none-eabi/12.2.1/thumb/v7e-m/nofp\libc.a(libc_a-writer.o)
 .text          0x0800028c        0x0 c:/program files (x86)/arm gnu toolchain arm-none-eabi/12.2 mpacbti-rel1/bin/../lib/gcc/arm-none-eabi/12.2.1/thumb/v7e-m/nofp\libc.a(libc_a-init.o)
 .text          0x0800028c        0x0 c:/program files (x86)/arm gnu toolchain arm-none-eabi/12.2 mpacbti-rel1/bin/../lib/gcc/arm-none-eabi/12.2.1/thumb/v7e-m/nofp\libc.a(libc_a-lock.o)
 .text          0x0800028c        0x0 c:/program files (x86)/arm gnu toolchain arm-none-eabi/12.2 mpacbti-rel1/bin/../lib/gcc/arm-none-eabi/12.2.1/thumb/v7e-m/nofp\libc.a(libc_a-__call_atexit.o)
 .text          0x0800028c        0x0 c:/program files (x86)/arm gnu toolchain arm-none-eabi/12.2 mpacbti-rel1/bin/../lib/gcc/arm-none-eabi/12.2.1/thumb/v7e-m/nofp\libc.a(libc_a-atexit.o)
 .text          0x0800028c        0x0 c:/program files (x86)/arm gnu toolchain arm-none-eabi/12.2 mpacbti-rel1/bin/../lib/gcc/arm-none-eabi/12.2.1/thumb/v7e-m/nofp\libc.a(libc_a-freer.o)
 .text          0x0800028c        0x0 c:/program files (x86)/arm gnu toolchain arm-none-eabi/12.2 mpacbti-rel1/bin/../lib/gcc/arm-none-eabi/12.2.1/thumb/v7e-m/nofp\libc.a(libc_a-mallocr.o)
 .text          0x0800028c        0x0 c:/program files (x86)/arm gnu toolchain arm-none-eabi/12.2 mpacbti-rel1/bin/../lib/gcc/arm-none-eabi/12.2.1/thumb/v7e-m/nofp\libc.a(libc_a-mlock.o)
 .text          0x0800028c        0x0 c:/program files (x86)/arm gnu toolchain arm-none-eabi/12.2 mpacbti-rel1/bin/../lib/gcc/arm-none-eabi/12.2.1/thumb/v7e-m/nofp\libc.a(libc_a-fclose.o)
 .text          0x0800028c        0x0 c:/program files (x86)/arm gnu toolchain arm-none-eabi/12.2 mpacbti-rel1/bin/../lib/gcc/arm-none-eabi/12.2.1/thumb/v7e-m/nofp\libc.a(libc_a-fflush.o)
 .text          0x0800028c        0x0 c:/program files (x86)/arm gnu toolchain arm-none-eabi/12.2 mpacbti-rel1/bin/../lib/gcc/arm-none-eabi/12.2.1/thumb/v7e-m/nofp\libc.a(libc_a-sbrkr.o)
 .text          0x0800028c        0x0 c:/program files (x86)/arm gnu toolchain arm-none-eabi/12.2 mpacbti-rel1/bin/../lib/gcc/arm-none-eabi/12.2.1/thumb/v7e-m/nofp\libc.a(libc_a-fini.o)
 .text          0x0800028c        0x0 c:/program files (x86)/arm gnu toolchain arm-none-eabi/12.2 mpacbti-rel1/bin/../lib/gcc/arm-none-eabi/12.2.1/thumb/v7e-m/nofp\libc.a(libc_a-sysconf.o)
 .text          0x0800028c        0x0 c:/program files (x86)/arm gnu toolchain arm-none-eabi/12.2 mpacbti-rel1/bin/../lib/gcc/arm-none-eabi/12.2.1/thumb/v7e-m/nofp\libc.a(libc_a-__atexit.o)
 .text          0x0800028c        0x0 c:/program files (x86)/arm gnu toolchain arm-none-eabi/12.2 mpacbti-rel1/bin/../lib/gcc/arm-none-eabi/12.2.1/thumb/v7e-m/nofp\libc.a(libc_a-errno.o)
 .text          0x0800028c      0x170 Debug/uart.o
                0x080002d8                debug_uart_init
                0x0800036c                uart_write
                0x08000398                get_number
                0x080003c4                message
 .text          0x080003fc       0xac Debug/adc.o
                0x080003fc                pa1_adc_init
                0x0800045c                start_converstion
                0x08000484                adc_read
 .text          0x080004a8       0x50 Debug/fpu.o
                0x080004a8                fpu_enable
 .text          0x080004f8      0x1b4 Debug/main.o
                0x080004f8                main
 .text          0x080006ac       0x8c Debug/stm32F401RE_startup.o
                0x080006ac                RTC_Alarm_IRQHandler
                0x080006ac                EXTI2_IRQHandler
                0x080006ac                DebugMon_Handler
                0x080006ac                SPI4_IRQHandler
                0x080006ac                TIM1_CC_IRQHandler
                0x080006ac                DMA2_Stream5_IRQHandler
                0x080006ac                HardFault_Handler
                0x080006ac                DMA1_Stream5_IRQHandler
                0x080006ac                SysTick_Handler
                0x080006ac                PVD_IRQHandler
                0x080006ac                SDIO_IRQHandler
                0x080006ac                TAMP_STAMP_IRQHandler
                0x080006ac                PendSV_Handler
                0x080006ac                NMI_Handler
                0x080006ac                EXTI3_IRQHandler
                0x080006ac                TIM1_UP_TIM10_IRQHandler
                0x080006ac                I2C3_ER_IRQHandler
                0x080006ac                EXTI0_IRQHandler
                0x080006ac                I2C2_EV_IRQHandler
                0x080006ac                DMA1_Stream2_IRQHandler
                0x080006ac                FPU_IRQHandler
                0x080006ac                UsageFault_Handler
                0x080006ac                DMA2_Stream2_IRQHandler
                0x080006ac                SPI1_IRQHandler
                0x080006ac                TIM1_BRK_TIM9_IRQHandler
                0x080006ac                DMA2_Stream3_IRQHandler
                0x080006ac                USART6_IRQHandler
                0x080006ac                DMA2_Stream6_IRQHandler
                0x080006ac                DMA2_Stream0_IRQHandler
                0x080006ac                TIM4_IRQHandler
                0x080006ac                I2C1_EV_IRQHandler
                0x080006ac                DMA1_Stream6_IRQHandler
                0x080006ac                DMA1_Stream1_IRQHandler
                0x080006ac                TIM3_IRQHandler
                0x080006ac                RCC_IRQHandler
                0x080006ac                Default_Handler
                0x080006ac                EXTI15_10_IRQHandler
                0x080006ac                ADC_IRQHandler
                0x080006ac                DMA1_Stream7_IRQHandler
                0x080006ac                TIM5_IRQHandler
                0x080006ac                DMA2_Stream7_IRQHandler
                0x080006ac                I2C3_EV_IRQHandler
                0x080006ac                EXTI9_5_IRQHandler
                0x080006ac                RTC_WKUP_IRQHandler
                0x080006ac                SPI2_IRQHandler
                0x080006ac                MemManage_Handler
                0x080006ac                DMA1_Stream0_IRQHandler
                0x080006ac                SVC_Handler
                0x080006ac                EXTI4_IRQHandler
                0x080006ac                WWDG_IRQHandler
                0x080006ac                TIM2_IRQHandler
                0x080006ac                OTG_FS_WKUP_IRQHandler
                0x080006ac                TIM1_TRG_COM_TIM11_IRQHandler
                0x080006ac                EXTI1_IRQHandler
                0x080006ac                USART2_IRQHandler
                0x080006ac                I2C2_ER_IRQHandler
                0x080006ac                DMA2_Stream1_IRQHandler
                0x080006ac                FLASH_IRQHandler
                0x080006ac                DMA2_Stream4_IRQHandler
                0x080006ac                BusFault_Handler
                0x080006ac                USART1_IRQHandler
                0x080006ac                OTG_FS_IRQHandler
                0x080006ac                SPI3_IRQHandler
                0x080006ac                DMA1_Stream4_IRQHandler
                0x080006ac                I2C1_ER_IRQHandler
                0x080006ac                DMA1_Stream3_IRQHandler
                0x080006b2                Reset_Handler
 .text          0x08000738      0x168 c:/program files (x86)/arm gnu toolchain arm-none-eabi/12.2 mpacbti-rel1/bin/../lib/gcc/arm-none-eabi/12.2.1/thumb/v7e-m/nofp\libgcc.a(_arm_mulsf3.o)
                0x08000738                __aeabi_fmul
                0x08000738                __mulsf3
 .text          0x080008a0      0x378 c:/program files (x86)/arm gnu toolchain arm-none-eabi/12.2 mpacbti-rel1/bin/../lib/gcc/arm-none-eabi/12.2.1/thumb/v7e-m/nofp\libgcc.a(_arm_addsubdf3.o)
                0x080008a0                __aeabi_drsub
                0x080008a8                __aeabi_dsub
                0x080008a8                __subdf3
                0x080008ac                __aeabi_dadd
                0x080008ac                __adddf3
                0x08000b24                __floatunsidf
                0x08000b24                __aeabi_ui2d
                0x08000b44                __floatsidf
                0x08000b44                __aeabi_i2d
                0x08000b68                __aeabi_f2d
                0x08000b68                __extendsfdf2
                0x08000bac                __floatundidf
                0x08000bac                __aeabi_ul2d
                0x08000bbc                __floatdidf
                0x08000bbc                __aeabi_l2d
 .text          0x08000c18       0xa0 c:/program files (x86)/arm gnu toolchain arm-none-eabi/12.2 mpacbti-rel1/bin/../lib/gcc/arm-none-eabi/12.2.1/thumb/v7e-m/nofp\libgcc.a(_arm_truncdfsf2.o)
                0x08000c18                __truncdfsf2
                0x08000c18                __aeabi_d2f
 .text          0x08000cb8      0x21c c:/program files (x86)/arm gnu toolchain arm-none-eabi/12.2 mpacbti-rel1/bin/../lib/gcc/arm-none-eabi/12.2.1/thumb/v7e-m/nofp\libgcc.a(_arm_addsubsf3.o)
                0x08000cb8                __aeabi_frsub
                0x08000cc0                __subsf3
                0x08000cc0                __aeabi_fsub
                0x08000cc4                __aeabi_fadd
                0x08000cc4                __addsf3
                0x08000e24                __aeabi_ui2f
                0x08000e24                __floatunsisf
                0x08000e2c                __aeabi_i2f
                0x08000e2c                __floatsisf
                0x08000e48                __aeabi_ul2f
                0x08000e48                __floatundisf
                0x08000e58                __aeabi_l2f
                0x08000e58                __floatdisf
 .text          0x08000ed4        0x0 c:/program files (x86)/arm gnu toolchain arm-none-eabi/12.2 mpacbti-rel1/bin/../lib/gcc/arm-none-eabi/12.2.1/thumb/v7e-m/nofp\libc.a(libc_a-vsnprintf.o)
 .text          0x08000ed4        0x0 c:/program files (x86)/arm gnu toolchain arm-none-eabi/12.2 mpacbti-rel1/bin/../lib/gcc/arm-none-eabi/12.2.1/thumb/v7e-m/nofp\libc.a(libc_a-svfprintf.o)
 .text          0x08000ed4        0x0 c:/program files (x86)/arm gnu toolchain arm-none-eabi/12.2 mpacbti-rel1/bin/../lib/gcc/arm-none-eabi/12.2.1/thumb/v7e-m/nofp\libc.a(libc_a-strncpy.o)
 .text          0x08000ed4        0x0 c:/program files (x86)/arm gnu toolchain arm-none-eabi/12.2 mpacbti-rel1/bin/../lib/gcc/arm-none-eabi/12.2.1/thumb/v7e-m/nofp\libc.a(libc_a-locale.o)
 .text          0x08000ed4        0x0 c:/program files (x86)/arm gnu toolchain arm-none-eabi/12.2 mpacbti-rel1/bin/../lib/gcc/arm-none-eabi/12.2.1/thumb/v7e-m/nofp\libc.a(libc_a-localeconv.o)
 *fill*         0x08000ed4        0xc 
 .text          0x08000ee0      0x2e0 c:/program files (x86)/arm gnu toolchain arm-none-eabi/12.2 mpacbti-rel1/bin/../lib/gcc/arm-none-eabi/12.2.1/thumb/v7e-m/nofp\libc.a(libc_a-strcmp.o)
                0x08000ee0                strcmp
 .text          0x080011c0        0x0 c:/program files (x86)/arm gnu toolchain arm-none-eabi/12.2 mpacbti-rel1/bin/../lib/gcc/arm-none-eabi/12.2.1/thumb/v7e-m/nofp\libc.a(libc_a-strcpy.o)
 .text          0x080011c0       0xa0 c:/program files (x86)/arm gnu toolchain arm-none-eabi/12.2 mpacbti-rel1/bin/../lib/gcc/arm-none-eabi/12.2.1/thumb/v7e-m/nofp\libc.a(libc_a-memchr.o)
                0x080011c0                memchr
 *fill*         0x08001260       0x20 
 .text          0x08001280       0xd8 c:/program files (x86)/arm gnu toolchain arm-none-eabi/12.2 mpacbti-rel1/bin/../lib/gcc/arm-none-eabi/12.2.1/thumb/v7e-m/nofp\libc.a(libc_a-strlen.o)
                0x08001280                strlen
 .text          0x08001358        0x0 c:/program files (x86)/arm gnu toolchain arm-none-eabi/12.2 mpacbti-rel1/bin/../lib/gcc/arm-none-eabi/12.2.1/thumb/v7e-m/nofp\libc.a(libm_a-s_frexp.o)
 .text          0x08001358        0x0 c:/program files (x86)/arm gnu toolchain arm-none-eabi/12.2 mpacbti-rel1/bin/../lib/gcc/arm-none-eabi/12.2.1/thumb/v7e-m/nofp\libc.a(libc_a-dtoa.o)
 .text          0x08001358        0x0 c:/program files (x86)/arm gnu toolchain arm-none-eabi/12.2 mpacbti-rel1/bin/../lib/gcc/arm-none-eabi/12.2.1/thumb/v7e-m/nofp\libc.a(libc_a-getenv_r.o)
 .text          0x08001358        0x0 c:/program files (x86)/arm gnu toolchain arm-none-eabi/12.2 mpacbti-rel1/bin/../lib/gcc/arm-none-eabi/12.2.1/thumb/v7e-m/nofp\libc.a(libc_a-mbtowc_r.o)
 .text          0x08001358        0x0 c:/program files (x86)/arm gnu toolchain arm-none-eabi/12.2 mpacbti-rel1/bin/../lib/gcc/arm-none-eabi/12.2.1/thumb/v7e-m/nofp\libc.a(libc_a-mprec.o)
 .text          0x08001358        0x0 c:/program files (x86)/arm gnu toolchain arm-none-eabi/12.2 mpacbti-rel1/bin/../lib/gcc/arm-none-eabi/12.2.1/thumb/v7e-m/nofp\libc.a(libc_a-strtol.o)
 .text          0x08001358        0x0 c:/program files (x86)/arm gnu toolchain arm-none-eabi/12.2 mpacbti-rel1/bin/../lib/gcc/arm-none-eabi/12.2.1/thumb/v7e-m/nofp\libc.a(libc_a-wctomb_r.o)
 .text          0x08001358        0x0 c:/program files (x86)/arm gnu toolchain arm-none-eabi/12.2 mpacbti-rel1/bin/../lib/gcc/arm-none-eabi/12.2.1/thumb/v7e-m/nofp\libc.a(libc_a-wcrtomb.o)
 .text          0x08001358        0x0 c:/program files (x86)/arm gnu toolchain arm-none-eabi/12.2 mpacbti-rel1/bin/../lib/gcc/arm-none-eabi/12.2.1/thumb/v7e-m/nofp\libc.a(libc_a-wcsrtombs.o)
 .text          0x08001358        0x0 c:/program files (x86)/arm gnu toolchain arm-none-eabi/12.2 mpacbti-rel1/bin/../lib/gcc/arm-none-eabi/12.2.1/thumb/v7e-m/nofp\libc.a(libc_a-ctype_.o)
 .text          0x08001358        0x0 c:/program files (x86)/arm gnu toolchain arm-none-eabi/12.2 mpacbti-rel1/bin/../lib/gcc/arm-none-eabi/12.2.1/thumb/v7e-m/nofp\libc.a(libc_a-svfiprintf.o)
 .text          0x08001358        0x0 c:/program files (x86)/arm gnu toolchain arm-none-eabi/12.2 mpacbti-rel1/bin/../lib/gcc/arm-none-eabi/12.2.1/thumb/v7e-m/nofp\libc.a(libc_a-memmove.o)
 .text          0x08001358        0x0 c:/program files (x86)/arm gnu toolchain arm-none-eabi/12.2 mpacbti-rel1/bin/../lib/gcc/arm-none-eabi/12.2.1/thumb/v7e-m/nofp\libc.a(libc_a-strcasecmp.o)
 .text          0x08001358        0x0 c:/program files (x86)/arm gnu toolchain arm-none-eabi/12.2 mpacbti-rel1/bin/../lib/gcc/arm-none-eabi/12.2.1/thumb/v7e-m/nofp\libc.a(libc_a-strcat.o)
 .text          0x08001358        0x0 c:/program files (x86)/arm gnu toolchain arm-none-eabi/12.2 mpacbti-rel1/bin/../lib/gcc/arm-none-eabi/12.2.1/thumb/v7e-m/nofp\libc.a(libc_a-strchr.o)
 .text          0x08001358        0x0 c:/program files (x86)/arm gnu toolchain arm-none-eabi/12.2 mpacbti-rel1/bin/../lib/gcc/arm-none-eabi/12.2.1/thumb/v7e-m/nofp\libc.a(libc_a-strlcpy.o)
 .text          0x08001358        0x0 c:/program files (x86)/arm gnu toolchain arm-none-eabi/12.2 mpacbti-rel1/bin/../lib/gcc/arm-none-eabi/12.2.1/thumb/v7e-m/nofp\libc.a(libc_a-strncasecmp.o)
 .text          0x08001358        0x0 c:/program files (x86)/arm gnu toolchain arm-none-eabi/12.2 mpacbti-rel1/bin/../lib/gcc/arm-none-eabi/12.2.1/thumb/v7e-m/nofp\libc.a(libc_a-strncmp.o)
 .text          0x08001358      0x134 c:/program files (x86)/arm gnu toolchain arm-none-eabi/12.2 mpacbti-rel1/bin/../lib/gcc/arm-none-eabi/12.2.1/thumb/v7e-m/nofp\libc.a(libc_a-memcpy.o)
                0x08001358                memcpy
 .text          0x0800148c        0x0 c:/program files (x86)/arm gnu toolchain arm-none-eabi/12.2 mpacbti-rel1/bin/../lib/gcc/arm-none-eabi/12.2.1/thumb/v7e-m/nofp\libc.a(libc_a-assert.o)
 .text          0x0800148c        0x0 c:/program files (x86)/arm gnu toolchain arm-none-eabi/12.2 mpacbti-rel1/bin/../lib/gcc/arm-none-eabi/12.2.1/thumb/v7e-m/nofp\libc.a(libc_a-callocr.o)
 .text          0x0800148c        0x0 c:/program files (x86)/arm gnu toolchain arm-none-eabi/12.2 mpacbti-rel1/bin/../lib/gcc/arm-none-eabi/12.2.1/thumb/v7e-m/nofp\libc.a(libc_a-environ.o)
 .text          0x0800148c        0x0 c:/program files (x86)/arm gnu toolchain arm-none-eabi/12.2 mpacbti-rel1/bin/../lib/gcc/arm-none-eabi/12.2.1/thumb/v7e-m/nofp\libc.a(libc_a-envlock.o)
 .text          0x0800148c        0x0 c:/program files (x86)/arm gnu toolchain arm-none-eabi/12.2 mpacbti-rel1/bin/../lib/gcc/arm-none-eabi/12.2.1/thumb/v7e-m/nofp\libc.a(libc_a-reallocr.o)
 .text          0x0800148c        0x0 c:/program files (x86)/arm gnu toolchain arm-none-eabi/12.2 mpacbti-rel1/bin/../lib/gcc/arm-none-eabi/12.2.1/thumb/v7e-m/nofp\libc.a(libc_a-wcsnrtombs.o)
 .text          0x0800148c        0x0 c:/program files (x86)/arm gnu toolchain arm-none-eabi/12.2 mpacbti-rel1/bin/../lib/gcc/arm-none-eabi/12.2.1/thumb/v7e-m/nofp\libc.a(libc_a-fiprintf.o)
 .text          0x0800148c        0x0 c:/program files (x86)/arm gnu toolchain arm-none-eabi/12.2 mpacbti-rel1/bin/../lib/gcc/arm-none-eabi/12.2.1/thumb/v7e-m/nofp\libc.a(libc_a-vfiprintf.o)
 .text          0x0800148c        0x0 c:/program files (x86)/arm gnu toolchain arm-none-eabi/12.2 mpacbti-rel1/bin/../lib/gcc/arm-none-eabi/12.2.1/thumb/v7e-m/nofp\libc.a(libc_a-fvwrite.o)
 .text          0x0800148c        0x0 c:/program files (x86)/arm gnu toolchain arm-none-eabi/12.2 mpacbti-rel1/bin/../lib/gcc/arm-none-eabi/12.2.1/thumb/v7e-m/nofp\libc.a(libc_a-wsetup.o)
 .text          0x0800148c        0x0 c:/program files (x86)/arm gnu toolchain arm-none-eabi/12.2 mpacbti-rel1/bin/../lib/gcc/arm-none-eabi/12.2.1/thumb/v7e-m/nofp\libc.a(libc_a-fputwc.o)
 .text          0x0800148c        0x0 c:/program files (x86)/arm gnu toolchain arm-none-eabi/12.2 mpacbti-rel1/bin/../lib/gcc/arm-none-eabi/12.2.1/thumb/v7e-m/nofp\libc.a(libc_a-abort.o)
 .text          0x0800148c        0x0 c:/program files (x86)/arm gnu toolchain arm-none-eabi/12.2 mpacbti-rel1/bin/../lib/gcc/arm-none-eabi/12.2.1/thumb/v7e-m/nofp\libc.a(libc_a-makebuf.o)
 .text          0x0800148c        0x0 c:/program files (x86)/arm gnu toolchain arm-none-eabi/12.2 mpacbti-rel1/bin/../lib/gcc/arm-none-eabi/12.2.1/thumb/v7e-m/nofp\libc.a(libc_a-wbuf.o)
 .text          0x0800148c        0x0 c:/program files (x86)/arm gnu toolchain arm-none-eabi/12.2 mpacbti-rel1/bin/../lib/gcc/arm-none-eabi/12.2.1/thumb/v7e-m/nofp\libc.a(libc_a-signal.o)
 .text          0x0800148c        0x0 c:/program files (x86)/arm gnu toolchain arm-none-eabi/12.2 mpacbti-rel1/bin/../lib/gcc/arm-none-eabi/12.2.1/thumb/v7e-m/nofp\libc.a(libc_a-fstatr.o)
 .text          0x0800148c        0x0 c:/program files (x86)/arm gnu toolchain arm-none-eabi/12.2 mpacbti-rel1/bin/../lib/gcc/arm-none-eabi/12.2.1/thumb/v7e-m/nofp\libc.a(libc_a-isattyr.o)
 .text          0x0800148c        0x0 c:/program files (x86)/arm gnu toolchain arm-none-eabi/12.2 mpacbti-rel1/bin/../lib/gcc/arm-none-eabi/12.2.1/thumb/v7e-m/nofp\libc.a(libc_a-signalr.o)
 .text          0x0800148c      0x254 c:/program files (x86)/arm gnu toolchain arm-none-eabi/12.2 mpacbti-rel1/bin/../lib/gcc/arm-none-eabi/12.2.1/thumb/v7e-m/nofp\libgcc.a(_arm_muldf3.o)
 .text          0x080016e0      0x424 c:/program files (x86)/arm gnu toolchain arm-none-eabi/12.2 mpacbti-rel1/bin/../lib/gcc/arm-none-eabi/12.2.1/thumb/v7e-m/nofp\libgcc.a(_arm_muldivdf3.o)
                0x080016e0                __aeabi_dmul
                0x080016e0                __muldf3
                0x08001934                __divdf3
                0x08001934                __aeabi_ddiv
 .text          0x08001b04      0x110 c:/program files (x86)/arm gnu toolchain arm-none-eabi/12.2 mpacbti-rel1/bin/../lib/gcc/arm-none-eabi/12.2.1/thumb/v7e-m/nofp\libgcc.a(_arm_cmpdf2.o)
                0x08001b04                __gtdf2
                0x08001b04                __gedf2
                0x08001b0c                __ltdf2
                0x08001b0c                __ledf2
                0x08001b14                __nedf2
                0x08001b14                __eqdf2
                0x08001b14                __cmpdf2
                0x08001b90                __aeabi_cdrcmple
                0x08001ba0                __aeabi_cdcmpeq
                0x08001ba0                __aeabi_cdcmple
                0x08001bb0                __aeabi_dcmpeq
                0x08001bc4                __aeabi_dcmplt
                0x08001bd8                __aeabi_dcmple
                0x08001bec                __aeabi_dcmpge
                0x08001c00                __aeabi_dcmpgt
 .text          0x08001c14       0x2c c:/program files (x86)/arm gnu toolchain arm-none-eabi/12.2 mpacbti-rel1/bin/../lib/gcc/arm-none-eabi/12.2.1/thumb/v7e-m/nofp\libgcc.a(_arm_unorddf2.o)
                0x08001c14                __unorddf2
                0x08001c14                __aeabi_dcmpun
 .text          0x08001c40       0x50 c:/program files (x86)/arm gnu toolchain arm-none-eabi/12.2 mpacbti-rel1/bin/../lib/gcc/arm-none-eabi/12.2.1/thumb/v7e-m/nofp\libgcc.a(_arm_fixdfsi.o)
                0x08001c40                __aeabi_d2iz
                0x08001c40                __fixdfsi
 .text          0x08001c90        0x0 c:/program files (x86)/arm gnu toolchain arm-none-eabi/12.2 mpacbti-rel1/bin/../lib/gcc/arm-none-eabi/12.2.1/thumb/v7e-m/nofp\librdimon.a(arm_librdimon_a-_exit.o)
 .text          0x08001c90        0x0 c:/program files (x86)/arm gnu toolchain arm-none-eabi/12.2 mpacbti-rel1/bin/../lib/gcc/arm-none-eabi/12.2.1/thumb/v7e-m/nofp\librdimon.a(arm_librdimon_a-_kill.o)
 .text          0x08001c90        0x0 c:/program files (x86)/arm gnu toolchain arm-none-eabi/12.2 mpacbti-rel1/bin/../lib/gcc/arm-none-eabi/12.2.1/thumb/v7e-m/nofp\librdimon.a(arm_librdimon_a-syscalls.o)
 .text          0x08001c90        0x0 c:/program files (x86)/arm gnu toolchain arm-none-eabi/12.2 mpacbti-rel1/bin/../lib/gcc/arm-none-eabi/12.2.1/thumb/v7e-m/nofp/crtend.o
 .text          0x08001c90        0x0 c:/program files (x86)/arm gnu toolchain arm-none-eabi/12.2 mpacbti-rel1/bin/../lib/gcc/arm-none-eabi/12.2.1/thumb/v7e-m/nofp/crtn.o
 *(.text.*)
 .text.deregister_tm_clones
                0x08001c90       0x1c c:/program files (x86)/arm gnu toolchain arm-none-eabi/12.2 mpacbti-rel1/bin/../lib/gcc/arm-none-eabi/12.2.1/thumb/v7e-m/nofp/crtbegin.o
 .text.register_tm_clones
                0x08001cac       0x24 c:/program files (x86)/arm gnu toolchain arm-none-eabi/12.2 mpacbti-rel1/bin/../lib/gcc/arm-none-eabi/12.2.1/thumb/v7e-m/nofp/crtbegin.o
 .text.__do_global_dtors_aux
                0x08001cd0       0x28 c:/program files (x86)/arm gnu toolchain arm-none-eabi/12.2 mpacbti-rel1/bin/../lib/gcc/arm-none-eabi/12.2.1/thumb/v7e-m/nofp/crtbegin.o
 .text.frame_dummy
                0x08001cf8       0x24 c:/program files (x86)/arm gnu toolchain arm-none-eabi/12.2 mpacbti-rel1/bin/../lib/gcc/arm-none-eabi/12.2.1/thumb/v7e-m/nofp/crtbegin.o
 .text.exit     0x08001d1c       0x1c c:/program files (x86)/arm gnu toolchain arm-none-eabi/12.2 mpacbti-rel1/bin/../lib/gcc/arm-none-eabi/12.2.1/thumb/v7e-m/nofp\libc.a(libc_a-exit.o)
                0x08001d1c                exit
 .text.stdio_exit_handler
                0x08001d38       0x18 c:/program files (x86)/arm gnu toolchain arm-none-eabi/12.2 mpacbti-rel1/bin/../lib/gcc/arm-none-eabi/12.2.1/thumb/v7e-m/nofp\libc.a(libc_a-findfp.o)
 .text.cleanup_stdio
                0x08001d50       0x40 c:/program files (x86)/arm gnu toolchain arm-none-eabi/12.2 mpacbti-rel1/bin/../lib/gcc/arm-none-eabi/12.2.1/thumb/v7e-m/nofp\libc.a(libc_a-findfp.o)
 .text.__fp_lock
                0x08001d90       0x1c c:/program files (x86)/arm gnu toolchain arm-none-eabi/12.2 mpacbti-rel1/bin/../lib/gcc/arm-none-eabi/12.2.1/thumb/v7e-m/nofp\libc.a(libc_a-findfp.o)
 .text.__fp_unlock
                0x08001dac       0x1c c:/program files (x86)/arm gnu toolchain arm-none-eabi/12.2 mpacbti-rel1/bin/../lib/gcc/arm-none-eabi/12.2.1/thumb/v7e-m/nofp\libc.a(libc_a-findfp.o)
 .text.global_stdio_init.part.0
                0x08001dc8       0xf0 c:/program files (x86)/arm gnu toolchain arm-none-eabi/12.2 mpacbti-rel1/bin/../lib/gcc/arm-none-eabi/12.2.1/thumb/v7e-m/nofp\libc.a(libc_a-findfp.o)
 .text.__sfp    0x08001eb8       0xc0 c:/program files (x86)/arm gnu toolchain arm-none-eabi/12.2 mpacbti-rel1/bin/../lib/gcc/arm-none-eabi/12.2.1/thumb/v7e-m/nofp\libc.a(libc_a-findfp.o)
                0x08001eb8                __sfp
 .text.__sinit  0x08001f78       0x3c c:/program files (x86)/arm gnu toolchain arm-none-eabi/12.2 mpacbti-rel1/bin/../lib/gcc/arm-none-eabi/12.2.1/thumb/v7e-m/nofp\libc.a(libc_a-findfp.o)
                0x08001f78                __sinit
 .text.__sfp_lock_acquire
                0x08001fb4        0xc c:/program files (x86)/arm gnu toolchain arm-none-eabi/12.2 mpacbti-rel1/bin/../lib/gcc/arm-none-eabi/12.2.1/thumb/v7e-m/nofp\libc.a(libc_a-findfp.o)
                0x08001fb4                __sfp_lock_acquire
 .text.__sfp_lock_release
                0x08001fc0        0xc c:/program files (x86)/arm gnu toolchain arm-none-eabi/12.2 mpacbti-rel1/bin/../lib/gcc/arm-none-eabi/12.2.1/thumb/v7e-m/nofp\libc.a(libc_a-findfp.o)
                0x08001fc0                __sfp_lock_release
 .text.__fp_lock_all
                0x08001fcc       0x24 c:/program files (x86)/arm gnu toolchain arm-none-eabi/12.2 mpacbti-rel1/bin/../lib/gcc/arm-none-eabi/12.2.1/thumb/v7e-m/nofp\libc.a(libc_a-findfp.o)
                0x08001fcc                __fp_lock_all
 .text.__fp_unlock_all
                0x08001ff0       0x24 c:/program files (x86)/arm gnu toolchain arm-none-eabi/12.2 mpacbti-rel1/bin/../lib/gcc/arm-none-eabi/12.2.1/thumb/v7e-m/nofp\libc.a(libc_a-findfp.o)
                0x08001ff0                __fp_unlock_all
 .text._fwalk_sglue
                0x08002014       0x48 c:/program files (x86)/arm gnu toolchain arm-none-eabi/12.2 mpacbti-rel1/bin/../lib/gcc/arm-none-eabi/12.2.1/thumb/v7e-m/nofp\libc.a(libc_a-fwalk.o)
                0x08002014                _fwalk_sglue
 .text.__sread  0x0800205c       0x24 c:/program files (x86)/arm gnu toolchain arm-none-eabi/12.2 mpacbti-rel1/bin/../lib/gcc/arm-none-eabi/12.2.1/thumb/v7e-m/nofp\libc.a(libc_a-stdio.o)
                0x0800205c                __sread
 .text.__seofread
                0x08002080        0x4 c:/program files (x86)/arm gnu toolchain arm-none-eabi/12.2 mpacbti-rel1/bin/../lib/gcc/arm-none-eabi/12.2.1/thumb/v7e-m/nofp\libc.a(libc_a-stdio.o)
                0x08002080                __seofread
 .text.__swrite
                0x08002084       0x40 c:/program files (x86)/arm gnu toolchain arm-none-eabi/12.2 mpacbti-rel1/bin/../lib/gcc/arm-none-eabi/12.2.1/thumb/v7e-m/nofp\libc.a(libc_a-stdio.o)
                0x08002084                __swrite
 .text.__sseek  0x080020c4       0x24 c:/program files (x86)/arm gnu toolchain arm-none-eabi/12.2 mpacbti-rel1/bin/../lib/gcc/arm-none-eabi/12.2.1/thumb/v7e-m/nofp\libc.a(libc_a-stdio.o)
                0x080020c4                __sseek
 .text.__sclose
                0x080020e8        0x8 c:/program files (x86)/arm gnu toolchain arm-none-eabi/12.2 mpacbti-rel1/bin/../lib/gcc/arm-none-eabi/12.2.1/thumb/v7e-m/nofp\libc.a(libc_a-stdio.o)
                0x080020e8                __sclose
 .text.memset   0x080020f0       0xa4 c:/program files (x86)/arm gnu toolchain arm-none-eabi/12.2 mpacbti-rel1/bin/../lib/gcc/arm-none-eabi/12.2.1/thumb/v7e-m/nofp\libc.a(libc_a-memset.o)
                0x080020f0                memset
 .text._close_r
                0x08002194       0x24 c:/program files (x86)/arm gnu toolchain arm-none-eabi/12.2 mpacbti-rel1/bin/../lib/gcc/arm-none-eabi/12.2.1/thumb/v7e-m/nofp\libc.a(libc_a-closer.o)
                0x08002194                _close_r
 .text._reclaim_reent
                0x080021b8       0x5c c:/program files (x86)/arm gnu toolchain arm-none-eabi/12.2 mpacbti-rel1/bin/../lib/gcc/arm-none-eabi/12.2.1/thumb/v7e-m/nofp\libc.a(libc_a-reent.o)
                0x080021b8                _reclaim_reent
 .text._lseek_r
                0x08002214       0x2c c:/program files (x86)/arm gnu toolchain arm-none-eabi/12.2 mpacbti-rel1/bin/../lib/gcc/arm-none-eabi/12.2.1/thumb/v7e-m/nofp\libc.a(libc_a-lseekr.o)
                0x08002214                _lseek_r
 .text._read_r  0x08002240       0x2c c:/program files (x86)/arm gnu toolchain arm-none-eabi/12.2 mpacbti-rel1/bin/../lib/gcc/arm-none-eabi/12.2.1/thumb/v7e-m/nofp\libc.a(libc_a-readr.o)
                0x08002240                _read_r
 .text._write_r
                0x0800226c       0x2c c:/program files (x86)/arm gnu toolchain arm-none-eabi/12.2 mpacbti-rel1/bin/../lib/gcc/arm-none-eabi/12.2.1/thumb/v7e-m/nofp\libc.a(libc_a-writer.o)
                0x0800226c                _write_r
 .text.__libc_init_array
                0x08002298       0x50 c:/program files (x86)/arm gnu toolchain arm-none-eabi/12.2 mpacbti-rel1/bin/../lib/gcc/arm-none-eabi/12.2.1/thumb/v7e-m/nofp\libc.a(libc_a-init.o)
                0x08002298                __libc_init_array
 .text.__retarget_lock_init
                0x080022e8        0x4 c:/program files (x86)/arm gnu toolchain arm-none-eabi/12.2 mpacbti-rel1/bin/../lib/gcc/arm-none-eabi/12.2.1/thumb/v7e-m/nofp\libc.a(libc_a-lock.o)
                0x080022e8                __retarget_lock_init
 .text.__retarget_lock_init_recursive
                0x080022ec        0x4 c:/program files (x86)/arm gnu toolchain arm-none-eabi/12.2 mpacbti-rel1/bin/../lib/gcc/arm-none-eabi/12.2.1/thumb/v7e-m/nofp\libc.a(libc_a-lock.o)
                0x080022ec                __retarget_lock_init_recursive
 .text.__retarget_lock_close
                0x080022f0        0x4 c:/program files (x86)/arm gnu toolchain arm-none-eabi/12.2 mpacbti-rel1/bin/../lib/gcc/arm-none-eabi/12.2.1/thumb/v7e-m/nofp\libc.a(libc_a-lock.o)
                0x080022f0                __retarget_lock_close
 .text.__retarget_lock_close_recursive
                0x080022f4        0x4 c:/program files (x86)/arm gnu toolchain arm-none-eabi/12.2 mpacbti-rel1/bin/../lib/gcc/arm-none-eabi/12.2.1/thumb/v7e-m/nofp\libc.a(libc_a-lock.o)
                0x080022f4                __retarget_lock_close_recursive
 .text.__retarget_lock_acquire
                0x080022f8        0x4 c:/program files (x86)/arm gnu toolchain arm-none-eabi/12.2 mpacbti-rel1/bin/../lib/gcc/arm-none-eabi/12.2.1/thumb/v7e-m/nofp\libc.a(libc_a-lock.o)
                0x080022f8                __retarget_lock_acquire
 .text.__retarget_lock_acquire_recursive
                0x080022fc        0x4 c:/program files (x86)/arm gnu toolchain arm-none-eabi/12.2 mpacbti-rel1/bin/../lib/gcc/arm-none-eabi/12.2.1/thumb/v7e-m/nofp\libc.a(libc_a-lock.o)
                0x080022fc                __retarget_lock_acquire_recursive
 .text.__retarget_lock_try_acquire
                0x08002300        0x4 c:/program files (x86)/arm gnu toolchain arm-none-eabi/12.2 mpacbti-rel1/bin/../lib/gcc/arm-none-eabi/12.2.1/thumb/v7e-m/nofp\libc.a(libc_a-lock.o)
                0x08002300                __retarget_lock_try_acquire
 .text.__retarget_lock_try_acquire_recursive
                0x08002304        0x4 c:/program files (x86)/arm gnu toolchain arm-none-eabi/12.2 mpacbti-rel1/bin/../lib/gcc/arm-none-eabi/12.2.1/thumb/v7e-m/nofp\libc.a(libc_a-lock.o)
                0x08002304                __retarget_lock_try_acquire_recursive
 .text.__retarget_lock_release
                0x08002308        0x4 c:/program files (x86)/arm gnu toolchain arm-none-eabi/12.2 mpacbti-rel1/bin/../lib/gcc/arm-none-eabi/12.2.1/thumb/v7e-m/nofp\libc.a(libc_a-lock.o)
                0x08002308                __retarget_lock_release
 .text.__retarget_lock_release_recursive
                0x0800230c        0x4 c:/program files (x86)/arm gnu toolchain arm-none-eabi/12.2 mpacbti-rel1/bin/../lib/gcc/arm-none-eabi/12.2.1/thumb/v7e-m/nofp\libc.a(libc_a-lock.o)
                0x0800230c                __retarget_lock_release_recursive
 .text.startup.register_fini
                0x08002310       0x14 c:/program files (x86)/arm gnu toolchain arm-none-eabi/12.2 mpacbti-rel1/bin/../lib/gcc/arm-none-eabi/12.2.1/thumb/v7e-m/nofp\libc.a(libc_a-__call_atexit.o)
 .text.__call_exitprocs
                0x08002324       0xb4 c:/program files (x86)/arm gnu toolchain arm-none-eabi/12.2 mpacbti-rel1/bin/../lib/gcc/arm-none-eabi/12.2.1/thumb/v7e-m/nofp\libc.a(libc_a-__call_atexit.o)
                0x08002324                __call_exitprocs
 .text.atexit   0x080023d8        0xc c:/program files (x86)/arm gnu toolchain arm-none-eabi/12.2 mpacbti-rel1/bin/../lib/gcc/arm-none-eabi/12.2.1/thumb/v7e-m/nofp\libc.a(libc_a-atexit.o)
                0x080023d8                atexit
 .text._malloc_trim_r
                0x080023e4       0xb8 c:/program files (x86)/arm gnu toolchain arm-none-eabi/12.2 mpacbti-rel1/bin/../lib/gcc/arm-none-eabi/12.2.1/thumb/v7e-m/nofp\libc.a(libc_a-freer.o)
                0x080023e4                _malloc_trim_r
 .text._free_r  0x0800249c      0x1fc c:/program files (x86)/arm gnu toolchain arm-none-eabi/12.2 mpacbti-rel1/bin/../lib/gcc/arm-none-eabi/12.2.1/thumb/v7e-m/nofp\libc.a(libc_a-freer.o)
                0x0800249c                _free_r
 .text._malloc_r
                0x08002698      0x574 c:/program files (x86)/arm gnu toolchain arm-none-eabi/12.2 mpacbti-rel1/bin/../lib/gcc/arm-none-eabi/12.2.1/thumb/v7e-m/nofp\libc.a(libc_a-mallocr.o)
                0x08002698                _malloc_r
 .text.__malloc_lock
                0x08002c0c        0xc c:/program files (x86)/arm gnu toolchain arm-none-eabi/12.2 mpacbti-rel1/bin/../lib/gcc/arm-none-eabi/12.2.1/thumb/v7e-m/nofp\libc.a(libc_a-mlock.o)
                0x08002c0c                __malloc_lock
 .text.__malloc_unlock
                0x08002c18        0xc c:/program files (x86)/arm gnu toolchain arm-none-eabi/12.2 mpacbti-rel1/bin/../lib/gcc/arm-none-eabi/12.2.1/thumb/v7e-m/nofp\libc.a(libc_a-mlock.o)
                0x08002c18                __malloc_unlock
 .text._fclose_r
                0x08002c24       0xc0 c:/program files (x86)/arm gnu toolchain arm-none-eabi/12.2 mpacbti-rel1/bin/../lib/gcc/arm-none-eabi/12.2.1/thumb/v7e-m/nofp\libc.a(libc_a-fclose.o)
                0x08002c24                _fclose_r
 .text.fclose   0x08002ce4       0x10 c:/program files (x86)/arm gnu toolchain arm-none-eabi/12.2 mpacbti-rel1/bin/../lib/gcc/arm-none-eabi/12.2.1/thumb/v7e-m/nofp\libc.a(libc_a-fclose.o)
                0x08002ce4                fclose
 .text.__sflush_r
                0x08002cf4      0x128 c:/program files (x86)/arm gnu toolchain arm-none-eabi/12.2 mpacbti-rel1/bin/../lib/gcc/arm-none-eabi/12.2.1/thumb/v7e-m/nofp\libc.a(libc_a-fflush.o)
                0x08002cf4                __sflush_r
 .text._fflush_r
                0x08002e1c       0x54 c:/program files (x86)/arm gnu toolchain arm-none-eabi/12.2 mpacbti-rel1/bin/../lib/gcc/arm-none-eabi/12.2.1/thumb/v7e-m/nofp\libc.a(libc_a-fflush.o)
                0x08002e1c                _fflush_r
 .text.fflush   0x08002e70       0x74 c:/program files (x86)/arm gnu toolchain arm-none-eabi/12.2 mpacbti-rel1/bin/../lib/gcc/arm-none-eabi/12.2.1/thumb/v7e-m/nofp\libc.a(libc_a-fflush.o)
                0x08002e70                fflush
 .text._sbrk_r  0x08002ee4       0x24 c:/program files (x86)/arm gnu toolchain arm-none-eabi/12.2 mpacbti-rel1/bin/../lib/gcc/arm-none-eabi/12.2.1/thumb/v7e-m/nofp\libc.a(libc_a-sbrkr.o)
                0x08002ee4                _sbrk_r
 .text.__libc_fini_array
                0x08002f08       0x28 c:/program files (x86)/arm gnu toolchain arm-none-eabi/12.2 mpacbti-rel1/bin/../lib/gcc/arm-none-eabi/12.2.1/thumb/v7e-m/nofp\libc.a(libc_a-fini.o)
                0x08002f08                __libc_fini_array
 .text.sysconf  0x08002f30       0x1c c:/program files (x86)/arm gnu toolchain arm-none-eabi/12.2 mpacbti-rel1/bin/../lib/gcc/arm-none-eabi/12.2.1/thumb/v7e-m/nofp\libc.a(libc_a-sysconf.o)
                0x08002f30                sysconf
 .text.__register_exitproc
                0x08002f4c       0x80 c:/program files (x86)/arm gnu toolchain arm-none-eabi/12.2 mpacbti-rel1/bin/../lib/gcc/arm-none-eabi/12.2.1/thumb/v7e-m/nofp\libc.a(libc_a-__atexit.o)
                0x08002f4c                __register_exitproc
 .text.__errno  0x08002fcc        0xc c:/program files (x86)/arm gnu toolchain arm-none-eabi/12.2 mpacbti-rel1/bin/../lib/gcc/arm-none-eabi/12.2.1/thumb/v7e-m/nofp\libc.a(libc_a-errno.o)
                0x08002fcc                __errno
 .text.vsnprintf
                0x08002fd8       0x70 c:/program files (x86)/arm gnu toolchain arm-none-eabi/12.2 mpacbti-rel1/bin/../lib/gcc/arm-none-eabi/12.2.1/thumb/v7e-m/nofp\libc.a(libc_a-vsnprintf.o)
                0x08002fd8                vsnprintf
 .text._vsnprintf_r
                0x08003048       0x70 c:/program files (x86)/arm gnu toolchain arm-none-eabi/12.2 mpacbti-rel1/bin/../lib/gcc/arm-none-eabi/12.2.1/thumb/v7e-m/nofp\libc.a(libc_a-vsnprintf.o)
                0x08003048                _vsnprintf_r
 .text._svfprintf_r
                0x080030b8     0x1b98 c:/program files (x86)/arm gnu toolchain arm-none-eabi/12.2 mpacbti-rel1/bin/../lib/gcc/arm-none-eabi/12.2.1/thumb/v7e-m/nofp\libc.a(libc_a-svfprintf.o)
                0x080030b8                _svfprintf_r
 .text.strncpy  0x08004c50       0x68 c:/program files (x86)/arm gnu toolchain arm-none-eabi/12.2 mpacbti-rel1/bin/../lib/gcc/arm-none-eabi/12.2.1/thumb/v7e-m/nofp\libc.a(libc_a-strncpy.o)
                0x08004c50                strncpy
 .text.currentlocale
                0x08004cb8       0x58 c:/program files (x86)/arm gnu toolchain arm-none-eabi/12.2 mpacbti-rel1/bin/../lib/gcc/arm-none-eabi/12.2.1/thumb/v7e-m/nofp\libc.a(libc_a-locale.o)
 .text.__loadlocale
                0x08004d10      0x6c0 c:/program files (x86)/arm gnu toolchain arm-none-eabi/12.2 mpacbti-rel1/bin/../lib/gcc/arm-none-eabi/12.2.1/thumb/v7e-m/nofp\libc.a(libc_a-locale.o)
                0x08004d10                __loadlocale
 .text.__get_locale_env
                0x080053d0       0x50 c:/program files (x86)/arm gnu toolchain arm-none-eabi/12.2 mpacbti-rel1/bin/../lib/gcc/arm-none-eabi/12.2.1/thumb/v7e-m/nofp\libc.a(libc_a-locale.o)
                0x080053d0                __get_locale_env
 .text._setlocale_r
                0x08005420      0x228 c:/program files (x86)/arm gnu toolchain arm-none-eabi/12.2 mpacbti-rel1/bin/../lib/gcc/arm-none-eabi/12.2.1/thumb/v7e-m/nofp\libc.a(libc_a-locale.o)
                0x08005420                _setlocale_r
 .text.__locale_mb_cur_max
                0x08005648        0xc c:/program files (x86)/arm gnu toolchain arm-none-eabi/12.2 mpacbti-rel1/bin/../lib/gcc/arm-none-eabi/12.2.1/thumb/v7e-m/nofp\libc.a(libc_a-locale.o)
                0x08005648                __locale_mb_cur_max
 .text.setlocale
                0x08005654       0x18 c:/program files (x86)/arm gnu toolchain arm-none-eabi/12.2 mpacbti-rel1/bin/../lib/gcc/arm-none-eabi/12.2.1/thumb/v7e-m/nofp\libc.a(libc_a-locale.o)
                0x08005654                setlocale
 .text.__localeconv_l
                0x0800566c        0x4 c:/program files (x86)/arm gnu toolchain arm-none-eabi/12.2 mpacbti-rel1/bin/../lib/gcc/arm-none-eabi/12.2.1/thumb/v7e-m/nofp\libc.a(libc_a-localeconv.o)
                0x0800566c                __localeconv_l
 .text._localeconv_r
                0x08005670        0x8 c:/program files (x86)/arm gnu toolchain arm-none-eabi/12.2 mpacbti-rel1/bin/../lib/gcc/arm-none-eabi/12.2.1/thumb/v7e-m/nofp\libc.a(libc_a-localeconv.o)
                0x08005670                _localeconv_r
 .text.localeconv
                0x08005678        0x8 c:/program files (x86)/arm gnu toolchain arm-none-eabi/12.2 mpacbti-rel1/bin/../lib/gcc/arm-none-eabi/12.2.1/thumb/v7e-m/nofp\libc.a(libc_a-localeconv.o)
                0x08005678                localeconv
 .text.strcpy   0x08005680       0xbc c:/program files (x86)/arm gnu toolchain arm-none-eabi/12.2 mpacbti-rel1/bin/../lib/gcc/arm-none-eabi/12.2.1/thumb/v7e-m/nofp\libc.a(libc_a-strcpy.o)
                0x08005680                strcpy
 .text.frexp    0x0800573c       0x70 c:/program files (x86)/arm gnu toolchain arm-none-eabi/12.2 mpacbti-rel1/bin/../lib/gcc/arm-none-eabi/12.2.1/thumb/v7e-m/nofp\libc.a(libm_a-s_frexp.o)
                0x0800573c                frexp
 .text.quorem   0x080057ac      0x12c c:/program files (x86)/arm gnu toolchain arm-none-eabi/12.2 mpacbti-rel1/bin/../lib/gcc/arm-none-eabi/12.2.1/thumb/v7e-m/nofp\libc.a(libc_a-dtoa.o)
 .text._dtoa_r  0x080058d8      0xe48 c:/program files (x86)/arm gnu toolchain arm-none-eabi/12.2 mpacbti-rel1/bin/../lib/gcc/arm-none-eabi/12.2.1/thumb/v7e-m/nofp\libc.a(libc_a-dtoa.o)
                0x080058d8                _dtoa_r
 .text._findenv_r
                0x08006720       0x80 c:/program files (x86)/arm gnu toolchain arm-none-eabi/12.2 mpacbti-rel1/bin/../lib/gcc/arm-none-eabi/12.2.1/thumb/v7e-m/nofp\libc.a(libc_a-getenv_r.o)
                0x08006720                _findenv_r
 .text._getenv_r
                0x080067a0       0x10 c:/program files (x86)/arm gnu toolchain arm-none-eabi/12.2 mpacbti-rel1/bin/../lib/gcc/arm-none-eabi/12.2.1/thumb/v7e-m/nofp\libc.a(libc_a-getenv_r.o)
                0x080067a0                _getenv_r
 .text._mbtowc_r
                0x080067b0       0x14 c:/program files (x86)/arm gnu toolchain arm-none-eabi/12.2 mpacbti-rel1/bin/../lib/gcc/arm-none-eabi/12.2.1/thumb/v7e-m/nofp\libc.a(libc_a-mbtowc_r.o)
                0x080067b0                _mbtowc_r
 .text.__ascii_mbtowc
                0x080067c4       0x2c c:/program files (x86)/arm gnu toolchain arm-none-eabi/12.2 mpacbti-rel1/bin/../lib/gcc/arm-none-eabi/12.2.1/thumb/v7e-m/nofp\libc.a(libc_a-mbtowc_r.o)
                0x080067c4                __ascii_mbtowc
 .text.__utf8_mbtowc
                0x080067f0      0x1d4 c:/program files (x86)/arm gnu toolchain arm-none-eabi/12.2 mpacbti-rel1/bin/../lib/gcc/arm-none-eabi/12.2.1/thumb/v7e-m/nofp\libc.a(libc_a-mbtowc_r.o)
                0x080067f0                __utf8_mbtowc
 .text.__sjis_mbtowc
                0x080069c4       0x90 c:/program files (x86)/arm gnu toolchain arm-none-eabi/12.2 mpacbti-rel1/bin/../lib/gcc/arm-none-eabi/12.2.1/thumb/v7e-m/nofp\libc.a(libc_a-mbtowc_r.o)
                0x080069c4                __sjis_mbtowc
 .text.__eucjp_mbtowc
                0x08006a54       0xc0 c:/program files (x86)/arm gnu toolchain arm-none-eabi/12.2 mpacbti-rel1/bin/../lib/gcc/arm-none-eabi/12.2.1/thumb/v7e-m/nofp\libc.a(libc_a-mbtowc_r.o)
                0x08006a54                __eucjp_mbtowc
 .text.__jis_mbtowc
                0x08006b14      0x140 c:/program files (x86)/arm gnu toolchain arm-none-eabi/12.2 mpacbti-rel1/bin/../lib/gcc/arm-none-eabi/12.2.1/thumb/v7e-m/nofp\libc.a(libc_a-mbtowc_r.o)
                0x08006b14                __jis_mbtowc
 .text._Balloc  0x08006c54       0x4c c:/program files (x86)/arm gnu toolchain arm-none-eabi/12.2 mpacbti-rel1/bin/../lib/gcc/arm-none-eabi/12.2.1/thumb/v7e-m/nofp\libc.a(libc_a-mprec.o)
                0x08006c54                _Balloc
 .text._Bfree   0x08006ca0       0x14 c:/program files (x86)/arm gnu toolchain arm-none-eabi/12.2 mpacbti-rel1/bin/../lib/gcc/arm-none-eabi/12.2.1/thumb/v7e-m/nofp\libc.a(libc_a-mprec.o)
                0x08006ca0                _Bfree
 .text.__multadd
                0x08006cb4       0xa0 c:/program files (x86)/arm gnu toolchain arm-none-eabi/12.2 mpacbti-rel1/bin/../lib/gcc/arm-none-eabi/12.2.1/thumb/v7e-m/nofp\libc.a(libc_a-mprec.o)
                0x08006cb4                __multadd
 .text.__s2b    0x08006d54       0xb0 c:/program files (x86)/arm gnu toolchain arm-none-eabi/12.2 mpacbti-rel1/bin/../lib/gcc/arm-none-eabi/12.2.1/thumb/v7e-m/nofp\libc.a(libc_a-mprec.o)
                0x08006d54                __s2b
 .text.__hi0bits
                0x08006e04       0x44 c:/program files (x86)/arm gnu toolchain arm-none-eabi/12.2 mpacbti-rel1/bin/../lib/gcc/arm-none-eabi/12.2.1/thumb/v7e-m/nofp\libc.a(libc_a-mprec.o)
                0x08006e04                __hi0bits
 .text.__lo0bits
                0x08006e48       0x60 c:/program files (x86)/arm gnu toolchain arm-none-eabi/12.2 mpacbti-rel1/bin/../lib/gcc/arm-none-eabi/12.2.1/thumb/v7e-m/nofp\libc.a(libc_a-mprec.o)
                0x08006e48                __lo0bits
 .text.__i2b    0x08006ea8       0x5c c:/program files (x86)/arm gnu toolchain arm-none-eabi/12.2 mpacbti-rel1/bin/../lib/gcc/arm-none-eabi/12.2.1/thumb/v7e-m/nofp\libc.a(libc_a-mprec.o)
                0x08006ea8                __i2b
 .text.__multiply
                0x08006f04      0x16c c:/program files (x86)/arm gnu toolchain arm-none-eabi/12.2 mpacbti-rel1/bin/../lib/gcc/arm-none-eabi/12.2.1/thumb/v7e-m/nofp\libc.a(libc_a-mprec.o)
                0x08006f04                __multiply
 .text.__pow5mult
                0x08007070       0xb4 c:/program files (x86)/arm gnu toolchain arm-none-eabi/12.2 mpacbti-rel1/bin/../lib/gcc/arm-none-eabi/12.2.1/thumb/v7e-m/nofp\libc.a(libc_a-mprec.o)
                0x08007070                __pow5mult
 .text.__lshift
                0x08007124       0xf0 c:/program files (x86)/arm gnu toolchain arm-none-eabi/12.2 mpacbti-rel1/bin/../lib/gcc/arm-none-eabi/12.2.1/thumb/v7e-m/nofp\libc.a(libc_a-mprec.o)
                0x08007124                __lshift
 .text.__mcmp   0x08007214       0x40 c:/program files (x86)/arm gnu toolchain arm-none-eabi/12.2 mpacbti-rel1/bin/../lib/gcc/arm-none-eabi/12.2.1/thumb/v7e-m/nofp\libc.a(libc_a-mprec.o)
                0x08007214                __mcmp
 .text.__mdiff  0x08007254      0x164 c:/program files (x86)/arm gnu toolchain arm-none-eabi/12.2 mpacbti-rel1/bin/../lib/gcc/arm-none-eabi/12.2.1/thumb/v7e-m/nofp\libc.a(libc_a-mprec.o)
                0x08007254                __mdiff
 .text.__ulp    0x080073b8       0x4c c:/program files (x86)/arm gnu toolchain arm-none-eabi/12.2 mpacbti-rel1/bin/../lib/gcc/arm-none-eabi/12.2.1/thumb/v7e-m/nofp\libc.a(libc_a-mprec.o)
                0x080073b8                __ulp
 .text.__b2d    0x08007404       0xc0 c:/program files (x86)/arm gnu toolchain arm-none-eabi/12.2 mpacbti-rel1/bin/../lib/gcc/arm-none-eabi/12.2.1/thumb/v7e-m/nofp\libc.a(libc_a-mprec.o)
                0x08007404                __b2d
 .text.__d2b    0x080074c4       0xbc c:/program files (x86)/arm gnu toolchain arm-none-eabi/12.2 mpacbti-rel1/bin/../lib/gcc/arm-none-eabi/12.2.1/thumb/v7e-m/nofp\libc.a(libc_a-mprec.o)
                0x080074c4                __d2b
 .text.__ratio  0x08007580       0x54 c:/program files (x86)/arm gnu toolchain arm-none-eabi/12.2 mpacbti-rel1/bin/../lib/gcc/arm-none-eabi/12.2.1/thumb/v7e-m/nofp\libc.a(libc_a-mprec.o)
                0x08007580                __ratio
 .text._mprec_log10
                0x080075d4       0x38 c:/program files (x86)/arm gnu toolchain arm-none-eabi/12.2 mpacbti-rel1/bin/../lib/gcc/arm-none-eabi/12.2.1/thumb/v7e-m/nofp\libc.a(libc_a-mprec.o)
                0x080075d4                _mprec_log10
 .text.__copybits
                0x0800760c       0x5c c:/program files (x86)/arm gnu toolchain arm-none-eabi/12.2 mpacbti-rel1/bin/../lib/gcc/arm-none-eabi/12.2.1/thumb/v7e-m/nofp\libc.a(libc_a-mprec.o)
                0x0800760c                __copybits
 .text.__any_on
                0x08007668       0x58 c:/program files (x86)/arm gnu toolchain arm-none-eabi/12.2 mpacbti-rel1/bin/../lib/gcc/arm-none-eabi/12.2.1/thumb/v7e-m/nofp\libc.a(libc_a-mprec.o)
                0x08007668                __any_on
 .text._strtol_l.constprop.0
                0x080076c0      0x138 c:/program files (x86)/arm gnu toolchain arm-none-eabi/12.2 mpacbti-rel1/bin/../lib/gcc/arm-none-eabi/12.2.1/thumb/v7e-m/nofp\libc.a(libc_a-strtol.o)
 .text._strtol_r
                0x080077f8        0x4 c:/program files (x86)/arm gnu toolchain arm-none-eabi/12.2 mpacbti-rel1/bin/../lib/gcc/arm-none-eabi/12.2.1/thumb/v7e-m/nofp\libc.a(libc_a-strtol.o)
                0x080077f8                _strtol_r
 .text.strtol_l
                0x080077fc       0x18 c:/program files (x86)/arm gnu toolchain arm-none-eabi/12.2 mpacbti-rel1/bin/../lib/gcc/arm-none-eabi/12.2.1/thumb/v7e-m/nofp\libc.a(libc_a-strtol.o)
                0x080077fc                strtol_l
 .text.strtol   0x08007814       0x18 c:/program files (x86)/arm gnu toolchain arm-none-eabi/12.2 mpacbti-rel1/bin/../lib/gcc/arm-none-eabi/12.2.1/thumb/v7e-m/nofp\libc.a(libc_a-strtol.o)
                0x08007814                strtol
 .text._wctomb_r
                0x0800782c       0x14 c:/program files (x86)/arm gnu toolchain arm-none-eabi/12.2 mpacbti-rel1/bin/../lib/gcc/arm-none-eabi/12.2.1/thumb/v7e-m/nofp\libc.a(libc_a-wctomb_r.o)
                0x0800782c                _wctomb_r
 .text.__ascii_wctomb
                0x08007840       0x1c c:/program files (x86)/arm gnu toolchain arm-none-eabi/12.2 mpacbti-rel1/bin/../lib/gcc/arm-none-eabi/12.2.1/thumb/v7e-m/nofp\libc.a(libc_a-wctomb_r.o)
                0x08007840                __ascii_wctomb
 .text.__utf8_wctomb
                0x0800785c       0x9c c:/program files (x86)/arm gnu toolchain arm-none-eabi/12.2 mpacbti-rel1/bin/../lib/gcc/arm-none-eabi/12.2.1/thumb/v7e-m/nofp\libc.a(libc_a-wctomb_r.o)
                0x0800785c                __utf8_wctomb
 .text.__sjis_wctomb
                0x080078f8       0x58 c:/program files (x86)/arm gnu toolchain arm-none-eabi/12.2 mpacbti-rel1/bin/../lib/gcc/arm-none-eabi/12.2.1/thumb/v7e-m/nofp\libc.a(libc_a-wctomb_r.o)
                0x080078f8                __sjis_wctomb
 .text.__eucjp_wctomb
                0x08007950       0x7c c:/program files (x86)/arm gnu toolchain arm-none-eabi/12.2 mpacbti-rel1/bin/../lib/gcc/arm-none-eabi/12.2.1/thumb/v7e-m/nofp\libc.a(libc_a-wctomb_r.o)
                0x08007950                __eucjp_wctomb
 .text.__jis_wctomb
                0x080079cc       0x7c c:/program files (x86)/arm gnu toolchain arm-none-eabi/12.2 mpacbti-rel1/bin/../lib/gcc/arm-none-eabi/12.2.1/thumb/v7e-m/nofp\libc.a(libc_a-wctomb_r.o)
                0x080079cc                __jis_wctomb
 .text._wcrtomb_r
                0x08007a48       0x4c c:/program files (x86)/arm gnu toolchain arm-none-eabi/12.2 mpacbti-rel1/bin/../lib/gcc/arm-none-eabi/12.2.1/thumb/v7e-m/nofp\libc.a(libc_a-wcrtomb.o)
                0x08007a48                _wcrtomb_r
 .text.wcrtomb  0x08007a94       0x58 c:/program files (x86)/arm gnu toolchain arm-none-eabi/12.2 mpacbti-rel1/bin/../lib/gcc/arm-none-eabi/12.2.1/thumb/v7e-m/nofp\libc.a(libc_a-wcrtomb.o)
                0x08007a94                wcrtomb
 .text._wcsrtombs_r
                0x08007aec       0x1c c:/program files (x86)/arm gnu toolchain arm-none-eabi/12.2 mpacbti-rel1/bin/../lib/gcc/arm-none-eabi/12.2.1/thumb/v7e-m/nofp\libc.a(libc_a-wcsrtombs.o)
                0x08007aec                _wcsrtombs_r
 .text.wcsrtombs
                0x08007b08       0x24 c:/program files (x86)/arm gnu toolchain arm-none-eabi/12.2 mpacbti-rel1/bin/../lib/gcc/arm-none-eabi/12.2.1/thumb/v7e-m/nofp\libc.a(libc_a-wcsrtombs.o)
                0x08007b08                wcsrtombs
 .text.__set_ctype
                0x08007b2c        0xc c:/program files (x86)/arm gnu toolchain arm-none-eabi/12.2 mpacbti-rel1/bin/../lib/gcc/arm-none-eabi/12.2.1/thumb/v7e-m/nofp\libc.a(libc_a-ctype_.o)
                0x08007b2c                __set_ctype
 .text.__ssprint_r
                0x08007b38      0x108 c:/program files (x86)/arm gnu toolchain arm-none-eabi/12.2 mpacbti-rel1/bin/../lib/gcc/arm-none-eabi/12.2.1/thumb/v7e-m/nofp\libc.a(libc_a-svfiprintf.o)
                0x08007b38                __ssprint_r
 .text._svfiprintf_r
                0x08007c40      0xd68 c:/program files (x86)/arm gnu toolchain arm-none-eabi/12.2 mpacbti-rel1/bin/../lib/gcc/arm-none-eabi/12.2.1/thumb/v7e-m/nofp\libc.a(libc_a-svfiprintf.o)
                0x08007c40                _svfiprintf_r
 .text.memmove  0x080089a8      0x100 c:/program files (x86)/arm gnu toolchain arm-none-eabi/12.2 mpacbti-rel1/bin/../lib/gcc/arm-none-eabi/12.2.1/thumb/v7e-m/nofp\libc.a(libc_a-memmove.o)
                0x080089a8                memmove
 .text.strcasecmp
                0x08008aa8       0x44 c:/program files (x86)/arm gnu toolchain arm-none-eabi/12.2 mpacbti-rel1/bin/../lib/gcc/arm-none-eabi/12.2.1/thumb/v7e-m/nofp\libc.a(libc_a-strcasecmp.o)
                0x08008aa8                strcasecmp
 .text.strcat   0x08008aec       0x40 c:/program files (x86)/arm gnu toolchain arm-none-eabi/12.2 mpacbti-rel1/bin/../lib/gcc/arm-none-eabi/12.2.1/thumb/v7e-m/nofp\libc.a(libc_a-strcat.o)
                0x08008aec                strcat
 .text.strchr   0x08008b2c       0xd0 c:/program files (x86)/arm gnu toolchain arm-none-eabi/12.2 mpacbti-rel1/bin/../lib/gcc/arm-none-eabi/12.2.1/thumb/v7e-m/nofp\libc.a(libc_a-strchr.o)
                0x08008b2c                strchr
 .text.strlcpy  0x08008bfc       0x48 c:/program files (x86)/arm gnu toolchain arm-none-eabi/12.2 mpacbti-rel1/bin/../lib/gcc/arm-none-eabi/12.2.1/thumb/v7e-m/nofp\libc.a(libc_a-strlcpy.o)
                0x08008bfc                strlcpy
 .text.strncasecmp
                0x08008c44       0x54 c:/program files (x86)/arm gnu toolchain arm-none-eabi/12.2 mpacbti-rel1/bin/../lib/gcc/arm-none-eabi/12.2.1/thumb/v7e-m/nofp\libc.a(libc_a-strncasecmp.o)
                0x08008c44                strncasecmp
 .text.strncmp  0x08008c98       0x84 c:/program files (x86)/arm gnu toolchain arm-none-eabi/12.2 mpacbti-rel1/bin/../lib/gcc/arm-none-eabi/12.2.1/thumb/v7e-m/nofp\libc.a(libc_a-strncmp.o)
                0x08008c98                strncmp
 .text.__assert_func
                0x08008d1c       0x40 c:/program files (x86)/arm gnu toolchain arm-none-eabi/12.2 mpacbti-rel1/bin/../lib/gcc/arm-none-eabi/12.2.1/thumb/v7e-m/nofp\libc.a(libc_a-assert.o)
                0x08008d1c                __assert_func
 .text.__assert
                0x08008d5c        0xc c:/program files (x86)/arm gnu toolchain arm-none-eabi/12.2 mpacbti-rel1/bin/../lib/gcc/arm-none-eabi/12.2.1/thumb/v7e-m/nofp\libc.a(libc_a-assert.o)
                0x08008d5c                __assert
 .text._calloc_r
                0x08008d68       0x6c c:/program files (x86)/arm gnu toolchain arm-none-eabi/12.2 mpacbti-rel1/bin/../lib/gcc/arm-none-eabi/12.2.1/thumb/v7e-m/nofp\libc.a(libc_a-callocr.o)
                0x08008d68                _calloc_r
 .text.__env_lock
                0x08008dd4        0xc c:/program files (x86)/arm gnu toolchain arm-none-eabi/12.2 mpacbti-rel1/bin/../lib/gcc/arm-none-eabi/12.2.1/thumb/v7e-m/nofp\libc.a(libc_a-envlock.o)
                0x08008dd4                __env_lock
 .text.__env_unlock
                0x08008de0        0xc c:/program files (x86)/arm gnu toolchain arm-none-eabi/12.2 mpacbti-rel1/bin/../lib/gcc/arm-none-eabi/12.2.1/thumb/v7e-m/nofp\libc.a(libc_a-envlock.o)
                0x08008de0                __env_unlock
 .text._realloc_r
                0x08008dec      0x344 c:/program files (x86)/arm gnu toolchain arm-none-eabi/12.2 mpacbti-rel1/bin/../lib/gcc/arm-none-eabi/12.2.1/thumb/v7e-m/nofp\libc.a(libc_a-reallocr.o)
                0x08008dec                _realloc_r
 .text._wcsnrtombs_l
                0x08009130       0xec c:/program files (x86)/arm gnu toolchain arm-none-eabi/12.2 mpacbti-rel1/bin/../lib/gcc/arm-none-eabi/12.2.1/thumb/v7e-m/nofp\libc.a(libc_a-wcsnrtombs.o)
                0x08009130                _wcsnrtombs_l
 .text._wcsnrtombs_r
                0x0800921c       0x24 c:/program files (x86)/arm gnu toolchain arm-none-eabi/12.2 mpacbti-rel1/bin/../lib/gcc/arm-none-eabi/12.2.1/thumb/v7e-m/nofp\libc.a(libc_a-wcsnrtombs.o)
                0x0800921c                _wcsnrtombs_r
 .text.wcsnrtombs
                0x08009240       0x2c c:/program files (x86)/arm gnu toolchain arm-none-eabi/12.2 mpacbti-rel1/bin/../lib/gcc/arm-none-eabi/12.2.1/thumb/v7e-m/nofp\libc.a(libc_a-wcsnrtombs.o)
                0x08009240                wcsnrtombs
 .text._fiprintf_r
                0x0800926c       0x1c c:/program files (x86)/arm gnu toolchain arm-none-eabi/12.2 mpacbti-rel1/bin/../lib/gcc/arm-none-eabi/12.2.1/thumb/v7e-m/nofp\libc.a(libc_a-fiprintf.o)
                0x0800926c                _fiprintf_r
 .text.fiprintf
                0x08009288       0x28 c:/program files (x86)/arm gnu toolchain arm-none-eabi/12.2 mpacbti-rel1/bin/../lib/gcc/arm-none-eabi/12.2.1/thumb/v7e-m/nofp\libc.a(libc_a-fiprintf.o)
                0x08009288                fiprintf
 .text.__sprint_r.part.0
                0x080092b0       0x78 c:/program files (x86)/arm gnu toolchain arm-none-eabi/12.2 mpacbti-rel1/bin/../lib/gcc/arm-none-eabi/12.2.1/thumb/v7e-m/nofp\libc.a(libc_a-vfiprintf.o)
 .text.__sprint_r
                0x08009328       0x14 c:/program files (x86)/arm gnu toolchain arm-none-eabi/12.2 mpacbti-rel1/bin/../lib/gcc/arm-none-eabi/12.2.1/thumb/v7e-m/nofp\libc.a(libc_a-vfiprintf.o)
                0x08009328                __sprint_r
 .text._vfiprintf_r
                0x0800933c      0xfac c:/program files (x86)/arm gnu toolchain arm-none-eabi/12.2 mpacbti-rel1/bin/../lib/gcc/arm-none-eabi/12.2.1/thumb/v7e-m/nofp\libc.a(libc_a-vfiprintf.o)
                0x0800933c                _vfiprintf_r
 .text.vfiprintf
                0x0800a2e8       0x18 c:/program files (x86)/arm gnu toolchain arm-none-eabi/12.2 mpacbti-rel1/bin/../lib/gcc/arm-none-eabi/12.2.1/thumb/v7e-m/nofp\libc.a(libc_a-vfiprintf.o)
                0x0800a2e8                vfiprintf
 .text.__sbprintf
                0x0800a300       0x80 c:/program files (x86)/arm gnu toolchain arm-none-eabi/12.2 mpacbti-rel1/bin/../lib/gcc/arm-none-eabi/12.2.1/thumb/v7e-m/nofp\libc.a(libc_a-vfiprintf.o)
 .text.__sfvwrite_r
                0x0800a380      0x2f8 c:/program files (x86)/arm gnu toolchain arm-none-eabi/12.2 mpacbti-rel1/bin/../lib/gcc/arm-none-eabi/12.2.1/thumb/v7e-m/nofp\libc.a(libc_a-fvwrite.o)
                0x0800a380                __sfvwrite_r
 .text.__swsetup_r
                0x0800a678       0xc0 c:/program files (x86)/arm gnu toolchain arm-none-eabi/12.2 mpacbti-rel1/bin/../lib/gcc/arm-none-eabi/12.2.1/thumb/v7e-m/nofp\libc.a(libc_a-wsetup.o)
                0x0800a678                __swsetup_r
 .text.__fputwc
                0x0800a738       0x7c c:/program files (x86)/arm gnu toolchain arm-none-eabi/12.2 mpacbti-rel1/bin/../lib/gcc/arm-none-eabi/12.2.1/thumb/v7e-m/nofp\libc.a(libc_a-fputwc.o)
                0x0800a738                __fputwc
 .text._fputwc_r
                0x0800a7b4       0x60 c:/program files (x86)/arm gnu toolchain arm-none-eabi/12.2 mpacbti-rel1/bin/../lib/gcc/arm-none-eabi/12.2.1/thumb/v7e-m/nofp\libc.a(libc_a-fputwc.o)
                0x0800a7b4                _fputwc_r
 .text.fputwc   0x0800a814       0x70 c:/program files (x86)/arm gnu toolchain arm-none-eabi/12.2 mpacbti-rel1/bin/../lib/gcc/arm-none-eabi/12.2.1/thumb/v7e-m/nofp\libc.a(libc_a-fputwc.o)
                0x0800a814                fputwc
 .text.abort    0x0800a884       0x10 c:/program files (x86)/arm gnu toolchain arm-none-eabi/12.2 mpacbti-rel1/bin/../lib/gcc/arm-none-eabi/12.2.1/thumb/v7e-m/nofp\libc.a(libc_a-abort.o)
                0x0800a884                abort
 .text.__smakebuf_r
                0x0800a894       0xdc c:/program files (x86)/arm gnu toolchain arm-none-eabi/12.2 mpacbti-rel1/bin/../lib/gcc/arm-none-eabi/12.2.1/thumb/v7e-m/nofp\libc.a(libc_a-makebuf.o)
                0x0800a894                __smakebuf_r
 .text.__swhatbuf_r
                0x0800a970       0x60 c:/program files (x86)/arm gnu toolchain arm-none-eabi/12.2 mpacbti-rel1/bin/../lib/gcc/arm-none-eabi/12.2.1/thumb/v7e-m/nofp\libc.a(libc_a-makebuf.o)
                0x0800a970                __swhatbuf_r
 .text.__swbuf_r
                0x0800a9d0       0xac c:/program files (x86)/arm gnu toolchain arm-none-eabi/12.2 mpacbti-rel1/bin/../lib/gcc/arm-none-eabi/12.2.1/thumb/v7e-m/nofp\libc.a(libc_a-wbuf.o)
                0x0800a9d0                __swbuf_r
 .text.__swbuf  0x0800aa7c       0x18 c:/program files (x86)/arm gnu toolchain arm-none-eabi/12.2 mpacbti-rel1/bin/../lib/gcc/arm-none-eabi/12.2.1/thumb/v7e-m/nofp\libc.a(libc_a-wbuf.o)
                0x0800aa7c                __swbuf
 .text._init_signal_r
                0x0800aa94       0x30 c:/program files (x86)/arm gnu toolchain arm-none-eabi/12.2 mpacbti-rel1/bin/../lib/gcc/arm-none-eabi/12.2.1/thumb/v7e-m/nofp\libc.a(libc_a-signal.o)
                0x0800aa94                _init_signal_r
 .text._signal_r
                0x0800aac4       0x50 c:/program files (x86)/arm gnu toolchain arm-none-eabi/12.2 mpacbti-rel1/bin/../lib/gcc/arm-none-eabi/12.2.1/thumb/v7e-m/nofp\libc.a(libc_a-signal.o)
                0x0800aac4                _signal_r
 .text._raise_r
                0x0800ab14       0x54 c:/program files (x86)/arm gnu toolchain arm-none-eabi/12.2 mpacbti-rel1/bin/../lib/gcc/arm-none-eabi/12.2.1/thumb/v7e-m/nofp\libc.a(libc_a-signal.o)
                0x0800ab14                _raise_r
 .text.__sigtramp_r
                0x0800ab68       0x64 c:/program files (x86)/arm gnu toolchain arm-none-eabi/12.2 mpacbti-rel1/bin/../lib/gcc/arm-none-eabi/12.2.1/thumb/v7e-m/nofp\libc.a(libc_a-signal.o)
                0x0800ab68                __sigtramp_r
 .text.raise    0x0800abcc       0x58 c:/program files (x86)/arm gnu toolchain arm-none-eabi/12.2 mpacbti-rel1/bin/../lib/gcc/arm-none-eabi/12.2.1/thumb/v7e-m/nofp\libc.a(libc_a-signal.o)
                0x0800abcc                raise
 .text.signal   0x0800ac24       0x50 c:/program files (x86)/arm gnu toolchain arm-none-eabi/12.2 mpacbti-rel1/bin/../lib/gcc/arm-none-eabi/12.2.1/thumb/v7e-m/nofp\libc.a(libc_a-signal.o)
                0x0800ac24                signal
 .text._init_signal
                0x0800ac74       0x38 c:/program files (x86)/arm gnu toolchain arm-none-eabi/12.2 mpacbti-rel1/bin/../lib/gcc/arm-none-eabi/12.2.1/thumb/v7e-m/nofp\libc.a(libc_a-signal.o)
                0x0800ac74                _init_signal
 .text.__sigtramp
                0x0800acac       0x68 c:/program files (x86)/arm gnu toolchain arm-none-eabi/12.2 mpacbti-rel1/bin/../lib/gcc/arm-none-eabi/12.2.1/thumb/v7e-m/nofp\libc.a(libc_a-signal.o)
                0x0800acac                __sigtramp
 .text._fstat_r
                0x0800ad14       0x2c c:/program files (x86)/arm gnu toolchain arm-none-eabi/12.2 mpacbti-rel1/bin/../lib/gcc/arm-none-eabi/12.2.1/thumb/v7e-m/nofp\libc.a(libc_a-fstatr.o)
                0x0800ad14                _fstat_r
 .text._isatty_r
                0x0800ad40       0x24 c:/program files (x86)/arm gnu toolchain arm-none-eabi/12.2 mpacbti-rel1/bin/../lib/gcc/arm-none-eabi/12.2.1/thumb/v7e-m/nofp\libc.a(libc_a-isattyr.o)
                0x0800ad40                _isatty_r
 .text._kill_r  0x0800ad64       0x2c c:/program files (x86)/arm gnu toolchain arm-none-eabi/12.2 mpacbti-rel1/bin/../lib/gcc/arm-none-eabi/12.2.1/thumb/v7e-m/nofp\libc.a(libc_a-signalr.o)
                0x0800ad64                _kill_r
 .text._getpid_r
                0x0800ad90        0x4 c:/program files (x86)/arm gnu toolchain arm-none-eabi/12.2 mpacbti-rel1/bin/../lib/gcc/arm-none-eabi/12.2.1/thumb/v7e-m/nofp\libc.a(libc_a-signalr.o)
                0x0800ad90                _getpid_r
 .text._exit    0x0800ad94       0x14 c:/program files (x86)/arm gnu toolchain arm-none-eabi/12.2 mpacbti-rel1/bin/../lib/gcc/arm-none-eabi/12.2.1/thumb/v7e-m/nofp\librdimon.a(arm_librdimon_a-_exit.o)
                0x0800ad94                _exit
 .text._kill_shared
                0x0800ada8       0x30 c:/program files (x86)/arm gnu toolchain arm-none-eabi/12.2 mpacbti-rel1/bin/../lib/gcc/arm-none-eabi/12.2.1/thumb/v7e-m/nofp\librdimon.a(arm_librdimon_a-_kill.o)
                0x0800ada8                _kill_shared
 .text._kill    0x0800add8       0x1c c:/program files (x86)/arm gnu toolchain arm-none-eabi/12.2 mpacbti-rel1/bin/../lib/gcc/arm-none-eabi/12.2.1/thumb/v7e-m/nofp\librdimon.a(arm_librdimon_a-_kill.o)
                0x0800add8                _kill
 .text._swiread
                0x0800adf4       0x3c c:/program files (x86)/arm gnu toolchain arm-none-eabi/12.2 mpacbti-rel1/bin/../lib/gcc/arm-none-eabi/12.2.1/thumb/v7e-m/nofp\librdimon.a(arm_librdimon_a-syscalls.o)
                0x0800adf4                _swiread
 .text._read    0x0800ae30       0x8c c:/program files (x86)/arm gnu toolchain arm-none-eabi/12.2 mpacbti-rel1/bin/../lib/gcc/arm-none-eabi/12.2.1/thumb/v7e-m/nofp\librdimon.a(arm_librdimon_a-syscalls.o)
                0x0800ae30                _read
 .text._swilseek
                0x0800aebc       0xbc c:/program files (x86)/arm gnu toolchain arm-none-eabi/12.2 mpacbti-rel1/bin/../lib/gcc/arm-none-eabi/12.2.1/thumb/v7e-m/nofp\librdimon.a(arm_librdimon_a-syscalls.o)
                0x0800aebc                _swilseek
 .text._lseek   0x0800af78        0x4 c:/program files (x86)/arm gnu toolchain arm-none-eabi/12.2 mpacbti-rel1/bin/../lib/gcc/arm-none-eabi/12.2.1/thumb/v7e-m/nofp\librdimon.a(arm_librdimon_a-syscalls.o)
                0x0800af78                _lseek
 .text._swiwrite
                0x0800af7c       0x3c c:/program files (x86)/arm gnu toolchain arm-none-eabi/12.2 mpacbti-rel1/bin/../lib/gcc/arm-none-eabi/12.2.1/thumb/v7e-m/nofp\librdimon.a(arm_librdimon_a-syscalls.o)
                0x0800af7c                _swiwrite
 .text._write   0x0800afb8       0xa8 c:/program files (x86)/arm gnu toolchain arm-none-eabi/12.2 mpacbti-rel1/bin/../lib/gcc/arm-none-eabi/12.2.1/thumb/v7e-m/nofp\librdimon.a(arm_librdimon_a-syscalls.o)
                0x0800afb8                _write
 .text._swiclose
                0x0800b060       0x38 c:/program files (x86)/arm gnu toolchain arm-none-eabi/12.2 mpacbti-rel1/bin/../lib/gcc/arm-none-eabi/12.2.1/thumb/v7e-m/nofp\librdimon.a(arm_librdimon_a-syscalls.o)
                0x0800b060                _swiclose
 .text._close   0x0800b098       0x88 c:/program files (x86)/arm gnu toolchain arm-none-eabi/12.2 mpacbti-rel1/bin/../lib/gcc/arm-none-eabi/12.2.1/thumb/v7e-m/nofp\librdimon.a(arm_librdimon_a-syscalls.o)
                0x0800b098                _close
 .text._getpid  0x0800b120        0x4 c:/program files (x86)/arm gnu toolchain arm-none-eabi/12.2 mpacbti-rel1/bin/../lib/gcc/arm-none-eabi/12.2.1/thumb/v7e-m/nofp\librdimon.a(arm_librdimon_a-syscalls.o)
                0x0800b120                _getpid
 .text._sbrk    0x0800b124       0x48 c:/program files (x86)/arm gnu toolchain arm-none-eabi/12.2 mpacbti-rel1/bin/../lib/gcc/arm-none-eabi/12.2.1/thumb/v7e-m/nofp\librdimon.a(arm_librdimon_a-syscalls.o)
                0x0800b124                _sbrk
 .text._swistat
                0x0800b16c       0x7c c:/program files (x86)/arm gnu toolchain arm-none-eabi/12.2 mpacbti-rel1/bin/../lib/gcc/arm-none-eabi/12.2.1/thumb/v7e-m/nofp\librdimon.a(arm_librdimon_a-syscalls.o)
                0x0800b16c                _swistat
 .text._fstat   0x0800b1e8       0x1c c:/program files (x86)/arm gnu toolchain arm-none-eabi/12.2 mpacbti-rel1/bin/../lib/gcc/arm-none-eabi/12.2.1/thumb/v7e-m/nofp\librdimon.a(arm_librdimon_a-syscalls.o)
                0x0800b1e8                _fstat
 .text._stat    0x0800b204       0x3c c:/program files (x86)/arm gnu toolchain arm-none-eabi/12.2 mpacbti-rel1/bin/../lib/gcc/arm-none-eabi/12.2.1/thumb/v7e-m/nofp\librdimon.a(arm_librdimon_a-syscalls.o)
                0x0800b204                _stat
 .text._swiopen
                0x0800b240       0xc8 c:/program files (x86)/arm gnu toolchain arm-none-eabi/12.2 mpacbti-rel1/bin/../lib/gcc/arm-none-eabi/12.2.1/thumb/v7e-m/nofp\librdimon.a(arm_librdimon_a-syscalls.o)
                0x0800b240                _swiopen
 .text._open    0x0800b308       0x14 c:/program files (x86)/arm gnu toolchain arm-none-eabi/12.2 mpacbti-rel1/bin/../lib/gcc/arm-none-eabi/12.2.1/thumb/v7e-m/nofp\librdimon.a(arm_librdimon_a-syscalls.o)
                0x0800b308                _open
 .text._get_semihosting_exts
                0x0800b31c      0x104 c:/program files (x86)/arm gnu toolchain arm-none-eabi/12.2 mpacbti-rel1/bin/../lib/gcc/arm-none-eabi/12.2.1/thumb/v7e-m/nofp\librdimon.a(arm_librdimon_a-syscalls.o)
                0x0800b31c                _get_semihosting_exts
 .text._has_ext_exit_extended
                0x0800b420       0x48 c:/program files (x86)/arm gnu toolchain arm-none-eabi/12.2 mpacbti-rel1/bin/../lib/gcc/arm-none-eabi/12.2.1/thumb/v7e-m/nofp\librdimon.a(arm_librdimon_a-syscalls.o)
                0x0800b420                _has_ext_exit_extended
 .text._has_ext_stdout_stderr
                0x0800b468       0x48 c:/program files (x86)/arm gnu toolchain arm-none-eabi/12.2 mpacbti-rel1/bin/../lib/gcc/arm-none-eabi/12.2.1/thumb/v7e-m/nofp\librdimon.a(arm_librdimon_a-syscalls.o)
                0x0800b468                _has_ext_stdout_stderr
 .text.initialise_monitor_handles
                0x0800b4b0      0x158 c:/program files (x86)/arm gnu toolchain arm-none-eabi/12.2 mpacbti-rel1/bin/../lib/gcc/arm-none-eabi/12.2.1/thumb/v7e-m/nofp\librdimon.a(arm_librdimon_a-syscalls.o)
                0x0800b4b0                initialise_monitor_handles
 .text._link    0x0800b608       0x10 c:/program files (x86)/arm gnu toolchain arm-none-eabi/12.2 mpacbti-rel1/bin/../lib/gcc/arm-none-eabi/12.2.1/thumb/v7e-m/nofp\librdimon.a(arm_librdimon_a-syscalls.o)
                0x0800b608                _link
 .text._unlink  0x0800b618       0x40 c:/program files (x86)/arm gnu toolchain arm-none-eabi/12.2 mpacbti-rel1/bin/../lib/gcc/arm-none-eabi/12.2.1/thumb/v7e-m/nofp\librdimon.a(arm_librdimon_a-syscalls.o)
                0x0800b618                _unlink
 .text._gettimeofday
                0x0800b658       0x28 c:/program files (x86)/arm gnu toolchain arm-none-eabi/12.2 mpacbti-rel1/bin/../lib/gcc/arm-none-eabi/12.2.1/thumb/v7e-m/nofp\librdimon.a(arm_librdimon_a-syscalls.o)
                0x0800b658                _gettimeofday
 .text._clock   0x0800b680       0x14 c:/program files (x86)/arm gnu toolchain arm-none-eabi/12.2 mpacbti-rel1/bin/../lib/gcc/arm-none-eabi/12.2.1/thumb/v7e-m/nofp\librdimon.a(arm_librdimon_a-syscalls.o)
                0x0800b680                _clock
 .text._times   0x0800b694       0x20 c:/program files (x86)/arm gnu toolchain arm-none-eabi/12.2 mpacbti-rel1/bin/../lib/gcc/arm-none-eabi/12.2.1/thumb/v7e-m/nofp\librdimon.a(arm_librdimon_a-syscalls.o)
                0x0800b694                _times
 .text._isatty  0x0800b6b4       0x64 c:/program files (x86)/arm gnu toolchain arm-none-eabi/12.2 mpacbti-rel1/bin/../lib/gcc/arm-none-eabi/12.2.1/thumb/v7e-m/nofp\librdimon.a(arm_librdimon_a-syscalls.o)
                0x0800b6b4                _isatty
 .text._system  0x0800b718       0x58 c:/program files (x86)/arm gnu toolchain arm-none-eabi/12.2 mpacbti-rel1/bin/../lib/gcc/arm-none-eabi/12.2.1/thumb/v7e-m/nofp\librdimon.a(arm_librdimon_a-syscalls.o)
                0x0800b718                _system
 .text._rename  0x0800b770       0x54 c:/program files (x86)/arm gnu toolchain arm-none-eabi/12.2 mpacbti-rel1/bin/../lib/gcc/arm-none-eabi/12.2.1/thumb/v7e-m/nofp\librdimon.a(arm_librdimon_a-syscalls.o)
                0x0800b770                _rename
 *(.init)
 .init          0x0800b7c4        0x4 c:/program files (x86)/arm gnu toolchain arm-none-eabi/12.2 mpacbti-rel1/bin/../lib/gcc/arm-none-eabi/12.2.1/thumb/v7e-m/nofp/crti.o
                0x0800b7c4                _init
 .init          0x0800b7c8        0x8 c:/program files (x86)/arm gnu toolchain arm-none-eabi/12.2 mpacbti-rel1/bin/../lib/gcc/arm-none-eabi/12.2.1/thumb/v7e-m/nofp/crtn.o
 *(.fini)
 .fini          0x0800b7d0        0x4 c:/program files (x86)/arm gnu toolchain arm-none-eabi/12.2 mpacbti-rel1/bin/../lib/gcc/arm-none-eabi/12.2.1/thumb/v7e-m/nofp/crti.o
                0x0800b7d0                _fini
 .fini          0x0800b7d4        0x8 c:/program files (x86)/arm gnu toolchain arm-none-eabi/12.2 mpacbti-rel1/bin/../lib/gcc/arm-none-eabi/12.2.1/thumb/v7e-m/nofp/crtn.o
 *(.rodata)
 .rodata        0x0800b7dc       0x42 Debug/main.o
 *(.rodata.*)
 *fill*         0x0800b81e        0x2 
 .rodata.all_implied_fbits
                0x0800b820       0x24 c:/program files (x86)/arm gnu toolchain arm-none-eabi/12.2 mpacbti-rel1/bin/../lib/gcc/arm-none-eabi/12.2.1/thumb/v7e-m/nofp/crtbegin.o
 .rodata._svfprintf_r.str1.4
                0x0800b844       0x42 c:/program files (x86)/arm gnu toolchain arm-none-eabi/12.2 mpacbti-rel1/bin/../lib/gcc/arm-none-eabi/12.2.1/thumb/v7e-m/nofp\libc.a(libc_a-svfprintf.o)
 *fill*         0x0800b886        0x2 
 .rodata.zeroes.0
                0x0800b888       0x10 c:/program files (x86)/arm gnu toolchain arm-none-eabi/12.2 mpacbti-rel1/bin/../lib/gcc/arm-none-eabi/12.2.1/thumb/v7e-m/nofp\libc.a(libc_a-svfprintf.o)
 .rodata.blanks.1
                0x0800b898       0x10 c:/program files (x86)/arm gnu toolchain arm-none-eabi/12.2 mpacbti-rel1/bin/../lib/gcc/arm-none-eabi/12.2.1/thumb/v7e-m/nofp\libc.a(libc_a-svfprintf.o)
 .rodata.currentlocale.str1.4
                0x0800b8a8        0x2 c:/program files (x86)/arm gnu toolchain arm-none-eabi/12.2 mpacbti-rel1/bin/../lib/gcc/arm-none-eabi/12.2.1/thumb/v7e-m/nofp\libc.a(libc_a-locale.o)
 *fill*         0x0800b8aa        0x2 
 .rodata.__loadlocale.str1.4
                0x0800b8ac       0xde c:/program files (x86)/arm gnu toolchain arm-none-eabi/12.2 mpacbti-rel1/bin/../lib/gcc/arm-none-eabi/12.2.1/thumb/v7e-m/nofp\libc.a(libc_a-locale.o)
 *fill*         0x0800b98a        0x2 
 .rodata.__get_locale_env.str1.4
                0x0800b98c        0xd c:/program files (x86)/arm gnu toolchain arm-none-eabi/12.2 mpacbti-rel1/bin/../lib/gcc/arm-none-eabi/12.2.1/thumb/v7e-m/nofp\libc.a(libc_a-locale.o)
 *fill*         0x0800b999        0x3 
 .rodata.str1.4
                0x0800b99c       0x48 c:/program files (x86)/arm gnu toolchain arm-none-eabi/12.2 mpacbti-rel1/bin/../lib/gcc/arm-none-eabi/12.2.1/thumb/v7e-m/nofp\libc.a(libc_a-locale.o)
                                 0x4c (size before relaxing)
 .rodata.__C_locale
                0x0800b9e4      0x16c c:/program files (x86)/arm gnu toolchain arm-none-eabi/12.2 mpacbti-rel1/bin/../lib/gcc/arm-none-eabi/12.2.1/thumb/v7e-m/nofp\libc.a(libc_a-locale.o)
                0x0800b9e4                __C_locale
 .rodata.categories
                0x0800bb50       0x1c c:/program files (x86)/arm gnu toolchain arm-none-eabi/12.2 mpacbti-rel1/bin/../lib/gcc/arm-none-eabi/12.2.1/thumb/v7e-m/nofp\libc.a(libc_a-locale.o)
 .rodata._dtoa_r.str1.4
                0x0800bb6c       0x85 c:/program files (x86)/arm gnu toolchain arm-none-eabi/12.2 mpacbti-rel1/bin/../lib/gcc/arm-none-eabi/12.2.1/thumb/v7e-m/nofp\libc.a(libc_a-dtoa.o)
                                 0x89 (size before relaxing)
 *fill*         0x0800bbf1        0x3 
 .rodata.JIS_action_table
                0x0800bbf4       0x48 c:/program files (x86)/arm gnu toolchain arm-none-eabi/12.2 mpacbti-rel1/bin/../lib/gcc/arm-none-eabi/12.2.1/thumb/v7e-m/nofp\libc.a(libc_a-mbtowc_r.o)
 .rodata.JIS_state_table
                0x0800bc3c       0x48 c:/program files (x86)/arm gnu toolchain arm-none-eabi/12.2 mpacbti-rel1/bin/../lib/gcc/arm-none-eabi/12.2.1/thumb/v7e-m/nofp\libc.a(libc_a-mbtowc_r.o)
 .rodata.__multadd.str1.4
                0x0800bc84       0x62 c:/program files (x86)/arm gnu toolchain arm-none-eabi/12.2 mpacbti-rel1/bin/../lib/gcc/arm-none-eabi/12.2.1/thumb/v7e-m/nofp\libc.a(libc_a-mprec.o)
                                 0x76 (size before relaxing)
 *fill*         0x0800bce6        0x2 
 .rodata.p05.0  0x0800bce8        0xc c:/program files (x86)/arm gnu toolchain arm-none-eabi/12.2 mpacbti-rel1/bin/../lib/gcc/arm-none-eabi/12.2.1/thumb/v7e-m/nofp\libc.a(libc_a-mprec.o)
 *fill*         0x0800bcf4        0x4 
 .rodata.__mprec_tinytens
                0x0800bcf8       0x28 c:/program files (x86)/arm gnu toolchain arm-none-eabi/12.2 mpacbti-rel1/bin/../lib/gcc/arm-none-eabi/12.2.1/thumb/v7e-m/nofp\libc.a(libc_a-mprec.o)
                0x0800bcf8                __mprec_tinytens
 .rodata.__mprec_bigtens
                0x0800bd20       0x28 c:/program files (x86)/arm gnu toolchain arm-none-eabi/12.2 mpacbti-rel1/bin/../lib/gcc/arm-none-eabi/12.2.1/thumb/v7e-m/nofp\libc.a(libc_a-mprec.o)
                0x0800bd20                __mprec_bigtens
 .rodata.__mprec_tens
                0x0800bd48       0xc8 c:/program files (x86)/arm gnu toolchain arm-none-eabi/12.2 mpacbti-rel1/bin/../lib/gcc/arm-none-eabi/12.2.1/thumb/v7e-m/nofp\libc.a(libc_a-mprec.o)
                0x0800bd48                __mprec_tens
 .rodata._ctype_
                0x0800be10      0x101 c:/program files (x86)/arm gnu toolchain arm-none-eabi/12.2 mpacbti-rel1/bin/../lib/gcc/arm-none-eabi/12.2.1/thumb/v7e-m/nofp\libc.a(libc_a-ctype_.o)
                0x0800be10                _ctype_
 .rodata._svfiprintf_r.str1.4
                0x0800bf11       0x2f c:/program files (x86)/arm gnu toolchain arm-none-eabi/12.2 mpacbti-rel1/bin/../lib/gcc/arm-none-eabi/12.2.1/thumb/v7e-m/nofp\libc.a(libc_a-svfiprintf.o)
 *fill*         0x0800bf11        0x3 
 .rodata.zeroes.0
                0x0800bf14       0x10 c:/program files (x86)/arm gnu toolchain arm-none-eabi/12.2 mpacbti-rel1/bin/../lib/gcc/arm-none-eabi/12.2.1/thumb/v7e-m/nofp\libc.a(libc_a-svfiprintf.o)
 .rodata.blanks.1
                0x0800bf24       0x10 c:/program files (x86)/arm gnu toolchain arm-none-eabi/12.2 mpacbti-rel1/bin/../lib/gcc/arm-none-eabi/12.2.1/thumb/v7e-m/nofp\libc.a(libc_a-svfiprintf.o)
 .rodata.__assert_func.str1.4
                0x0800bf34       0x3f c:/program files (x86)/arm gnu toolchain arm-none-eabi/12.2 mpacbti-rel1/bin/../lib/gcc/arm-none-eabi/12.2.1/thumb/v7e-m/nofp\libc.a(libc_a-assert.o)
                                 0x43 (size before relaxing)
 .rodata._vfiprintf_r.str1.4
                0x0800bf73       0x2f c:/program files (x86)/arm gnu toolchain arm-none-eabi/12.2 mpacbti-rel1/bin/../lib/gcc/arm-none-eabi/12.2.1/thumb/v7e-m/nofp\libc.a(libc_a-vfiprintf.o)
 *fill*         0x0800bf73        0x1 
 .rodata.zeroes.0
                0x0800bf74       0x10 c:/program files (x86)/arm gnu toolchain arm-none-eabi/12.2 mpacbti-rel1/bin/../lib/gcc/arm-none-eabi/12.2.1/thumb/v7e-m/nofp\libc.a(libc_a-vfiprintf.o)
 .rodata.blanks.1
                0x0800bf84       0x10 c:/program files (x86)/arm gnu toolchain arm-none-eabi/12.2 mpacbti-rel1/bin/../lib/gcc/arm-none-eabi/12.2.1/thumb/v7e-m/nofp\libc.a(libc_a-vfiprintf.o)
 .rodata._get_semihosting_exts.str1.4
                0x0800bf94       0x16 c:/program files (x86)/arm gnu toolchain arm-none-eabi/12.2 mpacbti-rel1/bin/../lib/gcc/arm-none-eabi/12.2.1/thumb/v7e-m/nofp\librdimon.a(arm_librdimon_a-syscalls.o)
 *fill*         0x0800bfaa        0x2 
 .rodata.initialise_monitor_handles.str1.4
                0x0800bfac        0x4 c:/program files (x86)/arm gnu toolchain arm-none-eabi/12.2 mpacbti-rel1/bin/../lib/gcc/arm-none-eabi/12.2.1/thumb/v7e-m/nofp\librdimon.a(arm_librdimon_a-syscalls.o)
 .rodata.all_implied_fbits
                0x0800bfb0       0x24 c:/program files (x86)/arm gnu toolchain arm-none-eabi/12.2 mpacbti-rel1/bin/../lib/gcc/arm-none-eabi/12.2.1/thumb/v7e-m/nofp/crtend.o
                0x0800bfd4                        . = ALIGN (0x4)
                0x0800bfd4                        _etext = .
                0x0800c068                        _ldata = LOADADDR (.data)

.glue_7         0x0800bfd4        0x0
 .glue_7        0x0800bfd4        0x0 linker stubs

.glue_7t        0x0800bfd4        0x0
 .glue_7t       0x0800bfd4        0x0 linker stubs

.vfp11_veneer   0x0800bfd4        0x0
 .vfp11_veneer  0x0800bfd4        0x0 linker stubs

.v4_bx          0x0800bfd4        0x0
 .v4_bx         0x0800bfd4        0x0 linker stubs

.iplt           0x0800bfd4        0x0
 .iplt          0x0800bfd4        0x0 c:/program files (x86)/arm gnu toolchain arm-none-eabi/12.2 mpacbti-rel1/bin/../lib/gcc/arm-none-eabi/12.2.1/thumb/v7e-m/nofp/crtbegin.o

.eh_frame       0x0800bfd4       0x8c
 .eh_frame      0x0800bfd4        0x0 c:/program files (x86)/arm gnu toolchain arm-none-eabi/12.2 mpacbti-rel1/bin/../lib/gcc/arm-none-eabi/12.2.1/thumb/v7e-m/nofp/crtbegin.o
 .eh_frame      0x0800bfd4       0x50 c:/program files (x86)/arm gnu toolchain arm-none-eabi/12.2 mpacbti-rel1/bin/../lib/gcc/arm-none-eabi/12.2.1/thumb/v7e-m/nofp\libc.a(libc_a-memchr.o)
 .eh_frame      0x0800c024       0x20 c:/program files (x86)/arm gnu toolchain arm-none-eabi/12.2 mpacbti-rel1/bin/../lib/gcc/arm-none-eabi/12.2.1/thumb/v7e-m/nofp\libc.a(libc_a-strlen.o)
                                 0x34 (size before relaxing)
 .eh_frame      0x0800c044       0x18 c:/program files (x86)/arm gnu toolchain arm-none-eabi/12.2 mpacbti-rel1/bin/../lib/gcc/arm-none-eabi/12.2.1/thumb/v7e-m/nofp\libc.a(libc_a-memcpy.o)
                                 0x2c (size before relaxing)
 .eh_frame      0x0800c05c        0x4 c:/program files (x86)/arm gnu toolchain arm-none-eabi/12.2 mpacbti-rel1/bin/../lib/gcc/arm-none-eabi/12.2.1/thumb/v7e-m/nofp/crtend.o

.ARM.extab      0x0800c060        0x0
 .ARM.extab     0x0800c060        0x0 c:/program files (x86)/arm gnu toolchain arm-none-eabi/12.2 mpacbti-rel1/bin/../lib/gcc/arm-none-eabi/12.2.1/thumb/v7e-m/nofp/rdimon-crt0.o
 .ARM.extab     0x0800c060        0x0 c:/program files (x86)/arm gnu toolchain arm-none-eabi/12.2 mpacbti-rel1/bin/../lib/gcc/arm-none-eabi/12.2.1/thumb/v7e-m/nofp\libc.a(libc_a-strcmp.o)
 .ARM.extab     0x0800c060        0x0 c:/program files (x86)/arm gnu toolchain arm-none-eabi/12.2 mpacbti-rel1/bin/../lib/gcc/arm-none-eabi/12.2.1/thumb/v7e-m/nofp\libc.a(libc_a-memchr.o)
 .ARM.extab     0x0800c060        0x0 c:/program files (x86)/arm gnu toolchain arm-none-eabi/12.2 mpacbti-rel1/bin/../lib/gcc/arm-none-eabi/12.2.1/thumb/v7e-m/nofp\libc.a(libc_a-strlen.o)
 .ARM.extab     0x0800c060        0x0 c:/program files (x86)/arm gnu toolchain arm-none-eabi/12.2 mpacbti-rel1/bin/../lib/gcc/arm-none-eabi/12.2.1/thumb/v7e-m/nofp\libc.a(libc_a-memcpy.o)

.ARM.exidx      0x0800c060        0x8
 .ARM.exidx     0x0800c060        0x8 c:/program files (x86)/arm gnu toolchain arm-none-eabi/12.2 mpacbti-rel1/bin/../lib/gcc/arm-none-eabi/12.2.1/thumb/v7e-m/nofp/rdimon-crt0.o
                                 0x10 (size before relaxing)
 .ARM.exidx     0x0800c068        0x0 c:/program files (x86)/arm gnu toolchain arm-none-eabi/12.2 mpacbti-rel1/bin/../lib/gcc/arm-none-eabi/12.2.1/thumb/v7e-m/nofp\libc.a(libc_a-strcmp.o)
                                  0x8 (size before relaxing)
 .ARM.exidx     0x0800c068        0x0 c:/program files (x86)/arm gnu toolchain arm-none-eabi/12.2 mpacbti-rel1/bin/../lib/gcc/arm-none-eabi/12.2.1/thumb/v7e-m/nofp\libc.a(libc_a-memchr.o)
                                  0x8 (size before relaxing)
 .ARM.exidx     0x0800c068        0x0 c:/program files (x86)/arm gnu toolchain arm-none-eabi/12.2 mpacbti-rel1/bin/../lib/gcc/arm-none-eabi/12.2.1/thumb/v7e-m/nofp\libc.a(libc_a-strlen.o)
                                  0x8 (size before relaxing)
 .ARM.exidx     0x0800c068        0x0 c:/program files (x86)/arm gnu toolchain arm-none-eabi/12.2 mpacbti-rel1/bin/../lib/gcc/arm-none-eabi/12.2.1/thumb/v7e-m/nofp\libc.a(libc_a-memcpy.o)
                                  0x8 (size before relaxing)

.rel.dyn        0x0800c068        0x0
 .rel.iplt      0x0800c068        0x0 c:/program files (x86)/arm gnu toolchain arm-none-eabi/12.2 mpacbti-rel1/bin/../lib/gcc/arm-none-eabi/12.2.1/thumb/v7e-m/nofp/crtbegin.o

.data           0x20000000      0x8ec load address 0x0800c068
                0x20000000                        . = ALIGN (0x4)
                0x20000000                        _sdata = .
 *(.data)
 .data          0x20000000        0x0 c:/program files (x86)/arm gnu toolchain arm-none-eabi/12.2 mpacbti-rel1/bin/../lib/gcc/arm-none-eabi/12.2.1/thumb/v7e-m/nofp/crti.o
 .data          0x20000000        0x0 c:/program files (x86)/arm gnu toolchain arm-none-eabi/12.2 mpacbti-rel1/bin/../lib/gcc/arm-none-eabi/12.2.1/thumb/v7e-m/nofp/crtbegin.o
 .data          0x20000000      0x118 c:/program files (x86)/arm gnu toolchain arm-none-eabi/12.2 mpacbti-rel1/bin/../lib/gcc/arm-none-eabi/12.2.1/thumb/v7e-m/nofp/rdimon-crt0.o
                0x20000008                __stack_base__
 .data          0x20000118        0x0 c:/program files (x86)/arm gnu toolchain arm-none-eabi/12.2 mpacbti-rel1/bin/../lib/gcc/arm-none-eabi/12.2.1/thumb/v7e-m/nofp\libc.a(libc_a-exit.o)
 .data          0x20000118        0x0 c:/program files (x86)/arm gnu toolchain arm-none-eabi/12.2 mpacbti-rel1/bin/../lib/gcc/arm-none-eabi/12.2.1/thumb/v7e-m/nofp\libc.a(libc_a-findfp.o)
 .data          0x20000118        0x0 c:/program files (x86)/arm gnu toolchain arm-none-eabi/12.2 mpacbti-rel1/bin/../lib/gcc/arm-none-eabi/12.2.1/thumb/v7e-m/nofp\libc.a(libc_a-fwalk.o)
 .data          0x20000118        0x0 c:/program files (x86)/arm gnu toolchain arm-none-eabi/12.2 mpacbti-rel1/bin/../lib/gcc/arm-none-eabi/12.2.1/thumb/v7e-m/nofp\libc.a(libc_a-stdio.o)
 .data          0x20000118        0x0 c:/program files (x86)/arm gnu toolchain arm-none-eabi/12.2 mpacbti-rel1/bin/../lib/gcc/arm-none-eabi/12.2.1/thumb/v7e-m/nofp\libc.a(libc_a-memset.o)
 .data          0x20000118        0x0 c:/program files (x86)/arm gnu toolchain arm-none-eabi/12.2 mpacbti-rel1/bin/../lib/gcc/arm-none-eabi/12.2.1/thumb/v7e-m/nofp\libc.a(libc_a-closer.o)
 .data          0x20000118        0x0 c:/program files (x86)/arm gnu toolchain arm-none-eabi/12.2 mpacbti-rel1/bin/../lib/gcc/arm-none-eabi/12.2.1/thumb/v7e-m/nofp\libc.a(libc_a-reent.o)
 .data          0x20000118        0x0 c:/program files (x86)/arm gnu toolchain arm-none-eabi/12.2 mpacbti-rel1/bin/../lib/gcc/arm-none-eabi/12.2.1/thumb/v7e-m/nofp\libc.a(libc_a-impure.o)
 .data          0x20000118        0x0 c:/program files (x86)/arm gnu toolchain arm-none-eabi/12.2 mpacbti-rel1/bin/../lib/gcc/arm-none-eabi/12.2.1/thumb/v7e-m/nofp\libc.a(libc_a-lseekr.o)
 .data          0x20000118        0x0 c:/program files (x86)/arm gnu toolchain arm-none-eabi/12.2 mpacbti-rel1/bin/../lib/gcc/arm-none-eabi/12.2.1/thumb/v7e-m/nofp\libc.a(libc_a-readr.o)
 .data          0x20000118        0x0 c:/program files (x86)/arm gnu toolchain arm-none-eabi/12.2 mpacbti-rel1/bin/../lib/gcc/arm-none-eabi/12.2.1/thumb/v7e-m/nofp\libc.a(libc_a-writer.o)
 .data          0x20000118        0x0 c:/program files (x86)/arm gnu toolchain arm-none-eabi/12.2 mpacbti-rel1/bin/../lib/gcc/arm-none-eabi/12.2.1/thumb/v7e-m/nofp\libc.a(libc_a-init.o)
 .data          0x20000118        0x0 c:/program files (x86)/arm gnu toolchain arm-none-eabi/12.2 mpacbti-rel1/bin/../lib/gcc/arm-none-eabi/12.2.1/thumb/v7e-m/nofp\libc.a(libc_a-lock.o)
 .data          0x20000118        0x0 c:/program files (x86)/arm gnu toolchain arm-none-eabi/12.2 mpacbti-rel1/bin/../lib/gcc/arm-none-eabi/12.2.1/thumb/v7e-m/nofp\libc.a(libc_a-__call_atexit.o)
 .data          0x20000118        0x0 c:/program files (x86)/arm gnu toolchain arm-none-eabi/12.2 mpacbti-rel1/bin/../lib/gcc/arm-none-eabi/12.2.1/thumb/v7e-m/nofp\libc.a(libc_a-atexit.o)
 .data          0x20000118        0x0 c:/program files (x86)/arm gnu toolchain arm-none-eabi/12.2 mpacbti-rel1/bin/../lib/gcc/arm-none-eabi/12.2.1/thumb/v7e-m/nofp\libc.a(libc_a-freer.o)
 .data          0x20000118        0x0 c:/program files (x86)/arm gnu toolchain arm-none-eabi/12.2 mpacbti-rel1/bin/../lib/gcc/arm-none-eabi/12.2.1/thumb/v7e-m/nofp\libc.a(libc_a-mallocr.o)
 .data          0x20000118        0x0 c:/program files (x86)/arm gnu toolchain arm-none-eabi/12.2 mpacbti-rel1/bin/../lib/gcc/arm-none-eabi/12.2.1/thumb/v7e-m/nofp\libc.a(libc_a-mlock.o)
 .data          0x20000118        0x0 c:/program files (x86)/arm gnu toolchain arm-none-eabi/12.2 mpacbti-rel1/bin/../lib/gcc/arm-none-eabi/12.2.1/thumb/v7e-m/nofp\libc.a(libc_a-fclose.o)
 .data          0x20000118        0x0 c:/program files (x86)/arm gnu toolchain arm-none-eabi/12.2 mpacbti-rel1/bin/../lib/gcc/arm-none-eabi/12.2.1/thumb/v7e-m/nofp\libc.a(libc_a-fflush.o)
 .data          0x20000118        0x0 c:/program files (x86)/arm gnu toolchain arm-none-eabi/12.2 mpacbti-rel1/bin/../lib/gcc/arm-none-eabi/12.2.1/thumb/v7e-m/nofp\libc.a(libc_a-sbrkr.o)
 .data          0x20000118        0x0 c:/program files (x86)/arm gnu toolchain arm-none-eabi/12.2 mpacbti-rel1/bin/../lib/gcc/arm-none-eabi/12.2.1/thumb/v7e-m/nofp\libc.a(libc_a-fini.o)
 .data          0x20000118        0x0 c:/program files (x86)/arm gnu toolchain arm-none-eabi/12.2 mpacbti-rel1/bin/../lib/gcc/arm-none-eabi/12.2.1/thumb/v7e-m/nofp\libc.a(libc_a-sysconf.o)
 .data          0x20000118        0x0 c:/program files (x86)/arm gnu toolchain arm-none-eabi/12.2 mpacbti-rel1/bin/../lib/gcc/arm-none-eabi/12.2.1/thumb/v7e-m/nofp\libc.a(libc_a-__atexit.o)
 .data          0x20000118        0x0 c:/program files (x86)/arm gnu toolchain arm-none-eabi/12.2 mpacbti-rel1/bin/../lib/gcc/arm-none-eabi/12.2.1/thumb/v7e-m/nofp\libc.a(libc_a-errno.o)
 .data          0x20000118        0x0 Debug/uart.o
 .data          0x20000118        0x0 Debug/adc.o
 .data          0x20000118        0x0 Debug/fpu.o
 .data          0x20000118        0x0 Debug/main.o
 .data          0x20000118        0x0 Debug/stm32F401RE_startup.o
 .data          0x20000118        0x0 c:/program files (x86)/arm gnu toolchain arm-none-eabi/12.2 mpacbti-rel1/bin/../lib/gcc/arm-none-eabi/12.2.1/thumb/v7e-m/nofp\libgcc.a(_arm_mulsf3.o)