
Memory Configuration

Name             Origin             Length             Attributes
FLASH            0x08000000         0x00080000         xr
SRAM             0x20000000         0x00018000         xrw
*default*        0x00000000         0xffffffff

Linker script and memory map

LOAD Debug/main.o
LOAD Debug/stm32F401RE_startup.o
LOAD Debug/math_lib.o
                0x20018000                        _estack = (ORIGIN (SRAM) + LENGTH (SRAM))
                0x00000200                        __max_heap_size = 0x200
                0x00000400                        __max_stack_size = 0x400

.text           0x08000000      0x2ac
                0x08000000                        . = ALIGN (0x4)
 *(.isr_vector_tbl)
 .isr_vector_tbl
                0x08000000      0x194 Debug/stm32F401RE_startup.o
                0x08000000                vector_tbl
 *(.text)
 .text          0x08000194       0x6c Debug/main.o
                0x08000194                main
 .text          0x08000200       0x8c Debug/stm32F401RE_startup.o
                0x08000200                RTC_Alarm_IRQHandler
                0x08000200                EXTI2_IRQHandler
                0x08000200                DebugMon_Handler
                0x08000200                SPI4_IRQHandler
                0x08000200                TIM1_CC_IRQHandler
                0x08000200                DMA2_Stream5_IRQHandler
                0x08000200                HardFault_Handler
                0x08000200                DMA1_Stream5_IRQHandler
                0x08000200                SysTick_Handler
                0x08000200                PVD_IRQHandler
                0x08000200                SDIO_IRQHandler
                0x08000200                TAMP_STAMP_IRQHandler
                0x08000200                PendSV_Handler
                0x08000200                NMI_Handler
                0x08000200                EXTI3_IRQHandler
                0x08000200                TIM1_UP_TIM10_IRQHandler
                0x08000200                I2C3_ER_IRQHandler
                0x08000200                EXTI0_IRQHandler
                0x08000200                I2C2_EV_IRQHandler
                0x08000200                DMA1_Stream2_IRQHandler
                0x08000200                FPU_IRQHandler
                0x08000200                UsageFault_Handler
                0x08000200                DMA2_Stream2_IRQHandler
                0x08000200                SPI1_IRQHandler
                0x08000200                TIM1_BRK_TIM9_IRQHandler
                0x08000200                DMA2_Stream3_IRQHandler
                0x08000200                USART6_IRQHandler
                0x08000200                DMA2_Stream6_IRQHandler
                0x08000200                DMA2_Stream0_IRQHandler
                0x08000200                TIM4_IRQHandler
                0x08000200                I2C1_EV_IRQHandler
                0x08000200                DMA1_Stream6_IRQHandler
                0x08000200                DMA1_Stream1_IRQHandler
                0x08000200                TIM3_IRQHandler
                0x08000200                RCC_IRQHandler
                0x08000200                Default_Handler
                0x08000200                EXTI15_10_IRQHandler
                0x08000200                ADC_IRQHandler
                0x08000200                DMA1_Stream7_IRQHandler
                0x08000200                TIM5_IRQHandler
                0x08000200                DMA2_Stream7_IRQHandler
                0x08000200                I2C3_EV_IRQHandler
                0x08000200                EXTI9_5_IRQHandler
                0x08000200                RTC_WKUP_IRQHandler
                0x08000200                SPI2_IRQHandler
                0x08000200                MemManage_Handler
                0x08000200                DMA1_Stream0_IRQHandler
                0x08000200                SVC_Handler
                0x08000200                EXTI4_IRQHandler
                0x08000200                WWDG_IRQHandler
                0x08000200                TIM2_IRQHandler
                0x08000200                OTG_FS_WKUP_IRQHandler
                0x08000200                TIM1_TRG_COM_TIM11_IRQHandler
                0x08000200                EXTI1_IRQHandler
                0x08000200                USART2_IRQHandler
                0x08000200                I2C2_ER_IRQHandler
                0x08000200                DMA2_Stream1_IRQHandler
                0x08000200                FLASH_IRQHandler
                0x08000200                DMA2_Stream4_IRQHandler
                0x08000200                BusFault_Handler
                0x08000200                USART1_IRQHandler
                0x08000200                OTG_FS_IRQHandler
                0x08000200                SPI3_IRQHandler
                0x08000200                DMA1_Stream4_IRQHandler
                0x08000200                I2C1_ER_IRQHandler
                0x08000200                DMA1_Stream3_IRQHandler
                0x08000206                Reset_Handler
 .text          0x0800028c       0x20 Debug/math_lib.o
                0x0800028c                Prescaler
 *(.rodata)
                0x080002ac                        . = ALIGN (0x4)
                0x080002ac                        _etext = .

.glue_7         0x080002ac        0x0
 .glue_7        0x080002ac        0x0 linker stubs

.glue_7t        0x080002ac        0x0
 .glue_7t       0x080002ac        0x0 linker stubs

.vfp11_veneer   0x080002ac        0x0
 .vfp11_veneer  0x080002ac        0x0 linker stubs

.v4_bx          0x080002ac        0x0
 .v4_bx         0x080002ac        0x0 linker stubs

.iplt           0x080002ac        0x0
 .iplt          0x080002ac        0x0 Debug/main.o

.rel.dyn        0x080002ac        0x0
 .rel.iplt      0x080002ac        0x0 Debug/main.o

.data           0x20000000        0x0 load address 0x080002ac
                0x20000000                        . = ALIGN (0x4)
                0x20000000                        _sdata = .
 *(.data)
 .data          0x20000000        0x0 Debug/main.o
 .data          0x20000000        0x0 Debug/stm32F401RE_startup.o
 .data          0x20000000        0x0 Debug/math_lib.o
                0x20000000                        . = ALIGN (0x4)
                0x20000000                        _edata = .

.igot.plt       0x20000000        0x0 load address 0x080002ac
 .igot.plt      0x20000000        0x0 Debug/main.o

.bss            0x20000000        0x0 load address 0x080002ac
                0x20000000                        . = ALIGN (0x4)
                0x20000000                        _sbss = .
 *(.bss)
 .bss           0x20000000        0x0 Debug/main.o
 .bss           0x20000000        0x0 Debug/stm32F401RE_startup.o
 .bss           0x20000000        0x0 Debug/math_lib.o
                0x20000000                        . = ALIGN (0x4)
                0x20000000                        _ebss = .
OUTPUT(Debug/blink.elf elf32-littlearm)
LOAD linker stubs

.comment        0x00000000       0x55
 .comment       0x00000000       0x55 Debug/main.o
                                 0x56 (size before relaxing)
 .comment       0x00000055       0x56 Debug/stm32F401RE_startup.o
 .comment       0x00000055       0x56 Debug/math_lib.o

.ARM.attributes
                0x00000000       0x2e
 .ARM.attributes
                0x00000000       0x2e Debug/main.o
 .ARM.attributes
                0x0000002e       0x2e Debug/stm32F401RE_startup.o
 .ARM.attributes
                0x0000005c       0x2e Debug/math_lib.o
