Archive member included to satisfy reference by file (symbol)

c:/program files (x86)/arm gnu toolchain arm-none-eabi/12.2 mpacbti-rel1/bin/../lib/gcc/arm-none-eabi/12.2.1/thumb/v7e-m/nofp\libc.a(libc_a-exit.o)
                              c:/program files (x86)/arm gnu toolchain arm-none-eabi/12.2 mpacbti-rel1/bin/../lib/gcc/arm-none-eabi/12.2.1/thumb/v7e-m/nofp/rdimon-crt0.o (exit)
c:/program files (x86)/arm gnu toolchain arm-none-eabi/12.2 mpacbti-rel1/bin/../lib/gcc/arm-none-eabi/12.2.1/thumb/v7e-m/nofp\libc.a(libc_a-findfp.o)
                              c:/program files (x86)/arm gnu toolchain arm-none-eabi/12.2 mpacbti-rel1/bin/../lib/gcc/arm-none-eabi/12.2.1/thumb/v7e-m/nofp\libc.a(libc_a-exit.o) (__stdio_exit_handler)
c:/program files (x86)/arm gnu toolchain arm-none-eabi/12.2 mpacbti-rel1/bin/../lib/gcc/arm-none-eabi/12.2.1/thumb/v7e-m/nofp\libc.a(libc_a-fwalk.o)
                              c:/program files (x86)/arm gnu toolchain arm-none-eabi/12.2 mpacbti-rel1/bin/../lib/gcc/arm-none-eabi/12.2.1/thumb/v7e-m/nofp\libc.a(libc_a-findfp.o) (_fwalk_sglue)
c:/program files (x86)/arm gnu toolchain arm-none-eabi/12.2 mpacbti-rel1/bin/../lib/gcc/arm-none-eabi/12.2.1/thumb/v7e-m/nofp\libc.a(libc_a-stdio.o)
                              c:/program files (x86)/arm gnu toolchain arm-none-eabi/12.2 mpacbti-rel1/bin/../lib/gcc/arm-none-eabi/12.2.1/thumb/v7e-m/nofp\libc.a(libc_a-findfp.o) (__sread)
c:/program files (x86)/arm gnu toolchain arm-none-eabi/12.2 mpacbti-rel1/bin/../lib/gcc/arm-none-eabi/12.2.1/thumb/v7e-m/nofp\libc.a(libc_a-memset.o)
                              c:/program files (x86)/arm gnu toolchain arm-none-eabi/12.2 mpacbti-rel1/bin/../lib/gcc/arm-none-eabi/12.2.1/thumb/v7e-m/nofp/rdimon-crt0.o (memset)
c:/program files (x86)/arm gnu toolchain arm-none-eabi/12.2 mpacbti-rel1/bin/../lib/gcc/arm-none-eabi/12.2.1/thumb/v7e-m/nofp\libc.a(libc_a-closer.o)
                              c:/program files (x86)/arm gnu toolchain arm-none-eabi/12.2 mpacbti-rel1/bin/../lib/gcc/arm-none-eabi/12.2.1/thumb/v7e-m/nofp\libc.a(libc_a-stdio.o) (_close_r)
c:/program files (x86)/arm gnu toolchain arm-none-eabi/12.2 mpacbti-rel1/bin/../lib/gcc/arm-none-eabi/12.2.1/thumb/v7e-m/nofp\libc.a(libc_a-reent.o)
                              c:/program files (x86)/arm gnu toolchain arm-none-eabi/12.2 mpacbti-rel1/bin/../lib/gcc/arm-none-eabi/12.2.1/thumb/v7e-m/nofp\libc.a(libc_a-closer.o) (errno)
c:/program files (x86)/arm gnu toolchain arm-none-eabi/12.2 mpacbti-rel1/bin/../lib/gcc/arm-none-eabi/12.2.1/thumb/v7e-m/nofp\libc.a(libc_a-impure.o)
                              c:/program files (x86)/arm gnu toolchain arm-none-eabi/12.2 mpacbti-rel1/bin/../lib/gcc/arm-none-eabi/12.2.1/thumb/v7e-m/nofp\libc.a(libc_a-reent.o) (_impure_ptr)
c:/program files (x86)/arm gnu toolchain arm-none-eabi/12.2 mpacbti-rel1/bin/../lib/gcc/arm-none-eabi/12.2.1/thumb/v7e-m/nofp\libc.a(libc_a-lseekr.o)
                              c:/program files (x86)/arm gnu toolchain arm-none-eabi/12.2 mpacbti-rel1/bin/../lib/gcc/arm-none-eabi/12.2.1/thumb/v7e-m/nofp\libc.a(libc_a-stdio.o) (_lseek_r)
c:/program files (x86)/arm gnu toolchain arm-none-eabi/12.2 mpacbti-rel1/bin/../lib/gcc/arm-none-eabi/12.2.1/thumb/v7e-m/nofp\libc.a(libc_a-readr.o)
                              c:/program files (x86)/arm gnu toolchain arm-none-eabi/12.2 mpacbti-rel1/bin/../lib/gcc/arm-none-eabi/12.2.1/thumb/v7e-m/nofp\libc.a(libc_a-stdio.o) (_read_r)
c:/program files (x86)/arm gnu toolchain arm-none-eabi/12.2 mpacbti-rel1/bin/../lib/gcc/arm-none-eabi/12.2.1/thumb/v7e-m/nofp\libc.a(libc_a-writer.o)
                              c:/program files (x86)/arm gnu toolchain arm-none-eabi/12.2 mpacbti-rel1/bin/../lib/gcc/arm-none-eabi/12.2.1/thumb/v7e-m/nofp\libc.a(libc_a-stdio.o) (_write_r)
c:/program files (x86)/arm gnu toolchain arm-none-eabi/12.2 mpacbti-rel1/bin/../lib/gcc/arm-none-eabi/12.2.1/thumb/v7e-m/nofp\libc.a(libc_a-init.o)
                              c:/program files (x86)/arm gnu toolchain arm-none-eabi/12.2 mpacbti-rel1/bin/../lib/gcc/arm-none-eabi/12.2.1/thumb/v7e-m/nofp/rdimon-crt0.o (__libc_init_array)
c:/program files (x86)/arm gnu toolchain arm-none-eabi/12.2 mpacbti-rel1/bin/../lib/gcc/arm-none-eabi/12.2.1/thumb/v7e-m/nofp\libc.a(libc_a-lock.o)
                              c:/program files (x86)/arm gnu toolchain arm-none-eabi/12.2 mpacbti-rel1/bin/../lib/gcc/arm-none-eabi/12.2.1/thumb/v7e-m/nofp\libc.a(libc_a-findfp.o) (__retarget_lock_init_recursive)
c:/program files (x86)/arm gnu toolchain arm-none-eabi/12.2 mpacbti-rel1/bin/../lib/gcc/arm-none-eabi/12.2.1/thumb/v7e-m/nofp\libc.a(libc_a-__call_atexit.o)
                              c:/program files (x86)/arm gnu toolchain arm-none-eabi/12.2 mpacbti-rel1/bin/../lib/gcc/arm-none-eabi/12.2.1/thumb/v7e-m/nofp\libc.a(libc_a-exit.o) (__call_exitprocs)
c:/program files (x86)/arm gnu toolchain arm-none-eabi/12.2 mpacbti-rel1/bin/../lib/gcc/arm-none-eabi/12.2.1/thumb/v7e-m/nofp\libc.a(libc_a-atexit.o)
[...]
Memory Configuration

Name             Origin             Length             Attributes
FLASH            0x08000000         0x00080000         xr
SRAM             0x20000000         0x00018000         xrw
*default*        0x00000000         0xffffffff

Linker script and memory map

LOAD c:/program files (x86)/arm gnu toolchain arm-none-eabi/12.2 mpacbti-rel1/bin/../lib/gcc/arm-none-eabi/12.2.1/thumb/v7e-m/nofp/crti.o
LOAD c:/program files (x86)/arm gnu toolchain arm-none-eabi/12.2 mpacbti-rel1/bin/../lib/gcc/arm-none-eabi/12.2.1/thumb/v7e-m/nofp/crtbegin.o
LOAD c:/program files (x86)/arm gnu toolchain arm-none-eabi/12.2 mpacbti-rel1/bin/../lib/gcc/arm-none-eabi/12.2.1/thumb/v7e-m/nofp/rdimon-crt0.o
LOAD c:/program files (x86)/arm gnu toolchain arm-none-eabi/12.2 mpacbti-rel1/bin/../lib/gcc/arm-none-eabi/12.2.1/thumb/v7e-m/nofp\libc.a
LOAD c:/program files (x86)/arm gnu toolchain arm-none-eabi/12.2 mpacbti-rel1/bin/../lib/gcc/arm-none-eabi/12.2.1/thumb/v7e-m/nofp\libm.a
LOAD Debug/stm32f4xx_hal_exti.o
LOAD Debug/stm32f4xx_hal.o
LOAD Debug/stm32f4xx_hal_cortex.o
LOAD Debug/stm32f4xx_hal_dma.o
LOAD Debug/stm32f4xx_hal_dma_ex.o
LOAD Debug/stm32f4xx_hal_flash.o
LOAD Debug/stm32f4xx_hal_flash_ex.o
LOAD Debug/stm32f4xx_hal_flash_ramfunc.o
LOAD Debug/stm32f4xx_hal_gpio.o
LOAD Debug/stm32f4xx_hal_pwr.o
LOAD Debug/stm32f4xx_hal_pwr_ex.o
LOAD Debug/stm32f4xx_hal_rcc.o
LOAD Debug/stm32f4xx_hal_rcc_ex.o
LOAD Debug/stm32f4xx_hal_tim.o
LOAD Debug/stm32f4xx_hal_tim_ex.o
LOAD Debug/stm32f4xx_hal_uart.o
LOAD Debug/main.o
LOAD Debug/stm32f4xx_hal_msp.o
LOAD Debug/stm32f4xx_it.o
LOAD Debug/system_stm32f4xx.o
LOAD Debug/stm32F401RE_startup.o
START GROUP
LOAD c:/program files (x86)/arm gnu toolchain arm-none-eabi/12.2 mpacbti-rel1/bin/../lib/gcc/arm-none-eabi/12.2.1/thumb/v7e-m/nofp\libgcc.a
LOAD c:/program files (x86)/arm gnu toolchain arm-none-eabi/12.2 mpacbti-rel1/bin/../lib/gcc/arm-none-eabi/12.2.1/thumb/v7e-m/nofp\libc.a
END GROUP
START GROUP
LOAD c:/program files (x86)/arm gnu toolchain arm-none-eabi/12.2 mpacbti-rel1/bin/../lib/gcc/arm-none-eabi/12.2.1/thumb/v7e-m/nofp\libgcc.a
LOAD c:/program files (x86)/arm gnu toolchain arm-none-eabi/12.2 mpacbti-rel1/bin/../lib/gcc/arm-none-eabi/12.2.1/thumb/v7e-m/nofp\libc.a
LOAD c:/program files (x86)/arm gnu toolchain arm-none-eabi/12.2 mpacbti-rel1/bin/../lib/gcc/arm-none-eabi/12.2.1/thumb/v7e-m/nofp\librdimon.a
END GROUP
LOAD c:/program files (x86)/arm gnu toolchain arm-none-eabi/12.2 mpacbti-rel1/bin/../lib/gcc/arm-none-eabi/12.2.1/thumb/v7e-m/nofp/crtend.o
LOAD c:/program files (x86)/arm gnu toolchain arm-none-eabi/12.2 mpacbti-rel1/bin/../lib/gcc/arm-none-eabi/12.2.1/thumb/v7e-m/nofp/crtn.o
                0x20018000                        _estack = (ORIGIN (SRAM) + LENGTH (SRAM))
                0x00000200                        __max_heap_size = 0x200
                0x00000400                        __max_stack_size = 0x400

.text           0x08000000     0xb0b8
                0x08000000                        . = ALIGN (0x4)
 *(.isr_vector_tbl)
 .isr_vector_tbl
                0x08000000      0x194 Debug/stm32F401RE_startup.o
                0x08000000                vector_tbl
 *(.text)
 .text          0x08000194        0x0 c:/program files (x86)/arm gnu toolchain arm-none-eabi/12.2 mpacbti-rel1/bin/../lib/gcc/arm-none-eabi/12.2.1/thumb/v7e-m/nofp/crti.o
 .text          0x08000194        0x0 c:/program files (x86)/arm gnu toolchain arm-none-eabi/12.2 mpacbti-rel1/bin/../lib/gcc/arm-none-eabi/12.2.1/thumb/v7e-m/nofp/crtbegin.o
 .text          0x08000194       0xf8 c:/program files (x86)/arm gnu toolchain arm-none-eabi/12.2 mpacbti-rel1/bin/../lib/gcc/arm-none-eabi/12.2.1/thumb/v7e-m/nofp/rdimon-crt0.o
                0x08000194                _stack_init
                0x080001a0                _start
                0x080001a0                _mainCRTStartup
 .text          0x0800028c        0x0 c:/program files (x86)/arm gnu toolchain arm-none-eabi/12.2 mpacbti-rel1/bin/../lib/gcc/arm-none-eabi/12.2.1/thumb/v7e-m/nofp\libc.a(libc_a-exit.o)
 .text          0x0800028c        0x0 c:/program files (x86)/arm gnu toolchain arm-none-eabi/12.2 mpacbti-rel1/bin/../lib/gcc/arm-none-eabi/12.2.1/thumb/v7e-m/nofp\libc.a(libc_a-findfp.o)
 .text          0x0800028c        0x0 c:/program files (x86)/arm gnu toolchain arm-none-eabi/12.2 mpacbti-rel1/bin/../lib/gcc/arm-none-eabi/12.2.1/thumb/v7e-m/nofp\libc.a(libc_a-fwalk.o)
 .text          0x0800028c        0x0 c:/program files (x86)/arm gnu toolchain arm-none-eabi/12.2 mpacbti-rel1/bin/../lib/gcc/arm-none-eabi/12.2.1/thumb/v7e-m/nofp\libc.a(libc_a-stdio.o)
 .text          0x0800028c        0x0 c:/program files (x86)/arm gnu toolchain arm-none-eabi/12.2 mpacbti-rel1/bin/../lib/gcc/arm-none-eabi/12.2.1/thumb/v7e-m/nofp\libc.a(libc_a-memset.o)
 .text          0x0800028c        0x0 c:/program files (x86)/arm gnu toolchain arm-none-eabi/12.2 mpacbti-rel1/bin/../lib/gcc/arm-none-eabi/12.2.1/thumb/v7e-m/nofp\libc.a(libc_a-closer.o)
 .text          0x0800028c        0x0 c:/program files (x86)/arm gnu toolchain arm-none-eabi/12.2 mpacbti-rel1/bin/../lib/gcc/arm-none-eabi/12.2.1/thumb/v7e-m/nofp\libc.a(libc_a-reent.o)
 .text          0x0800028c        0x0 c:/program files (x86)/arm gnu toolchain arm-none-eabi/12.2 mpacbti-rel1/bin/../lib/gcc/arm-none-eabi/12.2.1/thumb/v7e-m/nofp\libc.a(libc_a-impure.o)
 .text          0x0800028c        0x0 c:/program files (x86)/arm gnu toolchain arm-none-eabi/12.2 mpacbti-rel1/bin/../lib/gcc/arm-none-eabi/12.2.1/thumb/v7e-m/nofp\libc.a(libc_a-lseekr.o)
 .text          0x0800028c        0x0 c:/program files (x86)/arm gnu toolchain arm-none-eabi/12.2 mpacbti-rel1/bin/../lib/gcc/arm-none-eabi/12.2.1/thumb/v7e-m/nofp\libc.a(libc_a-readr.o)
 .text          0x0800028c        0x0 c:/program files (x86)/arm gnu toolchain arm-none-eabi/12.2 mpacbti-rel1/bin/../lib/gcc/arm-none-eabi/12.2.1/thumb/v7e-m/nofp\libc.a(libc_a-writer.o)
 .text          0x0800028c        0x0 c:/program files (x86)/arm gnu toolchain arm-none-eabi/12.2 mpacbti-rel1/bin/../lib/gcc/arm-none-eabi/12.2.1/thumb/v7e-m/nofp\libc.a(libc_a-init.o)
 .text          0x0800028c        0x0 c:/program files (x86)/arm gnu toolchain arm-none-eabi/12.2 mpacbti-rel1/bin/../lib/gcc/arm-none-eabi/12.2.1/thumb/v7e-m/nofp\libc.a(libc_a-lock.o)
 .text          0x0800028c        0x0 c:/program files (x86)/arm gnu toolchain arm-none-eabi/12.2 mpacbti-rel1/bin/../lib/gcc/arm-none-eabi/12.2.1/thumb/v7e-m/nofp\libc.a(libc_a-__call_atexit.o)
 .text          0x0800028c        0x0 c:/program files (x86)/arm gnu toolchain arm-none-eabi/12.2 mpacbti-rel1/bin/../lib/gcc/arm-none-eabi/12.2.1/thumb/v7e-m/nofp\libc.a(libc_a-atexit.o)
 .text          0x0800028c        0x0 c:/program files (x86)/arm gnu toolchain arm-none-eabi/12.2 mpacbti-rel1/bin/../lib/gcc/arm-none-eabi/12.2.1/thumb/v7e-m/nofp\libc.a(libc_a-freer.o)
 .text          0x0800028c        0x0 c:/program files (x86)/arm gnu toolchain arm-none-eabi/12.2 mpacbti-rel1/bin/../lib/gcc/arm-none-eabi/12.2.1/thumb/v7e-m/nofp\libc.a(libc_a-mallocr.o)
 .text          0x0800028c        0x0 c:/program files (x86)/arm gnu toolchain arm-none-eabi/12.2 mpacbti-rel1/bin/../lib/gcc/arm-none-eabi/12.2.1/thumb/v7e-m/nofp\libc.a(libc_a-mlock.o)
 .text          0x0800028c        0x0 c:/program files (x86)/arm gnu toolchain arm-none-eabi/12.2 mpacbti-rel1/bin/../lib/gcc/arm-none-eabi/12.2.1/thumb/v7e-m/nofp\libc.a(libc_a-fclose.o)
 .text          0x0800028c        0x0 c:/program files (x86)/arm gnu toolchain arm-none-eabi/12.2 mpacbti-rel1/bin/../lib/gcc/arm-none-eabi/12.2.1/thumb/v7e-m/nofp\libc.a(libc_a-fflush.o)
 .text          0x0800028c        0x0 c:/program files (x86)/arm gnu toolchain arm-none-eabi/12.2 mpacbti-rel1/bin/../lib/gcc/arm-none-eabi/12.2.1/thumb/v7e-m/nofp\libc.a(libc_a-sbrkr.o)
 .text          0x0800028c        0x0 c:/program files (x86)/arm gnu toolchain arm-none-eabi/12.2 mpacbti-rel1/bin/../lib/gcc/arm-none-eabi/12.2.1/thumb/v7e-m/nofp\libc.a(libc_a-fini.o)
 .text          0x0800028c        0x0 c:/program files (x86)/arm gnu toolchain arm-none-eabi/12.2 mpacbti-rel1/bin/../lib/gcc/arm-none-eabi/12.2.1/thumb/v7e-m/nofp\libc.a(libc_a-sysconf.o)
 .text          0x0800028c        0x0 c:/program files (x86)/arm gnu toolchain arm-none-eabi/12.2 mpacbti-rel1/bin/../lib/gcc/arm-none-eabi/12.2.1/thumb/v7e-m/nofp\libc.a(libc_a-__atexit.o)
 .text          0x0800028c        0x0 c:/program files (x86)/arm gnu toolchain arm-none-eabi/12.2 mpacbti-rel1/bin/../lib/gcc/arm-none-eabi/12.2.1/thumb/v7e-m/nofp\libc.a(libc_a-errno.o)
 .text          0x0800028c      0x43c Debug/stm32f4xx_hal_exti.o
                0x0800028c                HAL_EXTI_SetConfigLine
                0x080003d8                HAL_EXTI_GetConfigLine
                0x080004cc                HAL_EXTI_ClearConfigLine
                0x0800058c                HAL_EXTI_RegisterCallback
                0x080005be                HAL_EXTI_GetHandle
                0x080005e4                HAL_EXTI_IRQHandler
                0x0800062c                HAL_EXTI_GetPending
                0x0800066c                HAL_EXTI_ClearPending
                0x0800069c                HAL_EXTI_GenerateSWI
 .text          0x080006c8      0x39c Debug/stm32f4xx_hal.o
                0x080006c8                HAL_Init
                0x0800070c                HAL_DeInit
                0x08000770                HAL_MspDeInit
                0x0800077c                HAL_InitTick
                0x080007dc                HAL_IncTick
                0x08000800                HAL_GetTick
                0x08000814                HAL_GetTickPrio
                0x08000828                HAL_SetTickFreq
                0x08000878                HAL_GetTickFreq
                0x0800088c                HAL_Delay
                0x080008d4                HAL_SuspendTick
                0x080008f0                HAL_ResumeTick
                0x0800090c                HAL_GetHalVersion
                0x08000920                HAL_GetREVID
                0x08000938                HAL_GetDEVID
                0x08000950                HAL_DBGMCU_EnableDBGSleepMode
                0x0800096c                HAL_DBGMCU_DisableDBGSleepMode
                0x08000988                HAL_DBGMCU_EnableDBGStopMode
                0x080009a4                HAL_DBGMCU_DisableDBGStopMode
                0x080009c0                HAL_DBGMCU_EnableDBGStandbyMode
                0x080009dc                HAL_DBGMCU_DisableDBGStandbyMode
                0x080009f8                HAL_EnableCompensationCell
                0x08000a10                HAL_DisableCompensationCell
                0x08000a28                HAL_GetUIDw0
                0x08000a3c                HAL_GetUIDw1
                0x08000a50                HAL_GetUIDw2
 .text          0x08000a64      0x650 Debug/stm32f4xx_hal_cortex.o
                0x08000e20                HAL_NVIC_SetPriorityGrouping
                0x08000e36                HAL_NVIC_SetPriority
                0x08000e6e                HAL_NVIC_EnableIRQ
                0x08000e8a                HAL_NVIC_DisableIRQ
                0x08000ea6                HAL_NVIC_SystemReset
                0x08000eae                HAL_SYSTICK_Config
                0x08000ec6                HAL_MPU_Disable
                0x08000ef4                HAL_MPU_Enable
                0x08000f30                HAL_MPU_ConfigRegion
                0x08000fb8                HAL_NVIC_GetPriorityGrouping
                0x08000fc6                HAL_NVIC_GetPriority
                0x08000ff2                HAL_NVIC_SetPendingIRQ
                0x0800100e                HAL_NVIC_GetPendingIRQ
                0x0800102c                HAL_NVIC_ClearPendingIRQ
                0x08001048                HAL_NVIC_GetActive
                0x08001066                HAL_SYSTICK_CLKSourceConfig
                0x0800109c                HAL_SYSTICK_IRQHandler
                0x080010a8                HAL_SYSTICK_Callback
 .text          0x080010b4      0xc8c Debug/stm32f4xx_hal_dma.o
                0x080010b4                HAL_DMA_Init
                0x08001210                HAL_DMA_DeInit
                0x080012cc                HAL_DMA_Start
                0x08001342                HAL_DMA_Start_IT
                0x080013f2                HAL_DMA_Abort
                0x080014d2                HAL_DMA_Abort_IT
                0x08001514                HAL_DMA_PollForTransfer
                0x080016d2                HAL_DMA_IRQHandler
                0x080019e4                HAL_DMA_RegisterCallback
                0x08001a8a                HAL_DMA_UnRegisterCallback
                0x08001b58                HAL_DMA_GetState
                0x08001b72                HAL_DMA_GetError
 .text          0x08001d40     0x13a0 Debug/stm32f4xx_hal_dma_ex.o
                0x08001d40                HAL_DMAEx_MultiBufferStart
                0x08001dd6                HAL_DMAEx_MultiBufferStart_IT
                0x08003064                HAL_DMAEx_ChangeMemory
 .text          0x080030e0      0x618 Debug/stm32f4xx_hal_flash.o
                0x080030e0                HAL_FLASH_Program
                0x08003188                HAL_FLASH_Program_IT
                0x08003224                HAL_FLASH_IRQHandler
                0x08003364                HAL_FLASH_EndOfOperationCallback
                0x08003376                HAL_FLASH_OperationErrorCallback
                0x08003388                HAL_FLASH_Unlock
                0x080033cc                HAL_FLASH_Lock
                0x080033ec                HAL_FLASH_OB_Unlock
                0x08003424                HAL_FLASH_OB_Lock
                0x08003444                HAL_FLASH_OB_Launch
                0x0800346c                HAL_FLASH_GetError
                0x08003480                FLASH_WaitForLastOperation
 .text          0x080036f8      0x73c Debug/stm32f4xx_hal_flash_ex.o
                0x080036f8                HAL_FLASHEx_Erase
                0x080037d8                HAL_FLASHEx_Erase_IT
                0x08003884                HAL_FLASHEx_OBProgram
                0x08003960                HAL_FLASHEx_OBGetConfig
                0x080039a6                HAL_FLASHEx_AdvOBProgram
                0x080039ee                HAL_FLASHEx_AdvOBGetConfig
                0x08003a10                HAL_FLASHEx_OB_SelectPCROP
                0x08003a44                HAL_FLASHEx_OB_DeSelectPCROP
                0x08003ab4                FLASH_Erase_Sector
                0x08003dac                FLASH_FlushCaches
 .text          0x08003e34        0x0 Debug/stm32f4xx_hal_flash_ramfunc.o
 .text          0x08003e34      0x5ec Debug/stm32f4xx_hal_gpio.o
                0x08003e34                HAL_GPIO_Init
                0x08004138                HAL_GPIO_DeInit
                0x080042fc                HAL_GPIO_ReadPin
                0x0800432a                HAL_GPIO_WritePin
                0x0800435a                HAL_GPIO_TogglePin
                0x0800438c                HAL_GPIO_LockPin
                0x080043da                HAL_GPIO_EXTI_IRQHandler
                0x0800440c                HAL_GPIO_EXTI_Callback
 .text          0x08004420      0x30c Debug/stm32f4xx_hal_pwr.o
                0x08004420                HAL_PWR_DeInit
                0x08004448                HAL_PWR_EnableBkUpAccess
                0x08004470                HAL_PWR_DisableBkUpAccess
                0x08004498                HAL_PWR_ConfigPVD
                0x08004554                HAL_PWR_EnablePVD
                0x0800456c                HAL_PWR_DisablePVD
                0x08004584                HAL_PWR_EnableWakeUpPin
                0x080045a8                HAL_PWR_DisableWakeUpPin
                0x080045cc                HAL_PWR_EnterSLEEPMode
                0x08004604                HAL_PWR_EnterSTOPMode
                0x0800465c                HAL_PWR_EnterSTANDBYMode
                0x0800468c                HAL_PWR_PVD_IRQHandler
                0x080046b0                HAL_PWR_PVDCallback
                0x080046bc                HAL_PWR_EnableSleepOnExit
                0x080046d8                HAL_PWR_DisableSleepOnExit
                0x080046f4                HAL_PWR_EnableSEVOnPend
                0x08004710                HAL_PWR_DisableSEVOnPend
 .text          0x0800472c      0x234 Debug/stm32f4xx_hal_pwr_ex.o
                0x0800472c                HAL_PWREx_EnableBkUpReg
                0x08004778                HAL_PWREx_DisableBkUpReg
                0x080047c4                HAL_PWREx_EnableFlashPowerDown
                0x080047dc                HAL_PWREx_DisableFlashPowerDown
                0x080047f4                HAL_PWREx_GetVoltageRange
                0x0800480c                HAL_PWREx_ControlVoltageScaling
                0x08004900                HAL_PWREx_EnableMainRegulatorLowVoltage
                0x08004918                HAL_PWREx_DisableMainRegulatorLowVoltage
                0x08004930                HAL_PWREx_EnableLowRegulatorLowVoltage
                0x08004948                HAL_PWREx_DisableLowRegulatorLowVoltage
 .text          0x08004960      0xc04 Debug/stm32f4xx_hal_rcc.o
                0x0800496e                HAL_RCC_OscConfig
                0x08004e60                HAL_RCC_ClockConfig
                0x0800502c                HAL_RCC_MCOConfig
                0x080050fc                HAL_RCC_EnableCSS
                0x08005114                HAL_RCC_DisableCSS
                0x0800512c                HAL_RCC_GetSysClockFreq
                0x08005344                HAL_RCC_GetHCLKFreq
                0x08005358                HAL_RCC_GetPCLK1Freq
                0x08005380                HAL_RCC_GetPCLK2Freq
                0x080053a8                HAL_RCC_GetOscConfig
                0x080054d0                HAL_RCC_GetClockConfig
                0x08005530                HAL_RCC_NMI_IRQHandler
                0x08005558                HAL_RCC_CSSCallback
 .text          0x08005564      0x570 Debug/stm32f4xx_hal_rcc_ex.o
                0x08005564                HAL_RCCEx_PeriphCLKConfig
                0x08005740                HAL_RCCEx_GetPeriphCLKConfig
                0x080057b4                HAL_RCCEx_GetPeriphCLKFreq
                0x0800586c                HAL_RCCEx_EnablePLLI2S
                0x080058f4                HAL_RCCEx_DisablePLLI2S
                0x08005938                HAL_RCC_DeInit
 .text          0x08005ad4        0x0 Debug/stm32f4xx_hal_tim.o
 .text          0x08005ad4        0x0 Debug/stm32f4xx_hal_tim_ex.o
 .text          0x08005ad4     0x2e64 Debug/stm32f4xx_hal_uart.o
                0x08005ad4                HAL_UART_Init
                0x08005b6e                HAL_HalfDuplex_Init
                0x08005c18                HAL_LIN_Init
                0x08005ce4                HAL_MultiProcessor_Init
                0x08005dc4                HAL_UART_DeInit
                0x08005e46                HAL_UART_Transmit
                0x08005f6a                HAL_UART_Receive
                0x080060ae                HAL_UART_Transmit_IT
                0x08006136                HAL_UART_Receive_IT
                0x08006196                HAL_UART_Transmit_DMA
                0x08006294                HAL_UART_Receive_DMA
                0x080062f4                HAL_UART_DMAPause
                0x0800644a                HAL_UART_DMAResume
                0x08006582                HAL_UART_DMAStop
                0x08006680                HAL_UARTEx_ReceiveToIdle
                0x0800683a                HAL_UARTEx_ReceiveToIdle_IT
                0x08006904                HAL_UARTEx_ReceiveToIdle_DMA
                0x080069ce                HAL_UART_Abort
                0x08006ba4                HAL_UART_AbortTransmit
                0x08006c74                HAL_UART_AbortReceive
                0x08006dba                HAL_UART_Abort_IT
                0x08006fe4                HAL_UART_AbortTransmit_IT
                0x080070cc                HAL_UART_AbortReceive_IT
                0x08007230                HAL_UART_IRQHandler
                0x0800774a                HAL_UART_TxCpltCallback
                0x0800775c                HAL_UART_TxHalfCpltCallback
                0x0800776e                HAL_UART_RxCpltCallback
                0x08007780                HAL_UART_RxHalfCpltCallback
                0x08007792                HAL_UART_ErrorCallback
                0x080077a4                HAL_UART_AbortCpltCallback
                0x080077b6                HAL_UART_AbortTransmitCpltCallback
                0x080077c8                HAL_UART_AbortReceiveCpltCallback
                0x080077da                HAL_UARTEx_RxEventCallback
                0x080077f0                HAL_LIN_SendBreak
                0x08007866                HAL_MultiProcessor_EnterMuteMode
                0x080078dc                HAL_MultiProcessor_ExitMuteMode
                0x08007952                HAL_HalfDuplex_EnableTransmitter
                0x080079b8                HAL_HalfDuplex_EnableReceiver
                0x08007a1e                HAL_UART_GetState
                0x08007a58                HAL_UART_GetError
                0x08007df0                UART_Start_Receive_IT
                0x08007e6a                UART_Start_Receive_DMA
 .text          0x08008938      0x254 Debug/main.o
                0x08008938                main
                0x08008978                SystemClock_Config
                0x08008b80                Error_Handler
 .text          0x08008b8c      0x11c Debug/stm32f4xx_hal_msp.o
                0x08008b8c                HAL_MspInit
                0x08008bdc                HAL_UART_MspInit
                0x08008c6c                HAL_UART_MspDeInit
 .text          0x08008ca8       0x4e Debug/stm32f4xx_it.o
                0x08008ca8                NMI_Handler
                0x08008cae                HardFault_Handler
                0x08008cb4                MemManage_Handler
                0x08008cba                BusFault_Handler
                0x08008cc0                UsageFault_Handler
                0x08008cc6                SVC_Handler
                0x08008cd2                DebugMon_Handler
                0x08008cde                PendSV_Handler
                0x08008cea                SysTick_Handler
 *fill*         0x08008cf6        0x2 
 .text          0x08008cf8      0x10c Debug/system_stm32f4xx.o
                0x08008cf8                SystemInit
                0x08008d04                SystemCoreClockUpdate
 .text          0x08008e04       0x8c Debug/stm32F401RE_startup.o
                0x08008e04                RTC_Alarm_IRQHandler
                0x08008e04                EXTI2_IRQHandler
                0x08008e04                SPI4_IRQHandler
                0x08008e04                TIM1_CC_IRQHandler
                0x08008e04                DMA2_Stream5_IRQHandler
                0x08008e04                DMA1_Stream5_IRQHandler
                0x08008e04                PVD_IRQHandler
                0x08008e04                SDIO_IRQHandler
                0x08008e04                TAMP_STAMP_IRQHandler
                0x08008e04                EXTI3_IRQHandler
                0x08008e04                TIM1_UP_TIM10_IRQHandler
                0x08008e04                I2C3_ER_IRQHandler
                0x08008e04                EXTI0_IRQHandler
                0x08008e04                I2C2_EV_IRQHandler
                0x08008e04                DMA1_Stream2_IRQHandler
                0x08008e04                FPU_IRQHandler
                0x08008e04                DMA2_Stream2_IRQHandler
                0x08008e04                SPI1_IRQHandler
                0x08008e04                TIM1_BRK_TIM9_IRQHandler
                0x08008e04                DMA2_Stream3_IRQHandler
                0x08008e04                USART6_IRQHandler
                0x08008e04                DMA2_Stream6_IRQHandler
                0x08008e04                DMA2_Stream0_IRQHandler
                0x08008e04                TIM4_IRQHandler
                0x08008e04                I2C1_EV_IRQHandler
                0x08008e04                DMA1_Stream6_IRQHandler
                0x08008e04                DMA1_Stream1_IRQHandler
                0x08008e04                TIM3_IRQHandler
                0x08008e04                RCC_IRQHandler
                0x08008e04                Default_Handler
                0x08008e04                EXTI15_10_IRQHandler
                0x08008e04                ADC_IRQHandler
                0x08008e04                DMA1_Stream7_IRQHandler
                0x08008e04                TIM5_IRQHandler
                0x08008e04                DMA2_Stream7_IRQHandler
                0x08008e04                I2C3_EV_IRQHandler
                0x08008e04                EXTI9_5_IRQHandler
                0x08008e04                RTC_WKUP_IRQHandler
                0x08008e04                SPI2_IRQHandler
                0x08008e04                DMA1_Stream0_IRQHandler
                0x08008e04                EXTI4_IRQHandler
                0x08008e04                WWDG_IRQHandler
                0x08008e04                TIM2_IRQHandler
                0x08008e04                OTG_FS_WKUP_IRQHandler
                0x08008e04                TIM1_TRG_COM_TIM11_IRQHandler
                0x08008e04                EXTI1_IRQHandler
                0x08008e04                USART2_IRQHandler
                0x08008e04                I2C2_ER_IRQHandler
                0x08008e04                DMA2_Stream1_IRQHandler
                0x08008e04                FLASH_IRQHandler
                0x08008e04                DMA2_Stream4_IRQHandler
                0x08008e04                USART1_IRQHandler
                0x08008e04                OTG_FS_IRQHandler
                0x08008e04                SPI3_IRQHandler
                0x08008e04                DMA1_Stream4_IRQHandler
                0x08008e04                I2C1_ER_IRQHandler
                0x08008e04                DMA1_Stream3_IRQHandler
                0x08008e0a                Reset_Handler
 .text          0x08008e90       0x30 c:/program files (x86)/arm gnu toolchain arm-none-eabi/12.2 mpacbti-rel1/bin/../lib/gcc/arm-none-eabi/12.2.1/thumb/v7e-m/nofp\libgcc.a(_aeabi_uldivmod.o)
                0x08008e90                __aeabi_uldivmod
 .text          0x08008ec0        0x0 c:/program files (x86)/arm gnu toolchain arm-none-eabi/12.2 mpacbti-rel1/bin/../lib/gcc/arm-none-eabi/12.2.1/thumb/v7e-m/nofp\libgcc.a(_udivmoddi4.o)
 .text          0x08008ec0        0x4 c:/program files (x86)/arm gnu toolchain arm-none-eabi/12.2 mpacbti-rel1/bin/../lib/gcc/arm-none-eabi/12.2.1/thumb/v7e-m/nofp\libgcc.a(_dvmd_tls.o)
                0x08008ec0                __aeabi_idiv0
                0x08008ec0                __aeabi_ldiv0
 .text          0x08008ec4        0x0 c:/program files (x86)/arm gnu toolchain arm-none-eabi/12.2 mpacbti-rel1/bin/../lib/gcc/arm-none-eabi/12.2.1/thumb/v7e-m/nofp\librdimon.a(arm_librdimon_a-_exit.o)
 .text          0x08008ec4        0x0 c:/program files (x86)/arm gnu toolchain arm-none-eabi/12.2 mpacbti-rel1/bin/../lib/gcc/arm-none-eabi/12.2.1/thumb/v7e-m/nofp\librdimon.a(arm_librdimon_a-_kill.o)
 .text          0x08008ec4        0x0 c:/program files (x86)/arm gnu toolchain arm-none-eabi/12.2 mpacbti-rel1/bin/../lib/gcc/arm-none-eabi/12.2.1/thumb/v7e-m/nofp\librdimon.a(arm_librdimon_a-syscalls.o)
 *fill*         0x08008ec4       0x3c 
 .text          0x08008f00       0xd8 c:/program files (x86)/arm gnu toolchain arm-none-eabi/12.2 mpacbti-rel1/bin/../lib/gcc/arm-none-eabi/12.2.1/thumb/v7e-m/nofp\libc.a(libc_a-strlen.o)
                0x08008f00                strlen
 .text          0x08008fd8        0x0 c:/program files (x86)/arm gnu toolchain arm-none-eabi/12.2 mpacbti-rel1/bin/../lib/gcc/arm-none-eabi/12.2.1/thumb/v7e-m/nofp/crtend.o
 .text          0x08008fd8        0x0 c:/program files (x86)/arm gnu toolchain arm-none-eabi/12.2 mpacbti-rel1/bin/../lib/gcc/arm-none-eabi/12.2.1/thumb/v7e-m/nofp/crtn.o
 *(.text.*)
 .text.deregister_tm_clones
                0x08008fd8       0x1c c:/program files (x86)/arm gnu toolchain arm-none-eabi/12.2 mpacbti-rel1/bin/../lib/gcc/arm-none-eabi/12.2.1/thumb/v7e-m/nofp/crtbegin.o
 .text.register_tm_clones
                0x08008ff4       0x24 c:/program files (x86)/arm gnu toolchain arm-none-eabi/12.2 mpacbti-rel1/bin/../lib/gcc/arm-none-eabi/12.2.1/thumb/v7e-m/nofp/crtbegin.o
 .text.__do_global_dtors_aux
                0x08009018       0x28 c:/program files (x86)/arm gnu toolchain arm-none-eabi/12.2 mpacbti-rel1/bin/../lib/gcc/arm-none-eabi/12.2.1/thumb/v7e-m/nofp/crtbegin.o
 .text.frame_dummy
                0x08009040       0x24 c:/program files (x86)/arm gnu toolchain arm-none-eabi/12.2 mpacbti-rel1/bin/../lib/gcc/arm-none-eabi/12.2.1/thumb/v7e-m/nofp/crtbegin.o
 .text.exit     0x08009064       0x1c c:/program files (x86)/arm gnu toolchain arm-none-eabi/12.2 mpacbti-rel1/bin/../lib/gcc/arm-none-eabi/12.2.1/thumb/v7e-m/nofp\libc.a(libc_a-exit.o)
                0x08009064                exit
 .text.stdio_exit_handler
                0x08009080       0x18 c:/program files (x86)/arm gnu toolchain arm-none-eabi/12.2 mpacbti-rel1/bin/../lib/gcc/arm-none-eabi/12.2.1/thumb/v7e-m/nofp\libc.a(libc_a-findfp.o)
 .text.cleanup_stdio
                0x08009098       0x40 c:/program files (x86)/arm gnu toolchain arm-none-eabi/12.2 mpacbti-rel1/bin/../lib/gcc/arm-none-eabi/12.2.1/thumb/v7e-m/nofp\libc.a(libc_a-findfp.o)
 .text.__fp_lock
                0x080090d8       0x1c c:/program files (x86)/arm gnu toolchain arm-none-eabi/12.2 mpacbti-rel1/bin/../lib/gcc/arm-none-eabi/12.2.1/thumb/v7e-m/nofp\libc.a(libc_a-findfp.o)
 .text.__fp_unlock
                0x080090f4       0x1c c:/program files (x86)/arm gnu toolchain arm-none-eabi/12.2 mpacbti-rel1/bin/../lib/gcc/arm-none-eabi/12.2.1/thumb/v7e-m/nofp\libc.a(libc_a-findfp.o)
 .text.global_stdio_init.part.0
                0x08009110       0xf0 c:/program files (x86)/arm gnu toolchain arm-none-eabi/12.2 mpacbti-rel1/bin/../lib/gcc/arm-none-eabi/12.2.1/thumb/v7e-m/nofp\libc.a(libc_a-findfp.o)
 .text.__sfp    0x08009200       0xc0 c:/program files (x86)/arm gnu toolchain arm-none-eabi/12.2 mpacbti-rel1/bin/../lib/gcc/arm-none-eabi/12.2.1/thumb/v7e-m/nofp\libc.a(libc_a-findfp.o)
                0x08009200                __sfp
 .text.__sinit  0x080092c0       0x3c c:/program files (x86)/arm gnu toolchain arm-none-eabi/12.2 mpacbti-rel1/bin/../lib/gcc/arm-none-eabi/12.2.1/thumb/v7e-m/nofp\libc.a(libc_a-findfp.o)
                0x080092c0                __sinit
 .text.__sfp_lock_acquire
                0x080092fc        0xc c:/program files (x86)/arm gnu toolchain arm-none-eabi/12.2 mpacbti-rel1/bin/../lib/gcc/arm-none-eabi/12.2.1/thumb/v7e-m/nofp\libc.a(libc_a-findfp.o)
                0x080092fc                __sfp_lock_acquire
 .text.__sfp_lock_release
                0x08009308        0xc c:/program files (x86)/arm gnu toolchain arm-none-eabi/12.2 mpacbti-rel1/bin/../lib/gcc/arm-none-eabi/12.2.1/thumb/v7e-m/nofp\libc.a(libc_a-findfp.o)
                0x08009308                __sfp_lock_release
 .text.__fp_lock_all
                0x08009314       0x24 c:/program files (x86)/arm gnu toolchain arm-none-eabi/12.2 mpacbti-rel1/bin/../lib/gcc/arm-none-eabi/12.2.1/thumb/v7e-m/nofp\libc.a(libc_a-findfp.o)
                0x08009314                __fp_lock_all
 .text.__fp_unlock_all
                0x08009338       0x24 c:/program files (x86)/arm gnu toolchain arm-none-eabi/12.2 mpacbti-rel1/bin/../lib/gcc/arm-none-eabi/12.2.1/thumb/v7e-m/nofp\libc.a(libc_a-findfp.o)
                0x08009338                __fp_unlock_all
 .text._fwalk_sglue
                0x0800935c       0x48 c:/program files (x86)/arm gnu toolchain arm-none-eabi/12.2 mpacbti-rel1/bin/../lib/gcc/arm-none-eabi/12.2.1/thumb/v7e-m/nofp\libc.a(libc_a-fwalk.o)
                0x0800935c                _fwalk_sglue
 .text.__sread  0x080093a4       0x24 c:/program files (x86)/arm gnu toolchain arm-none-eabi/12.2 mpacbti-rel1/bin/../lib/gcc/arm-none-eabi/12.2.1/thumb/v7e-m/nofp\libc.a(libc_a-stdio.o)
                0x080093a4                __sread
 .text.__seofread
                0x080093c8        0x4 c:/program files (x86)/arm gnu toolchain arm-none-eabi/12.2 mpacbti-rel1/bin/../lib/gcc/arm-none-eabi/12.2.1/thumb/v7e-m/nofp\libc.a(libc_a-stdio.o)
                0x080093c8                __seofread
 .text.__swrite
                0x080093cc       0x40 c:/program files (x86)/arm gnu toolchain arm-none-eabi/12.2 mpacbti-rel1/bin/../lib/gcc/arm-none-eabi/12.2.1/thumb/v7e-m/nofp\libc.a(libc_a-stdio.o)
                0x080093cc                __swrite
 .text.__sseek  0x0800940c       0x24 c:/program files (x86)/arm gnu toolchain arm-none-eabi/12.2 mpacbti-rel1/bin/../lib/gcc/arm-none-eabi/12.2.1/thumb/v7e-m/nofp\libc.a(libc_a-stdio.o)
                0x0800940c                __sseek
 .text.__sclose
                0x08009430        0x8 c:/program files (x86)/arm gnu toolchain arm-none-eabi/12.2 mpacbti-rel1/bin/../lib/gcc/arm-none-eabi/12.2.1/thumb/v7e-m/nofp\libc.a(libc_a-stdio.o)
                0x08009430                __sclose
 .text.memset   0x08009438       0xa4 c:/program files (x86)/arm gnu toolchain arm-none-eabi/12.2 mpacbti-rel1/bin/../lib/gcc/arm-none-eabi/12.2.1/thumb/v7e-m/nofp\libc.a(libc_a-memset.o)
                0x08009438                memset
 .text._close_r
                0x080094dc       0x24 c:/program files (x86)/arm gnu toolchain arm-none-eabi/12.2 mpacbti-rel1/bin/../lib/gcc/arm-none-eabi/12.2.1/thumb/v7e-m/nofp\libc.a(libc_a-closer.o)
                0x080094dc                _close_r
 .text._reclaim_reent
                0x08009500       0x5c c:/program files (x86)/arm gnu toolchain arm-none-eabi/12.2 mpacbti-rel1/bin/../lib/gcc/arm-none-eabi/12.2.1/thumb/v7e-m/nofp\libc.a(libc_a-reent.o)
                0x08009500                _reclaim_reent
 .text._lseek_r
                0x0800955c       0x2c c:/program files (x86)/arm gnu toolchain arm-none-eabi/12.2 mpacbti-rel1/bin/../lib/gcc/arm-none-eabi/12.2.1/thumb/v7e-m/nofp\libc.a(libc_a-lseekr.o)
                0x0800955c                _lseek_r
 .text._read_r  0x08009588       0x2c c:/program files (x86)/arm gnu toolchain arm-none-eabi/12.2 mpacbti-rel1/bin/../lib/gcc/arm-none-eabi/12.2.1/thumb/v7e-m/nofp\libc.a(libc_a-readr.o)
                0x08009588                _read_r
 .text._write_r
                0x080095b4       0x2c c:/program files (x86)/arm gnu toolchain arm-none-eabi/12.2 mpacbti-rel1/bin/../lib/gcc/arm-none-eabi/12.2.1/thumb/v7e-m/nofp\libc.a(libc_a-writer.o)
                0x080095b4                _write_r
 .text.__libc_init_array
                0x080095e0       0x50 c:/program files (x86)/arm gnu toolchain arm-none-eabi/12.2 mpacbti-rel1/bin/../lib/gcc/arm-none-eabi/12.2.1/thumb/v7e-m/nofp\libc.a(libc_a-init.o)
                0x080095e0                __libc_init_array
 .text.__retarget_lock_init
                0x08009630        0x4 c:/program files (x86)/arm gnu toolchain arm-none-eabi/12.2 mpacbti-rel1/bin/../lib/gcc/arm-none-eabi/12.2.1/thumb/v7e-m/nofp\libc.a(libc_a-lock.o)
                0x08009630                __retarget_lock_init
 .text.__retarget_lock_init_recursive
                0x08009634        0x4 c:/program files (x86)/arm gnu toolchain arm-none-eabi/12.2 mpacbti-rel1/bin/../lib/gcc/arm-none-eabi/12.2.1/thumb/v7e-m/nofp\libc.a(libc_a-lock.o)
                0x08009634                __retarget_lock_init_recursive
 .text.__retarget_lock_close
                0x08009638        0x4 c:/program files (x86)/arm gnu toolchain arm-none-eabi/12.2 mpacbti-rel1/bin/../lib/gcc/arm-none-eabi/12.2.1/thumb/v7e-m/nofp\libc.a(libc_a-lock.o)
                0x08009638                __retarget_lock_close
 .text.__retarget_lock_close_recursive
                0x0800963c        0x4 c:/program files (x86)/arm gnu toolchain arm-none-eabi/12.2 mpacbti-rel1/bin/../lib/gcc/arm-none-eabi/12.2.1/thumb/v7e-m/nofp\libc.a(libc_a-lock.o)
                0x0800963c                __retarget_lock_close_recursive
 .text.__retarget_lock_acquire
                0x08009640        0x4 c:/program files (x86)/arm gnu toolchain arm-none-eabi/12.2 mpacbti-rel1/bin/../lib/gcc/arm-none-eabi/12.2.1/thumb/v7e-m/nofp\libc.a(libc_a-lock.o)
                0x08009640                __retarget_lock_acquire
 .text.__retarget_lock_acquire_recursive
                0x08009644        0x4 c:/program files (x86)/arm gnu toolchain arm-none-eabi/12.2 mpacbti-rel1/bin/../lib/gcc/arm-none-eabi/12.2.1/thumb/v7e-m/nofp\libc.a(libc_a-lock.o)
                0x08009644                __retarget_lock_acquire_recursive
 .text.__retarget_lock_try_acquire
                0x08009648        0x4 c:/program files (x86)/arm gnu toolchain arm-none-eabi/12.2 mpacbti-rel1/bin/../lib/gcc/arm-none-eabi/12.2.1/thumb/v7e-m/nofp\libc.a(libc_a-lock.o)
                0x08009648                __retarget_lock_try_acquire
 .text.__retarget_lock_try_acquire_recursive
                0x0800964c        0x4 c:/program files (x86)/arm gnu toolchain arm-none-eabi/12.2 mpacbti-rel1/bin/../lib/gcc/arm-none-eabi/12.2.1/thumb/v7e-m/nofp\libc.a(libc_a-lock.o)
                0x0800964c                __retarget_lock_try_acquire_recursive
 .text.__retarget_lock_release
                0x08009650        0x4 c:/program files (x86)/arm gnu toolchain arm-none-eabi/12.2 mpacbti-rel1/bin/../lib/gcc/arm-none-eabi/12.2.1/thumb/v7e-m/nofp\libc.a(libc_a-lock.o)
                0x08009650                __retarget_lock_release
 .text.__retarget_lock_release_recursive
                0x08009654        0x4 c:/program files (x86)/arm gnu toolchain arm-none-eabi/12.2 mpacbti-rel1/bin/../lib/gcc/arm-none-eabi/12.2.1/thumb/v7e-m/nofp\libc.a(libc_a-lock.o)
                0x08009654                __retarget_lock_release_recursive
 .text.startup.register_fini
                0x08009658       0x14 c:/program files (x86)/arm gnu toolchain arm-none-eabi/12.2 mpacbti-rel1/bin/../lib/gcc/arm-none-eabi/12.2.1/thumb/v7e-m/nofp\libc.a(libc_a-__call_atexit.o)
 .text.__call_exitprocs
                0x0800966c       0xb4 c:/program files (x86)/arm gnu toolchain arm-none-eabi/12.2 mpacbti-rel1/bin/../lib/gcc/arm-none-eabi/12.2.1/thumb/v7e-m/nofp\libc.a(libc_a-__call_atexit.o)
                0x0800966c                __call_exitprocs
 .text.atexit   0x08009720        0xc c:/program files (x86)/arm gnu toolchain arm-none-eabi/12.2 mpacbti-rel1/bin/../lib/gcc/arm-none-eabi/12.2.1/thumb/v7e-m/nofp\libc.a(libc_a-atexit.o)
                0x08009720                atexit
 .text._malloc_trim_r
                0x0800972c       0xb8 c:/program files (x86)/arm gnu toolchain arm-none-eabi/12.2 mpacbti-rel1/bin/../lib/gcc/arm-none-eabi/12.2.1/thumb/v7e-m/nofp\libc.a(libc_a-freer.o)
                0x0800972c                _malloc_trim_r
 .text._free_r  0x080097e4      0x1fc c:/program files (x86)/arm gnu toolchain arm-none-eabi/12.2 mpacbti-rel1/bin/../lib/gcc/arm-none-eabi/12.2.1/thumb/v7e-m/nofp\libc.a(libc_a-freer.o)
                0x080097e4                _free_r
 .text._malloc_r
                0x080099e0      0x574 c:/program files (x86)/arm gnu toolchain arm-none-eabi/12.2 mpacbti-rel1/bin/../lib/gcc/arm-none-eabi/12.2.1/thumb/v7e-m/nofp\libc.a(libc_a-mallocr.o)
                0x080099e0                _malloc_r
 .text.__malloc_lock
                0x08009f54        0xc c:/program files (x86)/arm gnu toolchain arm-none-eabi/12.2 mpacbti-rel1/bin/../lib/gcc/arm-none-eabi/12.2.1/thumb/v7e-m/nofp\libc.a(libc_a-mlock.o)
                0x08009f54                __malloc_lock
 .text.__malloc_unlock
                0x08009f60        0xc c:/program files (x86)/arm gnu toolchain arm-none-eabi/12.2 mpacbti-rel1/bin/../lib/gcc/arm-none-eabi/12.2.1/thumb/v7e-m/nofp\libc.a(libc_a-mlock.o)
                0x08009f60                __malloc_unlock
 .text._fclose_r
                0x08009f6c       0xc0 c:/program files (x86)/arm gnu toolchain arm-none-eabi/12.2 mpacbti-rel1/bin/../lib/gcc/arm-none-eabi/12.2.1/thumb/v7e-m/nofp\libc.a(libc_a-fclose.o)
                0x08009f6c                _fclose_r
 .text.fclose   0x0800a02c       0x10 c:/program files (x86)/arm gnu toolchain arm-none-eabi/12.2 mpacbti-rel1/bin/../lib/gcc/arm-none-eabi/12.2.1/thumb/v7e-m/nofp\libc.a(libc_a-fclose.o)
                0x0800a02c                fclose
 .text.__sflush_r
                0x0800a03c      0x128 c:/program files (x86)/arm gnu toolchain arm-none-eabi/12.2 mpacbti-rel1/bin/../lib/gcc/arm-none-eabi/12.2.1/thumb/v7e-m/nofp\libc.a(libc_a-fflush.o)
                0x0800a03c                __sflush_r
 .text._fflush_r
                0x0800a164       0x54 c:/program files (x86)/arm gnu toolchain arm-none-eabi/12.2 mpacbti-rel1/bin/../lib/gcc/arm-none-eabi/12.2.1/thumb/v7e-m/nofp\libc.a(libc_a-fflush.o)
                0x0800a164                _fflush_r
 .text.fflush   0x0800a1b8       0x74 c:/program files (x86)/arm gnu toolchain arm-none-eabi/12.2 mpacbti-rel1/bin/../lib/gcc/arm-none-eabi/12.2.1/thumb/v7e-m/nofp\libc.a(libc_a-fflush.o)
                0x0800a1b8                fflush
 .text._sbrk_r  0x0800a22c       0x24 c:/program files (x86)/arm gnu toolchain arm-none-eabi/12.2 mpacbti-rel1/bin/../lib/gcc/arm-none-eabi/12.2.1/thumb/v7e-m/nofp\libc.a(libc_a-sbrkr.o)
                0x0800a22c                _sbrk_r
 .text.__libc_fini_array
                0x0800a250       0x28 c:/program files (x86)/arm gnu toolchain arm-none-eabi/12.2 mpacbti-rel1/bin/../lib/gcc/arm-none-eabi/12.2.1/thumb/v7e-m/nofp\libc.a(libc_a-fini.o)
                0x0800a250                __libc_fini_array
 .text.sysconf  0x0800a278       0x1c c:/program files (x86)/arm gnu toolchain arm-none-eabi/12.2 mpacbti-rel1/bin/../lib/gcc/arm-none-eabi/12.2.1/thumb/v7e-m/nofp\libc.a(libc_a-sysconf.o)
                0x0800a278                sysconf
 .text.__register_exitproc
                0x0800a294       0x80 c:/program files (x86)/arm gnu toolchain arm-none-eabi/12.2 mpacbti-rel1/bin/../lib/gcc/arm-none-eabi/12.2.1/thumb/v7e-m/nofp\libc.a(libc_a-__atexit.o)
                0x0800a294                __register_exitproc
 .text.__errno  0x0800a314        0xc c:/program files (x86)/arm gnu toolchain arm-none-eabi/12.2 mpacbti-rel1/bin/../lib/gcc/arm-none-eabi/12.2.1/thumb/v7e-m/nofp\libc.a(libc_a-errno.o)
                0x0800a314                __errno
 .text.__udivmoddi4
                0x0800a320      0x2bc c:/program files (x86)/arm gnu toolchain arm-none-eabi/12.2 mpacbti-rel1/bin/../lib/gcc/arm-none-eabi/12.2.1/thumb/v7e-m/nofp\libgcc.a(_udivmoddi4.o)
                0x0800a320                __udivmoddi4
 .text._exit    0x0800a5dc       0x14 c:/program files (x86)/arm gnu toolchain arm-none-eabi/12.2 mpacbti-rel1/bin/../lib/gcc/arm-none-eabi/12.2.1/thumb/v7e-m/nofp\librdimon.a(arm_librdimon_a-_exit.o)
                0x0800a5dc                _exit
 .text._kill_shared
                0x0800a5f0       0x30 c:/program files (x86)/arm gnu toolchain arm-none-eabi/12.2 mpacbti-rel1/bin/../lib/gcc/arm-none-eabi/12.2.1/thumb/v7e-m/nofp\librdimon.a(arm_librdimon_a-_kill.o)
                0x0800a5f0                _kill_shared
 .text._kill    0x0800a620       0x1c c:/program files (x86)/arm gnu toolchain arm-none-eabi/12.2 mpacbti-rel1/bin/../lib/gcc/arm-none-eabi/12.2.1/thumb/v7e-m/nofp\librdimon.a(arm_librdimon_a-_kill.o)
                0x0800a620                _kill
 .text._swiread
                0x0800a63c       0x3c c:/program files (x86)/arm gnu toolchain arm-none-eabi/12.2 mpacbti-rel1/bin/../lib/gcc/arm-none-eabi/12.2.1/thumb/v7e-m/nofp\librdimon.a(arm_librdimon_a-syscalls.o)
                0x0800a63c                _swiread
 .text._read    0x0800a678       0x8c c:/program files (x86)/arm gnu toolchain arm-none-eabi/12.2 mpacbti-rel1/bin/../lib/gcc/arm-none-eabi/12.2.1/thumb/v7e-m/nofp\librdimon.a(arm_librdimon_a-syscalls.o)
                0x0800a678                _read
 .text._swilseek
                0x0800a704       0xbc c:/program files (x86)/arm gnu toolchain arm-none-eabi/12.2 mpacbti-rel1/bin/../lib/gcc/arm-none-eabi/12.2.1/thumb/v7e-m/nofp\librdimon.a(arm_librdimon_a-syscalls.o)
                0x0800a704                _swilseek
 .text._lseek   0x0800a7c0        0x4 c:/program files (x86)/arm gnu toolchain arm-none-eabi/12.2 mpacbti-rel1/bin/../lib/gcc/arm-none-eabi/12.2.1/thumb/v7e-m/nofp\librdimon.a(arm_librdimon_a-syscalls.o)
                0x0800a7c0                _lseek
 .text._swiwrite
                0x0800a7c4       0x3c c:/program files (x86)/arm gnu toolchain arm-none-eabi/12.2 mpacbti-rel1/bin/../lib/gcc/arm-none-eabi/12.2.1/thumb/v7e-m/nofp\librdimon.a(arm_librdimon_a-syscalls.o)
                0x0800a7c4                _swiwrite
 .text._write   0x0800a800       0xa8 c:/program files (x86)/arm gnu toolchain arm-none-eabi/12.2 mpacbti-rel1/bin/../lib/gcc/arm-none-eabi/12.2.1/thumb/v7e-m/nofp\librdimon.a(arm_librdimon_a-syscalls.o)
                0x0800a800                _write
 .text._swiclose
                0x0800a8a8       0x38 c:/program files (x86)/arm gnu toolchain arm-none-eabi/12.2 mpacbti-rel1/bin/../lib/gcc/arm-none-eabi/12.2.1/thumb/v7e-m/nofp\librdimon.a(arm_librdimon_a-syscalls.o)
                0x0800a8a8                _swiclose
 .text._close   0x0800a8e0       0x88 c:/program files (x86)/arm gnu toolchain arm-none-eabi/12.2 mpacbti-rel1/bin/../lib/gcc/arm-none-eabi/12.2.1/thumb/v7e-m/nofp\librdimon.a(arm_librdimon_a-syscalls.o)
                0x0800a8e0                _close
 .text._getpid  0x0800a968        0x4 c:/program files (x86)/arm gnu toolchain arm-none-eabi/12.2 mpacbti-rel1/bin/../lib/gcc/arm-none-eabi/12.2.1/thumb/v7e-m/nofp\librdimon.a(arm_librdimon_a-syscalls.o)
                0x0800a968                _getpid
 .text._sbrk    0x0800a96c       0x48 c:/program files (x86)/arm gnu toolchain arm-none-eabi/12.2 mpacbti-rel1/bin/../lib/gcc/arm-none-eabi/12.2.1/thumb/v7e-m/nofp\librdimon.a(arm_librdimon_a-syscalls.o)
                0x0800a96c                _sbrk
 .text._swistat
                0x0800a9b4       0x7c c:/program files (x86)/arm gnu toolchain arm-none-eabi/12.2 mpacbti-rel1/bin/../lib/gcc/arm-none-eabi/12.2.1/thumb/v7e-m/nofp\librdimon.a(arm_librdimon_a-syscalls.o)
                0x0800a9b4                _swistat
 .text._fstat   0x0800aa30       0x1c c:/program files (x86)/arm gnu toolchain arm-none-eabi/12.2 mpacbti-rel1/bin/../lib/gcc/arm-none-eabi/12.2.1/thumb/v7e-m/nofp\librdimon.a(arm_librdimon_a-syscalls.o)
                0x0800aa30                _fstat
 .text._stat    0x0800aa4c       0x3c c:/program files (x86)/arm gnu toolchain arm-none-eabi/12.2 mpacbti-rel1/bin/../lib/gcc/arm-none-eabi/12.2.1/thumb/v7e-m/nofp\librdimon.a(arm_librdimon_a-syscalls.o)
                0x0800aa4c                _stat
 .text._swiopen
                0x0800aa88       0xc8 c:/program files (x86)/arm gnu toolchain arm-none-eabi/12.2 mpacbti-rel1/bin/../lib/gcc/arm-none-eabi/12.2.1/thumb/v7e-m/nofp\librdimon.a(arm_librdimon_a-syscalls.o)
                0x0800aa88                _swiopen
 .text._open    0x0800ab50       0x14 c:/program files (x86)/arm gnu toolchain arm-none-eabi/12.2 mpacbti-rel1/bin/../lib/gcc/arm-none-eabi/12.2.1/thumb/v7e-m/nofp\librdimon.a(arm_librdimon_a-syscalls.o)
                0x0800ab50                _open
 .text._get_semihosting_exts
                0x0800ab64      0x104 c:/program files (x86)/arm gnu toolchain arm-none-eabi/12.2 mpacbti-rel1/bin/../lib/gcc/arm-none-eabi/12.2.1/thumb/v7e-m/nofp\librdimon.a(arm_librdimon_a-syscalls.o)
                0x0800ab64                _get_semihosting_exts
 .text._has_ext_exit_extended
                0x0800ac68       0x48 c:/program files (x86)/arm gnu toolchain arm-none-eabi/12.2 mpacbti-rel1/bin/../lib/gcc/arm-none-eabi/12.2.1/thumb/v7e-m/nofp\librdimon.a(arm_librdimon_a-syscalls.o)
                0x0800ac68                _has_ext_exit_extended
 .text._has_ext_stdout_stderr
                0x0800acb0       0x48 c:/program files (x86)/arm gnu toolchain arm-none-eabi/12.2 mpacbti-rel1/bin/../lib/gcc/arm-none-eabi/12.2.1/thumb/v7e-m/nofp\librdimon.a(arm_librdimon_a-syscalls.o)
                0x0800acb0                _has_ext_stdout_stderr
 .text.initialise_monitor_handles
                0x0800acf8      0x158 c:/program files (x86)/arm gnu toolchain arm-none-eabi/12.2 mpacbti-rel1/bin/../lib/gcc/arm-none-eabi/12.2.1/thumb/v7e-m/nofp\librdimon.a(arm_librdimon_a-syscalls.o)
                0x0800acf8                initialise_monitor_handles
 .text._link    0x0800ae50       0x10 c:/program files (x86)/arm gnu toolchain arm-none-eabi/12.2 mpacbti-rel1/bin/../lib/gcc/arm-none-eabi/12.2.1/thumb/v7e-m/nofp\librdimon.a(arm_librdimon_a-syscalls.o)
                0x0800ae50                _link
 .text._unlink  0x0800ae60       0x40 c:/program files (x86)/arm gnu toolchain arm-none-eabi/12.2 mpacbti-rel1/bin/../lib/gcc/arm-none-eabi/12.2.1/thumb/v7e-m/nofp\librdimon.a(arm_librdimon_a-syscalls.o)
                0x0800ae60                _unlink
 .text._gettimeofday
                0x0800aea0       0x28 c:/program files (x86)/arm gnu toolchain arm-none-eabi/12.2 mpacbti-rel1/bin/../lib/gcc/arm-none-eabi/12.2.1/thumb/v7e-m/nofp\librdimon.a(arm_librdimon_a-syscalls.o)
                0x0800aea0                _gettimeofday
 .text._clock   0x0800aec8       0x14 c:/program files (x86)/arm gnu toolchain arm-none-eabi/12.2 mpacbti-rel1/bin/../lib/gcc/arm-none-eabi/12.2.1/thumb/v7e-m/nofp\librdimon.a(arm_librdimon_a-syscalls.o)
                0x0800aec8                _clock
 .text._times   0x0800aedc       0x20 c:/program files (x86)/arm gnu toolchain arm-none-eabi/12.2 mpacbti-rel1/bin/../lib/gcc/arm-none-eabi/12.2.1/thumb/v7e-m/nofp\librdimon.a(arm_librdimon_a-syscalls.o)
                0x0800aedc                _times
 .text._isatty  0x0800aefc       0x64 c:/program files (x86)/arm gnu toolchain arm-none-eabi/12.2 mpacbti-rel1/bin/../lib/gcc/arm-none-eabi/12.2.1/thumb/v7e-m/nofp\librdimon.a(arm_librdimon_a-syscalls.o)
                0x0800aefc                _isatty
 .text._system  0x0800af60       0x58 c:/program files (x86)/arm gnu toolchain arm-none-eabi/12.2 mpacbti-rel1/bin/../lib/gcc/arm-none-eabi/12.2.1/thumb/v7e-m/nofp\librdimon.a(arm_librdimon_a-syscalls.o)
                0x0800af60                _system
 .text._rename  0x0800afb8       0x54 c:/program files (x86)/arm gnu toolchain arm-none-eabi/12.2 mpacbti-rel1/bin/../lib/gcc/arm-none-eabi/12.2.1/thumb/v7e-m/nofp\librdimon.a(arm_librdimon_a-syscalls.o)
                0x0800afb8                _rename
 *(.init)
 .init          0x0800b00c        0x4 c:/program files (x86)/arm gnu toolchain arm-none-eabi/12.2 mpacbti-rel1/bin/../lib/gcc/arm-none-eabi/12.2.1/thumb/v7e-m/nofp/crti.o
                0x0800b00c                _init
 .init          0x0800b010        0x8 c:/program files (x86)/arm gnu toolchain arm-none-eabi/12.2 mpacbti-rel1/bin/../lib/gcc/arm-none-eabi/12.2.1/thumb/v7e-m/nofp/crtn.o
 *(.fini)
 .fini          0x0800b018        0x4 c:/program files (x86)/arm gnu toolchain arm-none-eabi/12.2 mpacbti-rel1/bin/../lib/gcc/arm-none-eabi/12.2.1/thumb/v7e-m/nofp/crti.o
                0x0800b018                _fini
 .fini          0x0800b01c        0x8 c:/program files (x86)/arm gnu toolchain arm-none-eabi/12.2 mpacbti-rel1/bin/../lib/gcc/arm-none-eabi/12.2.1/thumb/v7e-m/nofp/crtn.o
 *(.rodata)
 .rodata        0x0800b024        0x8 Debug/stm32f4xx_hal_dma.o
 .rodata        0x0800b02c       0x10 Debug/main.o
 .rodata        0x0800b03c       0x18 Debug/system_stm32f4xx.o
                0x0800b03c                AHBPrescTable
                0x0800b04c                APBPrescTable
 *(.rodata.*)
 .rodata.all_implied_fbits
                0x0800b054       0x24 c:/program files (x86)/arm gnu toolchain arm-none-eabi/12.2 mpacbti-rel1/bin/../lib/gcc/arm-none-eabi/12.2.1/thumb/v7e-m/nofp/crtbegin.o
 .rodata._get_semihosting_exts.str1.4
                0x0800b078       0x16 c:/program files (x86)/arm gnu toolchain arm-none-eabi/12.2 mpacbti-rel1/bin/../lib/gcc/arm-none-eabi/12.2.1/thumb/v7e-m/nofp\librdimon.a(arm_librdimon_a-syscalls.o)
 *fill*         0x0800b08e        0x2 
 .rodata.initialise_monitor_handles.str1.4
                0x0800b090        0x4 c:/program files (x86)/arm gnu toolchain arm-none-eabi/12.2 mpacbti-rel1/bin/../lib/gcc/arm-none-eabi/12.2.1/thumb/v7e-m/nofp\librdimon.a(arm_librdimon_a-syscalls.o)
 .rodata.all_implied_fbits
                0x0800b094       0x24 c:/program files (x86)/arm gnu toolchain arm-none-eabi/12.2 mpacbti-rel1/bin/../lib/gcc/arm-none-eabi/12.2.1/thumb/v7e-m/nofp/crtend.o
                0x0800b0b8                        . = ALIGN (0x4)
                0x0800b0b8                        _etext = .
                0x0800b0f8                        _ldata = LOADADDR (.data)

.glue_7         0x0800b0b8        0x0
 .glue_7        0x0800b0b8        0x0 linker stubs

.glue_7t        0x0800b0b8        0x0
 .glue_7t       0x0800b0b8        0x0 linker stubs

.vfp11_veneer   0x0800b0b8        0x0
 .vfp11_veneer  0x0800b0b8        0x0 linker stubs

.v4_bx          0x0800b0b8        0x0
 .v4_bx         0x0800b0b8        0x0 linker stubs

.iplt           0x0800b0b8        0x0
 .iplt          0x0800b0b8        0x0 c:/program files (x86)/arm gnu toolchain arm-none-eabi/12.2 mpacbti-rel1/bin/../lib/gcc/arm-none-eabi/12.2.1/thumb/v7e-m/nofp/crtbegin.o

.eh_frame       0x0800b0b8       0x38
 .eh_frame      0x0800b0b8        0x0 c:/program files (x86)/arm gnu toolchain arm-none-eabi/12.2 mpacbti-rel1/bin/../lib/gcc/arm-none-eabi/12.2.1/thumb/v7e-m/nofp/crtbegin.o
 .eh_frame      0x0800b0b8       0x34 c:/program files (x86)/arm gnu toolchain arm-none-eabi/12.2 mpacbti-rel1/bin/../lib/gcc/arm-none-eabi/12.2.1/thumb/v7e-m/nofp\libc.a(libc_a-strlen.o)
 .eh_frame      0x0800b0ec        0x4 c:/program files (x86)/arm gnu toolchain arm-none-eabi/12.2 mpacbti-rel1/bin/../lib/gcc/arm-none-eabi/12.2.1/thumb/v7e-m/nofp/crtend.o

.ARM.extab      0x0800b0f0        0x0
 .ARM.extab     0x0800b0f0        0x0 c:/program files (x86)/arm gnu toolchain arm-none-eabi/12.2 mpacbti-rel1/bin/../lib/gcc/arm-none-eabi/12.2.1/thumb/v7e-m/nofp/rdimon-crt0.o
 .ARM.extab     0x0800b0f0        0x0 c:/program files (x86)/arm gnu toolchain arm-none-eabi/12.2 mpacbti-rel1/bin/../lib/gcc/arm-none-eabi/12.2.1/thumb/v7e-m/nofp\libc.a(libc_a-strlen.o)

.ARM.exidx      0x0800b0f0        0x8
 .ARM.exidx     0x0800b0f0        0x8 c:/program files (x86)/arm gnu toolchain arm-none-eabi/12.2 mpacbti-rel1/bin/../lib/gcc/arm-none-eabi/12.2.1/thumb/v7e-m/nofp/rdimon-crt0.o
                                 0x10 (size before relaxing)
 .ARM.exidx     0x0800b0f8        0x0 c:/program files (x86)/arm gnu toolchain arm-none-eabi/12.2 mpacbti-rel1/bin/../lib/gcc/arm-none-eabi/12.2.1/thumb/v7e-m/nofp\libc.a(libc_a-strlen.o)
                                  0x8 (size before relaxing)

.ARM.extab.text.__udivmoddi4
                0x0800b0f8        0x0
 .ARM.extab.text.__udivmoddi4
                0x0800b0f8        0x0 c:/program files (x86)/arm gnu toolchain arm-none-eabi/12.2 mpacbti-rel1/bin/../lib/gcc/arm-none-eabi/12.2.1/thumb/v7e-m/nofp\libgcc.a(_udivmoddi4.o)

.ARM.exidx.text.__udivmoddi4
                0x0800b0f8        0x0
 .ARM.exidx.text.__udivmoddi4
                0x0800b0f8        0x0 c:/program files (x86)/arm gnu toolchain arm-none-eabi/12.2 mpacbti-rel1/bin/../lib/gcc/arm-none-eabi/12.2.1/thumb/v7e-m/nofp\libgcc.a(_udivmoddi4.o)
                                  0x8 (size before relaxing)

.rel.dyn        0x0800b0f8        0x0
 .rel.iplt      0x0800b0f8        0x0 c:/program files (x86)/arm gnu toolchain arm-none-eabi/12.2 mpacbti-rel1/bin/../lib/gcc/arm-none-eabi/12.2.1/thumb/v7e-m/nofp/crtbegin.o

.data           0x20000000      0x67c load address 0x0800b0f8
                0x20000000                        . = ALIGN (0x4)
                0x20000000                        _sdata = .
 *(.data)
 .data          0x20000000        0x0 c:/program files (x86)/arm gnu toolchain arm-none-eabi/12.2 mpacbti-rel1/bin/../lib/gcc/arm-none-eabi/12.2.1/thumb/v7e-m/nofp/crti.o
 .data          0x20000000        0x0 c:/program files (x86)/arm gnu toolchain arm-none-eabi/12.2 mpacbti-rel1/bin/../lib/gcc/arm-none-eabi/12.2.1/thumb/v7e-m/nofp/crtbegin.o
 .data          0x20000000      0x118 c:/program files (x86)/arm gnu toolchain arm-none-eabi/12.2 mpacbti-rel1/bin/../lib/gcc/arm-none-eabi/12.2.1/thumb/v7e-m/nofp/rdimon-crt0.o
                0x20000008                __stack_base__
 .data          0x20000118        0x0 c:/program files (x86)/arm gnu toolchain arm-none-eabi/12.2 mpacbti-rel1/bin/../lib/gcc/arm-none-eabi/12.2.1/thumb/v7e-m/nofp\libc.a(libc_a-exit.o)
 .data          0x20000118        0x0 c:/program files (x86)/arm gnu toolchain arm-none-eabi/12.2 mpacbti-rel1/bin/../lib/gcc/arm-none-eabi/12.2.1/thumb/v7e-m/nofp\libc.a(libc_a-findfp.o)
 .data          0x20000118        0x0 c:/program files (x86)/arm gnu toolchain arm-none-eabi/12.2 mpacbti-rel1/bin/../lib/gcc/arm-none-eabi/12.2.1/thumb/v7e-m/nofp\libc.a(libc_a-fwalk.o)
 .data          0x20000118        0x0 c:/program files (x86)/arm gnu toolchain arm-none-eabi/12.2 mpacbti-rel1/bin/../lib/gcc/arm-none-eabi/12.2.1/thumb/v7e-m/nofp\libc.a(libc_a-stdio.o)
 .data          0x20000118        0x0 c:/program files (x86)/arm gnu toolchain arm-none-eabi/12.2 mpacbti-rel1/bin/../lib/gcc/arm-none-eabi/12.2.1/thumb/v7e-m/nofp\libc.a(libc_a-memset.o)
 .data          0x20000118        0x0 c:/program files (x86)/arm gnu toolchain arm-none-eabi/12.2 mpacbti-rel1/bin/../lib/gcc/arm-none-eabi/12.2.1/thumb/v7e-m/nofp\libc.a(libc_a-closer.o)
 .data          0x20000118        0x0 c:/program files (x86)/arm gnu toolchain arm-none-eabi/12.2 mpacbti-rel1/bin/../lib/gcc/arm-none-eabi/12.2.1/thumb/v7e-m/nofp\libc.a(libc_a-reent.o)
 .data          0x20000118        0x0 c:/program files (x86)/arm gnu toolchain arm-none-eabi/12.2 mpacbti-rel1/bin/../lib/gcc/arm-none-eabi/12.2.1/thumb/v7e-m/nofp\libc.a(libc_a-impure.o)
 .data          0x20000118        0x0 c:/program files (x86)/arm gnu toolchain arm-none-eabi/12.2 mpacbti-rel1/bin/../lib/gcc/arm-none-eabi/12.2.1/thumb/v7e-m/nofp\libc.a(libc_a-lseekr.o)
 .data          0x20000118        0x0 c:/program files (x86)/arm gnu toolchain arm-none-eabi/12.2 mpacbti-rel1/bin/../lib/gcc/arm-none-eabi/12.2.1/thumb/v7e-m/nofp\libc.a(libc_a-readr.o)
 .data          0x20000118        0x0 c:/program files (x86)/arm gnu toolchain arm-none-eabi/12.2 mpacbti-rel1/bin/../lib/gcc/arm-none-eabi/12.2.1/thumb/v7e-m/nofp\libc.a(libc_a-writer.o)
 .data          0x20000118        0x0 c:/program files (x86)/arm gnu toolchain arm-none-eabi/12.2 mpacbti-rel1/bin/../lib/gcc/arm-none-eabi/12.2.1/thumb/v7e-m/nofp\libc.a(libc_a-init.o)
 .data          0x20000118        0x0 c:/program files (x86)/arm gnu toolchain arm-none-eabi/12.2 mpacbti-rel1/bin/../lib/gcc/arm-none-eabi/12.2.1/thumb/v7e-m/nofp\libc.a(libc_a-lock.o)
 .data          0x20000118        0x0 c:/program files (x86)/arm gnu toolchain arm-none-eabi/12.2 mpacbti-rel1/bin/../lib/gcc/arm-none-eabi/12.2.1/thumb/v7e-m/nofp\libc.a(libc_a-__call_atexit.o)
 .data          0x20000118        0x0 c:/program files (x86)/arm gnu toolchain arm-none-eabi/12.2 mpacbti-rel1/bin/../lib/gcc/arm-none-eabi/12.2.1/thumb/v7e-m/nofp\libc.a(libc_a-atexit.o)
 .data          0x20000118        0x0 c:/program files (x86)/arm gnu toolchain arm-none-eabi/12.2 mpacbti-rel1/bin/../lib/gcc/arm-none-eabi/12.2.1/thumb/v7e-m/nofp\libc.a(libc_a-freer.o)
 .data          0x20000118        0x0 c:/program files (x86)/arm gnu toolchain arm-none-eabi/12.2 mpacbti-rel1/bin/../lib/gcc/arm-none-eabi/12.2.1/thumb/v7e-m/nofp\libc.a(libc_a-mallocr.o)
 .data          0x20000118        0x0 c:/program files (x86)/arm gnu toolchain arm-none-eabi/12.2 mpacbti-rel1/bin/../lib/gcc/arm-none-eabi/12.2.1/thumb/v7e-m/nofp\libc.a(libc_a-mlock.o)
 .data          0x20000118        0x0 c:/program files (x86)/arm gnu toolchain arm-none-eabi/12.2 mpacbti-rel1/bin/../lib/gcc/arm-none-eabi/12.2.1/thumb/v7e-m/nofp\libc.a(libc_a-fclose.o)
 .data          0x20000118        0x0 c:/program files (x86)/arm gnu toolchain arm-none-eabi/12.2 mpacbti-rel1/bin/../lib/gcc/arm-none-eabi/12.2.1/thumb/v7e-m/nofp\libc.a(libc_a-fflush.o)
 .data          0x20000118        0x0 c:/program files (x86)/arm gnu toolchain arm-none-eabi/12.2 mpacbti-rel1/bin/../lib/gcc/arm-none-eabi/12.2.1/thumb/v7e-m/nofp\libc.a(libc_a-sbrkr.o)
 .data          0x20000118        0x0 c:/program files (x86)/arm gnu toolchain arm-none-eabi/12.2 mpacbti-rel1/bin/../lib/gcc/arm-none-eabi/12.2.1/thumb/v7e-m/nofp\libc.a(libc_a-fini.o)
 .data          0x20000118        0x0 c:/program files (x86)/arm gnu toolchain arm-none-eabi/12.2 mpacbti-rel1/bin/../lib/gcc/arm-none-eabi/12.2.1/thumb/v7e-m/nofp\libc.a(libc_a-sysconf.o)
 .data          0x20000118        0x0 c:/program files (x86)/arm gnu toolchain arm-none-eabi/12.2 mpacbti-rel1/bin/../lib/gcc/arm-none-eabi/12.2.1/thumb/v7e-m/nofp\libc.a(libc_a-__atexit.o)
 .data          0x20000118        0x0 c:/program files (x86)/arm gnu toolchain arm-none-eabi/12.2 mpacbti-rel1/bin/../lib/gcc/arm-none-eabi/12.2.1/thumb/v7e-m/nofp\libc.a(libc_a-errno.o)
 .data          0x20000118        0x0 Debug/stm32f4xx_hal_exti.o
 .data          0x20000118        0x5 Debug/stm32f4xx_hal.o
                0x20000118                uwTickPrio
                0x2000011c                uwTickFreq
 .data          0x2000011d        0x0 Debug/stm32f4xx_hal_cortex.o
 .data          0x2000011d        0x0 Debug/stm32f4xx_hal_dma.o
 .data          0x2000011d        0x0 Debug/stm32f4xx_hal_dma_ex.o
 .data          0x2000011d        0x0 Debug/stm32f4xx_hal_flash.o
 .data          0x2000011d        0x0 Debug/stm32f4xx_hal_flash_ex.o
 .data          0x2000011d        0x0 Debug/stm32f4xx_hal_flash_ramfunc.o
 .data          0x2000011d        0x0 Debug/stm32f4xx_hal_gpio.o
 .data          0x2000011d        0x0 Debug/stm32f4xx_hal_pwr.o
 .data          0x2000011d        0x0 Debug/stm32f4xx_hal_pwr_ex.o
 .data          0x2000011d        0x0 Debug/stm32f4xx_hal_rcc.o
 .data          0x2000011d        0x0 Debug/stm32f4xx_hal_rcc_ex.o
 .data          0x2000011d        0x0 Debug/stm32f4xx_hal_tim.o
 .data          0x2000011d        0x0 Debug/stm32f4xx_hal_tim_ex.o
 .data          0x2000011d        0x0 Debug/stm32f4xx_hal_uart.o
 .data          0x2000011d        0x0 Debug/main.o
 .data          0x2000011d        0x0 Debug/stm32f4xx_hal_msp.o
 .data          0x2000011d        0x0 Debug/stm32f4xx_it.o
 *fill*         0x2000011d        0x3 
 .data          0x20000120        0x4 Debug/system_stm32f4xx.o
                0x20000120                SystemCoreClock
 .data          0x20000124        0x0 Debug/stm32F401RE_startup.o
 .data          0x20000124        0x0 c:/program files (x86)/arm gnu toolchain arm-none-eabi/12.2 mpacbti-rel1/bin/../lib/gcc/arm-none-eabi/12.2.1/thumb/v7e-m/nofp\libgcc.a(_aeabi_uldivmod.o)
 .data          0x20000124        0x0 c:/program files (x86)/arm gnu toolchain arm-none-eabi/12.2 mpacbti-rel1/bin/../lib/gcc/arm-none-eabi/12.2.1/thumb/v7e-m/nofp\libgcc.a(_udivmoddi4.o)
 .data          0x20000124        0x0 c:/program files (x86)/arm gnu toolchain arm-none-eabi/12.2 mpacbti-rel1/bin/../lib/gcc/arm-none-eabi/12.2.1/thumb/v7e-m/nofp\libgcc.a(_dvmd_tls.o)
 .data          0x20000124        0x0 c:/program files (x86)/arm gnu toolchain arm-none-eabi/12.2 mpacbti-rel1/bin/../lib/gcc/arm-none-eabi/12.2.1/thumb/v7e-m/nofp\librdimon.a(arm_librdimon_a-_exit.o)
 .data          0x20000124        0x0 c:/program files (x86)/arm gnu toolchain arm-none-eabi/12.2 mpacbti-rel1/bin/../lib/gcc/arm-none-eabi/12.2.1/thumb/v7e-m/nofp\librdimon.a(arm_librdimon_a-_kill.o)
 .data          0x20000124        0x0 c:/program files (x86)/arm gnu toolchain arm-none-eabi/12.2 mpacbti-rel1/bin/../lib/gcc/arm-none-eabi/12.2.1/thumb/v7e-m/nofp\librdimon.a(arm_librdimon_a-syscalls.o)
 .data          0x20000124        0x0 c:/program files (x86)/arm gnu toolchain arm-none-eabi/12.2 mpacbti-rel1/bin/../lib/gcc/arm-none-eabi/12.2.1/thumb/v7e-m/nofp\libc.a(libc_a-strlen.o)
 .data          0x20000124        0x0 c:/program files (x86)/arm gnu toolchain arm-none-eabi/12.2 mpacbti-rel1/bin/../lib/gcc/arm-none-eabi/12.2.1/thumb/v7e-m/nofp/crtend.o
 .data          0x20000124        0x0 c:/program files (x86)/arm gnu toolchain arm-none-eabi/12.2 mpacbti-rel1/bin/../lib/gcc/arm-none-eabi/12.2.1/thumb/v7e-m/nofp/crtn.o
 *(.data.*)
 .data.__dso_handle
                0x20000124        0x4 c:/program files (x86)/arm gnu toolchain arm-none-eabi/12.2 mpacbti-rel1/bin/../lib/gcc/arm-none-eabi/12.2.1/thumb/v7e-m/nofp/crtbegin.o
                0x20000124                __dso_handle
 .data.__sglue  0x20000128        0xc c:/program files (x86)/arm gnu toolchain arm-none-eabi/12.2 mpacbti-rel1/bin/../lib/gcc/arm-none-eabi/12.2.1/thumb/v7e-m/nofp\libc.a(libc_a-findfp.o)
                0x20000128                __sglue
 .data._impure_ptr
                0x20000134        0x4 c:/program files (x86)/arm gnu toolchain arm-none-eabi/12.2 mpacbti-rel1/bin/../lib/gcc/arm-none-eabi/12.2.1/thumb/v7e-m/nofp\libc.a(libc_a-impure.o)
                0x20000134                _impure_ptr
 .data._impure_data
                0x20000138      0x120 c:/program files (x86)/arm gnu toolchain arm-none-eabi/12.2 mpacbti-rel1/bin/../lib/gcc/arm-none-eabi/12.2.1/thumb/v7e-m/nofp\libc.a(libc_a-impure.o)
                0x20000138                _impure_data
 .data.__atexit_recursive_mutex
                0x20000258        0x4 c:/program files (x86)/arm gnu toolchain arm-none-eabi/12.2 mpacbti-rel1/bin/../lib/gcc/arm-none-eabi/12.2.1/thumb/v7e-m/nofp\libc.a(libc_a-__call_atexit.o)
                0x20000258                __atexit_recursive_mutex
 .data.__malloc_sbrk_base
                0x2000025c        0x4 c:/program files (x86)/arm gnu toolchain arm-none-eabi/12.2 mpacbti-rel1/bin/../lib/gcc/arm-none-eabi/12.2.1/thumb/v7e-m/nofp\libc.a(libc_a-mallocr.o)
                0x2000025c                __malloc_sbrk_base
 .data.__malloc_trim_threshold
                0x20000260        0x4 c:/program files (x86)/arm gnu toolchain arm-none-eabi/12.2 mpacbti-rel1/bin/../lib/gcc/arm-none-eabi/12.2.1/thumb/v7e-m/nofp\libc.a(libc_a-mallocr.o)
                0x20000260                __malloc_trim_threshold
 *fill*         0x20000264        0x4 
 .data.__malloc_av_
                0x20000268      0x408 c:/program files (x86)/arm gnu toolchain arm-none-eabi/12.2 mpacbti-rel1/bin/../lib/gcc/arm-none-eabi/12.2.1/thumb/v7e-m/nofp\libc.a(libc_a-mallocr.o)
                0x20000268                __malloc_av_
 .data.__heap_limit
                0x20000670        0x4 c:/program files (x86)/arm gnu toolchain arm-none-eabi/12.2 mpacbti-rel1/bin/../lib/gcc/arm-none-eabi/12.2.1/thumb/v7e-m/nofp\librdimon.a(arm_librdimon_a-syscalls.o)
                0x20000670                __heap_limit
 .data.supports_ext_stdout_stderr
                0x20000674        0x4 c:/program files (x86)/arm gnu toolchain arm-none-eabi/12.2 mpacbti-rel1/bin/../lib/gcc/arm-none-eabi/12.2.1/thumb/v7e-m/nofp\librdimon.a(arm_librdimon_a-syscalls.o)
 .data.supports_ext_exit_extended
                0x20000678        0x4 c:/program files (x86)/arm gnu toolchain arm-none-eabi/12.2 mpacbti-rel1/bin/../lib/gcc/arm-none-eabi/12.2.1/thumb/v7e-m/nofp\librdimon.a(arm_librdimon_a-syscalls.o)
                0x2000067c                        . = ALIGN (0x4)
                0x2000067c                        _edata = .

.init_array     0x2000067c        0x4 load address 0x0800b774
 .init_array    0x2000067c        0x4 c:/program files (x86)/arm gnu toolchain arm-none-eabi/12.2 mpacbti-rel1/bin/../lib/gcc/arm-none-eabi/12.2.1/thumb/v7e-m/nofp/crtbegin.o

.fini_array     0x20000680        0x4 load address 0x0800b778
 .fini_array    0x20000680        0x4 c:/program files (x86)/arm gnu toolchain arm-none-eabi/12.2 mpacbti-rel1/bin/../lib/gcc/arm-none-eabi/12.2.1/thumb/v7e-m/nofp/crtbegin.o

.tm_clone_table
                0x20000684        0x0 load address 0x0800b77c
 .tm_clone_table
                0x20000684        0x0 c:/program files (x86)/arm gnu toolchain arm-none-eabi/12.2 mpacbti-rel1/bin/../lib/gcc/arm-none-eabi/12.2.1/thumb/v7e-m/nofp/crtbegin.o
 .tm_clone_table
                0x20000684        0x0 c:/program files (x86)/arm gnu toolchain arm-none-eabi/12.2 mpacbti-rel1/bin/../lib/gcc/arm-none-eabi/12.2.1/thumb/v7e-m/nofp/crtend.o

.igot.plt       0x20000684        0x0 load address 0x0800b77c
 .igot.plt      0x20000684        0x0 c:/program files (x86)/arm gnu toolchain arm-none-eabi/12.2 mpacbti-rel1/bin/../lib/gcc/arm-none-eabi/12.2.1/thumb/v7e-m/nofp/crtbegin.o

.init_array.00000
                0x20000684        0x4 load address 0x0800b77c
 .init_array.00000
                0x20000684        0x4 c:/program files (x86)/arm gnu toolchain arm-none-eabi/12.2 mpacbti-rel1/bin/../lib/gcc/arm-none-eabi/12.2.1/thumb/v7e-m/nofp\libc.a(libc_a-__call_atexit.o)

.bss            0x20000688      0x45c load address 0x0800b780
                0x20000688                        . = ALIGN (0x4)
                0x20000688                        _sbss = .
                0x20000688                        __bss_start__ = _sbss
 *(.bss)
 .bss           0x20000688        0x0 c:/program files (x86)/arm gnu toolchain arm-none-eabi/12.2 mpacbti-rel1/bin/../lib/gcc/arm-none-eabi/12.2.1/thumb/v7e-m/nofp/crti.o
 .bss           0x20000688        0x0 c:/program files (x86)/arm gnu toolchain arm-none-eabi/12.2 mpacbti-rel1/bin/../lib/gcc/arm-none-eabi/12.2.1/thumb/v7e-m/nofp/crtbegin.o
 .bss           0x20000688        0x0 c:/program files (x86)/arm gnu toolchain arm-none-eabi/12.2 mpacbti-rel1/bin/../lib/gcc/arm-none-eabi/12.2.1/thumb/v7e-m/nofp/rdimon-crt0.o
 .bss           0x20000688        0x0 c:/program files (x86)/arm gnu toolchain arm-none-eabi/12.2 mpacbti-rel1/bin/../lib/gcc/arm-none-eabi/12.2.1/thumb/v7e-m/nofp\libc.a(libc_a-exit.o)
 .bss           0x20000688        0x0 c:/program files (x86)/arm gnu toolchain arm-none-eabi/12.2 mpacbti-rel1/bin/../lib/gcc/arm-none-eabi/12.2.1/thumb/v7e-m/nofp\libc.a(libc_a-findfp.o)
 .bss           0x20000688        0x0 c:/program files (x86)/arm gnu toolchain arm-none-eabi/12.2 mpacbti-rel1/bin/../lib/gcc/arm-none-eabi/12.2.1/thumb/v7e-m/nofp\libc.a(libc_a-fwalk.o)
 .bss           0x20000688        0x0 c:/program files (x86)/arm gnu toolchain arm-none-eabi/12.2 mpacbti-rel1/bin/../lib/gcc/arm-none-eabi/12.2.1/thumb/v7e-m/nofp\libc.a(libc_a-stdio.o)
 .bss           0x20000688        0x0 c:/program files (x86)/arm gnu toolchain arm-none-eabi/12.2 mpacbti-rel1/bin/../lib/gcc/arm-none-eabi/12.2.1/thumb/v7e-m/nofp\libc.a(libc_a-memset.o)
 .bss           0x20000688        0x0 c:/program files (x86)/arm gnu toolchain arm-none-eabi/12.2 mpacbti-rel1/bin/../lib/gcc/arm-none-eabi/12.2.1/thumb/v7e-m/nofp\libc.a(libc_a-closer.o)
 .bss           0x20000688        0x0 c:/program files (x86)/arm gnu toolchain arm-none-eabi/12.2 mpacbti-rel1/bin/../lib/gcc/arm-none-eabi/12.2.1/thumb/v7e-m/nofp\libc.a(libc_a-reent.o)
 .bss           0x20000688        0x0 c:/program files (x86)/arm gnu toolchain arm-none-eabi/12.2 mpacbti-rel1/bin/../lib/gcc/arm-none-eabi/12.2.1/thumb/v7e-m/nofp\libc.a(libc_a-impure.o)
 .bss           0x20000688        0x0 c:/program files (x86)/arm gnu toolchain arm-none-eabi/12.2 mpacbti-rel1/bin/../lib/gcc/arm-none-eabi/12.2.1/thumb/v7e-m/nofp\libc.a(libc_a-lseekr.o)
 .bss           0x20000688        0x0 c:/program files (x86)/arm gnu toolchain arm-none-eabi/12.2 mpacbti-rel1/bin/../lib/gcc/arm-none-eabi/12.2.1/thumb/v7e-m/nofp\libc.a(libc_a-readr.o)
 .bss           0x20000688        0x0 c:/program files (x86)/arm gnu toolchain arm-none-eabi/12.2 mpacbti-rel1/bin/../lib/gcc/arm-none-eabi/12.2.1/thumb/v7e-m/nofp\libc.a(libc_a-writer.o)
 .bss           0x20000688        0x0 c:/program files (x86)/arm gnu toolchain arm-none-eabi/12.2 mpacbti-rel1/bin/../lib/gcc/arm-none-eabi/12.2.1/thumb/v7e-m/nofp\libc.a(libc_a-init.o)
 .bss           0x20000688        0x0 c:/program files (x86)/arm gnu toolchain arm-none-eabi/12.2 mpacbti-rel1/bin/../lib/gcc/arm-none-eabi/12.2.1/thumb/v7e-m/nofp\libc.a(libc_a-lock.o)
 .bss           0x20000688        0x0 c:/program files (x86)/arm gnu toolchain arm-none-eabi/12.2 mpacbti-rel1/bin/../lib/gcc/arm-none-eabi/12.2.1/thumb/v7e-m/nofp\libc.a(libc_a-__call_atexit.o)
 .bss           0x20000688        0x0 c:/program files (x86)/arm gnu toolchain arm-none-eabi/12.2 mpacbti-rel1/bin/../lib/gcc/arm-none-eabi/12.2.1/thumb/v7e-m/nofp\libc.a(libc_a-atexit.o)
 .bss           0x20000688        0x0 c:/program files (x86)/arm gnu toolchain arm-none-eabi/12.2 mpacbti-rel1/bin/../lib/gcc/arm-none-eabi/12.2.1/thumb/v7e-m/nofp\libc.a(libc_a-freer.o)
 .bss           0x20000688        0x0 c:/program files (x86)/arm gnu toolchain arm-none-eabi/12.2 mpacbti-rel1/bin/../lib/gcc/arm-none-eabi/12.2.1/thumb/v7e-m/nofp\libc.a(libc_a-mallocr.o)
 .bss           0x20000688        0x0 c:/program files (x86)/arm gnu toolchain arm-none-eabi/12.2 mpacbti-rel1/bin/../lib/gcc/arm-none-eabi/12.2.1/thumb/v7e-m/nofp\libc.a(libc_a-mlock.o)
 .bss           0x20000688        0x0 c:/program files (x86)/arm gnu toolchain arm-none-eabi/12.2 mpacbti-rel1/bin/../lib/gcc/arm-none-eabi/12.2.1/thumb/v7e-m/nofp\libc.a(libc_a-fclose.o)
 .bss           0x20000688        0x0 c:/program files (x86)/arm gnu toolchain arm-none-eabi/12.2 mpacbti-rel1/bin/../lib/gcc/arm-none-eabi/12.2.1/thumb/v7e-m/nofp\libc.a(libc_a-fflush.o)
 .bss           0x20000688        0x0 c:/program files (x86)/arm gnu toolchain arm-none-eabi/12.2 mpacbti-rel1/bin/../lib/gcc/arm-none-eabi/12.2.1/thumb/v7e-m/nofp\libc.a(libc_a-sbrkr.o)
 .bss           0x20000688        0x0 c:/program files (x86)/arm gnu toolchain arm-none-eabi/12.2 mpacbti-rel1/bin/../lib/gcc/arm-none-eabi/12.2.1/thumb/v7e-m/nofp\libc.a(libc_a-fini.o)
 .bss           0x20000688        0x0 c:/program files (x86)/arm gnu toolchain arm-none-eabi/12.2 mpacbti-rel1/bin/../lib/gcc/arm-none-eabi/12.2.1/thumb/v7e-m/nofp\libc.a(libc_a-sysconf.o)
 .bss           0x20000688        0x0 c:/program files (x86)/arm gnu toolchain arm-none-eabi/12.2 mpacbti-rel1/bin/../lib/gcc/arm-none-eabi/12.2.1/thumb/v7e-m/nofp\libc.a(libc_a-__atexit.o)
 .bss           0x20000688        0x0 c:/program files (x86)/arm gnu toolchain arm-none-eabi/12.2 mpacbti-rel1/bin/../lib/gcc/arm-none-eabi/12.2.1/thumb/v7e-m/nofp\libc.a(libc_a-errno.o)
 .bss           0x20000688        0x0 Debug/stm32f4xx_hal_exti.o
 .bss           0x20000688        0x4 Debug/stm32f4xx_hal.o
                0x20000688                uwTick
 .bss           0x2000068c        0x0 Debug/stm32f4xx_hal_cortex.o
 .bss           0x2000068c        0x0 Debug/stm32f4xx_hal_dma.o
 .bss           0x2000068c        0x0 Debug/stm32f4xx_hal_dma_ex.o
 .bss           0x2000068c       0x20 Debug/stm32f4xx_hal_flash.o
                0x2000068c                pFlash
 .bss           0x200006ac        0x0 Debug/stm32f4xx_hal_flash_ex.o
 .bss           0x200006ac        0x0 Debug/stm32f4xx_hal_flash_ramfunc.o
 .bss           0x200006ac        0x0 Debug/stm32f4xx_hal_gpio.o
 .bss           0x200006ac        0x0 Debug/stm32f4xx_hal_pwr.o
 .bss           0x200006ac        0x0 Debug/stm32f4xx_hal_pwr_ex.o
 .bss           0x200006ac        0x0 Debug/stm32f4xx_hal_rcc.o
 .bss           0x200006ac        0x0 Debug/stm32f4xx_hal_rcc_ex.o
 .bss           0x200006ac        0x0 Debug/stm32f4xx_hal_tim.o
 .bss           0x200006ac        0x0 Debug/stm32f4xx_hal_tim_ex.o
 .bss           0x200006ac        0x0 Debug/stm32f4xx_hal_uart.o
 .bss           0x200006ac       0x44 Debug/main.o
                0x200006ac                huart2
 .bss           0x200006f0        0x0 Debug/stm32f4xx_hal_msp.o
 .bss           0x200006f0        0x0 Debug/stm32f4xx_it.o
 .bss           0x200006f0        0x0 Debug/system_stm32f4xx.o
 .bss           0x200006f0        0x0 Debug/stm32F401RE_startup.o
 .bss           0x200006f0        0x0 c:/program files (x86)/arm gnu toolchain arm-none-eabi/12.2 mpacbti-rel1/bin/../lib/gcc/arm-none-eabi/12.2.1/thumb/v7e-m/nofp\libgcc.a(_aeabi_uldivmod.o)
 .bss           0x200006f0        0x0 c:/program files (x86)/arm gnu toolchain arm-none-eabi/12.2 mpacbti-rel1/bin/../lib/gcc/arm-none-eabi/12.2.1/thumb/v7e-m/nofp\libgcc.a(_udivmoddi4.o)
 .bss           0x200006f0        0x0 c:/program files (x86)/arm gnu toolchain arm-none-eabi/12.2 mpacbti-rel1/bin/../lib/gcc/arm-none-eabi/12.2.1/thumb/v7e-m/nofp\libgcc.a(_dvmd_tls.o)
 .bss           0x200006f0        0x0 c:/program files (x86)/arm gnu toolchain arm-none-eabi/12.2 mpacbti-rel1/bin/../lib/gcc/arm-none-eabi/12.2.1/thumb/v7e-m/nofp\librdimon.a(arm_librdimon_a-_exit.o)
 .bss           0x200006f0        0x0 c:/program files (x86)/arm gnu toolchain arm-none-eabi/12.2 mpacbti-rel1/bin/../lib/gcc/arm-none-eabi/12.2.1/thumb/v7e-m/nofp\librdimon.a(arm_librdimon_a-_kill.o)
 .bss           0x200006f0        0x0 c:/program files (x86)/arm gnu toolchain arm-none-eabi/12.2 mpacbti-rel1/bin/../lib/gcc/arm-none-eabi/12.2.1/thumb/v7e-m/nofp\librdimon.a(arm_librdimon_a-syscalls.o)
 .bss           0x200006f0        0x0 c:/program files (x86)/arm gnu toolchain arm-none-eabi/12.2 mpacbti-rel1/bin/../lib/gcc/arm-none-eabi/12.2.1/thumb/v7e-m/nofp\libc.a(libc_a-strlen.o)
 .bss           0x200006f0        0x0 c:/program files (x86)/arm gnu toolchain arm-none-eabi/12.2 mpacbti-rel1/bin/../lib/gcc/arm-none-eabi/12.2.1/thumb/v7e-m/nofp/crtend.o
 .bss           0x200006f0        0x0 c:/program files (x86)/arm gnu toolchain arm-none-eabi/12.2 mpacbti-rel1/bin/../lib/gcc/arm-none-eabi/12.2.1/thumb/v7e-m/nofp/crtn.o
 *(.bss.*)
 .bss.completed.1
                0x200006f0        0x1 c:/program files (x86)/arm gnu toolchain arm-none-eabi/12.2 mpacbti-rel1/bin/../lib/gcc/arm-none-eabi/12.2.1/thumb/v7e-m/nofp/crtbegin.o
 *fill*         0x200006f1        0x3 
 .bss.object.0  0x200006f4       0x18 c:/program files (x86)/arm gnu toolchain arm-none-eabi/12.2 mpacbti-rel1/bin/../lib/gcc/arm-none-eabi/12.2.1/thumb/v7e-m/nofp/crtbegin.o
 .bss.__sf      0x2000070c      0x138 c:/program files (x86)/arm gnu toolchain arm-none-eabi/12.2 mpacbti-rel1/bin/../lib/gcc/arm-none-eabi/12.2.1/thumb/v7e-m/nofp\libc.a(libc_a-findfp.o)
                0x2000070c                __sf
 .bss.__stdio_exit_handler
                0x20000844        0x4 c:/program files (x86)/arm gnu toolchain arm-none-eabi/12.2 mpacbti-rel1/bin/../lib/gcc/arm-none-eabi/12.2.1/thumb/v7e-m/nofp\libc.a(libc_a-findfp.o)
                0x20000844                __stdio_exit_handler
 .bss.errno     0x20000848        0x4 c:/program files (x86)/arm gnu toolchain arm-none-eabi/12.2 mpacbti-rel1/bin/../lib/gcc/arm-none-eabi/12.2.1/thumb/v7e-m/nofp\libc.a(libc_a-reent.o)
                0x20000848                errno
 .bss.__lock___arc4random_mutex
                0x2000084c        0x1 c:/program files (x86)/arm gnu toolchain arm-none-eabi/12.2 mpacbti-rel1/bin/../lib/gcc/arm-none-eabi/12.2.1/thumb/v7e-m/nofp\libc.a(libc_a-lock.o)
                0x2000084c                __lock___arc4random_mutex
 *fill*         0x2000084d        0x3 
 .bss.__lock___dd_hash_mutex
                0x20000850        0x1 c:/program files (x86)/arm gnu toolchain arm-none-eabi/12.2 mpacbti-rel1/bin/../lib/gcc/arm-none-eabi/12.2.1/thumb/v7e-m/nofp\libc.a(libc_a-lock.o)
                0x20000850                __lock___dd_hash_mutex
 *fill*         0x20000851        0x3 
 .bss.__lock___tz_mutex
                0x20000854        0x1 c:/program files (x86)/arm gnu toolchain arm-none-eabi/12.2 mpacbti-rel1/bin/../lib/gcc/arm-none-eabi/12.2.1/thumb/v7e-m/nofp\libc.a(libc_a-lock.o)
                0x20000854                __lock___tz_mutex
 *fill*         0x20000855        0x3 
 .bss.__lock___env_recursive_mutex
                0x20000858        0x1 c:/program files (x86)/arm gnu toolchain arm-none-eabi/12.2 mpacbti-rel1/bin/../lib/gcc/arm-none-eabi/12.2.1/thumb/v7e-m/nofp\libc.a(libc_a-lock.o)
                0x20000858                __lock___env_recursive_mutex
 *fill*         0x20000859        0x3 
 .bss.__lock___malloc_recursive_mutex
                0x2000085c        0x1 c:/program files (x86)/arm gnu toolchain arm-none-eabi/12.2 mpacbti-rel1/bin/../lib/gcc/arm-none-eabi/12.2.1/thumb/v7e-m/nofp\libc.a(libc_a-lock.o)
                0x2000085c                __lock___malloc_recursive_mutex
 *fill*         0x2000085d        0x3 
 .bss.__lock___at_quick_exit_mutex
                0x20000860        0x1 c:/program files (x86)/arm gnu toolchain arm-none-eabi/12.2 mpacbti-rel1/bin/../lib/gcc/arm-none-eabi/12.2.1/thumb/v7e-m/nofp\libc.a(libc_a-lock.o)
                0x20000860                __lock___at_quick_exit_mutex
 *fill*         0x20000861        0x3 
 .bss.__lock___atexit_recursive_mutex
                0x20000864        0x1 c:/program files (x86)/arm gnu toolchain arm-none-eabi/12.2 mpacbti-rel1/bin/../lib/gcc/arm-none-eabi/12.2.1/thumb/v7e-m/nofp\libc.a(libc_a-lock.o)
                0x20000864                __lock___atexit_recursive_mutex
 *fill*         0x20000865        0x3 
 .bss.__lock___sfp_recursive_mutex
                0x20000868        0x1 c:/program files (x86)/arm gnu toolchain arm-none-eabi/12.2 mpacbti-rel1/bin/../lib/gcc/arm-none-eabi/12.2.1/thumb/v7e-m/nofp\libc.a(libc_a-lock.o)
                0x20000868                __lock___sfp_recursive_mutex
 *fill*         0x20000869        0x3 
 .bss.__atexit  0x2000086c        0x4 c:/program files (x86)/arm gnu toolchain arm-none-eabi/12.2 mpacbti-rel1/bin/../lib/gcc/arm-none-eabi/12.2.1/thumb/v7e-m/nofp\libc.a(libc_a-__call_atexit.o)
                0x2000086c                __atexit
 .bss.__malloc_current_mallinfo
                0x20000870       0x28 c:/program files (x86)/arm gnu toolchain arm-none-eabi/12.2 mpacbti-rel1/bin/../lib/gcc/arm-none-eabi/12.2.1/thumb/v7e-m/nofp\libc.a(libc_a-mallocr.o)
                0x20000870                __malloc_current_mallinfo
 .bss.__malloc_max_total_mem
                0x20000898        0x4 c:/program files (x86)/arm gnu toolchain arm-none-eabi/12.2 mpacbti-rel1/bin/../lib/gcc/arm-none-eabi/12.2.1/thumb/v7e-m/nofp\libc.a(libc_a-mallocr.o)
                0x20000898                __malloc_max_total_mem
 .bss.__malloc_max_sbrked_mem
                0x2000089c        0x4 c:/program files (x86)/arm gnu toolchain arm-none-eabi/12.2 mpacbti-rel1/bin/../lib/gcc/arm-none-eabi/12.2.1/thumb/v7e-m/nofp\libc.a(libc_a-mallocr.o)
                0x2000089c                __malloc_max_sbrked_mem
 .bss.__malloc_top_pad
                0x200008a0        0x4 c:/program files (x86)/arm gnu toolchain arm-none-eabi/12.2 mpacbti-rel1/bin/../lib/gcc/arm-none-eabi/12.2.1/thumb/v7e-m/nofp\libc.a(libc_a-mallocr.o)
                0x200008a0                __malloc_top_pad
 .bss.__atexit0
                0x200008a4      0x190 c:/program files (x86)/arm gnu toolchain arm-none-eabi/12.2 mpacbti-rel1/bin/../lib/gcc/arm-none-eabi/12.2.1/thumb/v7e-m/nofp\libc.a(libc_a-__atexit.o)
                0x200008a4                __atexit0
 .bss.heap_end.0
                0x20000a34        0x4 c:/program files (x86)/arm gnu toolchain arm-none-eabi/12.2 mpacbti-rel1/bin/../lib/gcc/arm-none-eabi/12.2.1/thumb/v7e-m/nofp\librdimon.a(arm_librdimon_a-syscalls.o)
 .bss.monitor_stderr
                0x20000a38        0x4 c:/program files (x86)/arm gnu toolchain arm-none-eabi/12.2 mpacbti-rel1/bin/../lib/gcc/arm-none-eabi/12.2.1/thumb/v7e-m/nofp\librdimon.a(arm_librdimon_a-syscalls.o)
 .bss.monitor_stdout
                0x20000a3c        0x4 c:/program files (x86)/arm gnu toolchain arm-none-eabi/12.2 mpacbti-rel1/bin/../lib/gcc/arm-none-eabi/12.2.1/thumb/v7e-m/nofp\librdimon.a(arm_librdimon_a-syscalls.o)
 .bss.monitor_stdin
                0x20000a40        0x4 c:/program files (x86)/arm gnu toolchain arm-none-eabi/12.2 mpacbti-rel1/bin/../lib/gcc/arm-none-eabi/12.2.1/thumb/v7e-m/nofp\librdimon.a(arm_librdimon_a-syscalls.o)
 .bss.openfiles
                0x20000a44       0xa0 c:/program files (x86)/arm gnu toolchain arm-none-eabi/12.2 mpacbti-rel1/bin/../lib/gcc/arm-none-eabi/12.2.1/thumb/v7e-m/nofp\librdimon.a(arm_librdimon_a-syscalls.o)
                0x20000ae4                        . = ALIGN (0x4)
                0x20000ae4                        _ebss = .
                0x20000ae4                        __bss_end__ = _ebss
                0x20000ae4                        __end__ = .
                0x20000ae4                        end = .
OUTPUT(Debug/hal.elf elf32-littlearm)
LOAD linker stubs

.ARM.attributes
                0x00000000       0x2a
 .ARM.attributes
                0x00000000       0x1e c:/program files (x86)/arm gnu toolchain arm-none-eabi/12.2 mpacbti-rel1/bin/../lib/gcc/arm-none-eabi/12.2.1/thumb/v7e-m/nofp/crti.o
 .ARM.attributes
                0x0000001e       0x2e c:/program files (x86)/arm gnu toolchain arm-none-eabi/12.2 mpacbti-rel1/bin/../lib/gcc/arm-none-eabi/12.2.1/thumb/v7e-m/nofp/crtbegin.o
 .ARM.attributes
                0x0000004c       0x1c c:/program files (x86)/arm gnu toolchain arm-none-eabi/12.2 mpacbti-rel1/bin/../lib/gcc/arm-none-eabi/12.2.1/thumb/v7e-m/nofp/rdimon-crt0.o
 .ARM.attributes
                0x00000068       0x2e c:/program files (x86)/arm gnu toolchain arm-none-eabi/12.2 mpacbti-rel1/bin/../lib/gcc/arm-none-eabi/12.2.1/thumb/v7e-m/nofp\libc.a(libc_a-exit.o)
 .ARM.attributes
                0x00000096       0x2e c:/program files (x86)/arm gnu toolchain arm-none-eabi/12.2 mpacbti-rel1/bin/../lib/gcc/arm-none-eabi/12.2.1/thumb/v7e-m/nofp\libc.a(libc_a-findfp.o)
 .ARM.attributes
                0x000000c4       0x2e c:/program files (x86)/arm gnu toolchain arm-none-eabi/12.2 mpacbti-rel1/bin/../lib/gcc/arm-none-eabi/12.2.1/thumb/v7e-m/nofp\libc.a(libc_a-fwalk.o)
 .ARM.attributes
                0x000000f2       0x2e c:/program files (x86)/arm gnu toolchain arm-none-eabi/12.2 mpacbti-rel1/bin/../lib/gcc/arm-none-eabi/12.2.1/thumb/v7e-m/nofp\libc.a(libc_a-stdio.o)
 .ARM.attributes
                0x00000120       0x2e c:/program files (x86)/arm gnu toolchain arm-none-eabi/12.2 mpacbti-rel1/bin/../lib/gcc/arm-none-eabi/12.2.1/thumb/v7e-m/nofp\libc.a(libc_a-memset.o)
 .ARM.attributes
                0x0000014e       0x2e c:/program files (x86)/arm gnu toolchain arm-none-eabi/12.2 mpacbti-rel1/bin/../lib/gcc/arm-none-eabi/12.2.1/thumb/v7e-m/nofp\libc.a(libc_a-closer.o)
 .ARM.attributes
                0x0000017c       0x2e c:/program files (x86)/arm gnu toolchain arm-none-eabi/12.2 mpacbti-rel1/bin/../lib/gcc/arm-none-eabi/12.2.1/thumb/v7e-m/nofp\libc.a(libc_a-reent.o)
 .ARM.attributes
                0x000001aa       0x2e c:/program files (x86)/arm gnu toolchain arm-none-eabi/12.2 mpacbti-rel1/bin/../lib/gcc/arm-none-eabi/12.2.1/thumb/v7e-m/nofp\libc.a(libc_a-impure.o)
 .ARM.attributes
                0x000001d8       0x2e c:/program files (x86)/arm gnu toolchain arm-none-eabi/12.2 mpacbti-rel1/bin/../lib/gcc/arm-none-eabi/12.2.1/thumb/v7e-m/nofp\libc.a(libc_a-lseekr.o)
 .ARM.attributes
                0x00000206       0x2e c:/program files (x86)/arm gnu toolchain arm-none-eabi/12.2 mpacbti-rel1/bin/../lib/gcc/arm-none-eabi/12.2.1/thumb/v7e-m/nofp\libc.a(libc_a-readr.o)
 .ARM.attributes
                0x00000234       0x2e c:/program files (x86)/arm gnu toolchain arm-none-eabi/12.2 mpacbti-rel1/bin/../lib/gcc/arm-none-eabi/12.2.1/thumb/v7e-m/nofp\libc.a(libc_a-writer.o)
 .ARM.attributes
                0x00000262       0x2e c:/program files (x86)/arm gnu toolchain arm-none-eabi/12.2 mpacbti-rel1/bin/../lib/gcc/arm-none-eabi/12.2.1/thumb/v7e-m/nofp\libc.a(libc_a-init.o)
 .ARM.attributes
                0x00000290       0x2e c:/program files (x86)/arm gnu toolchain arm-none-eabi/12.2 mpacbti-rel1/bin/../lib/gcc/arm-none-eabi/12.2.1/thumb/v7e-m/nofp\libc.a(libc_a-lock.o)
 .ARM.attributes
                0x000002be       0x2e c:/program files (x86)/arm gnu toolchain arm-none-eabi/12.2 mpacbti-rel1/bin/../lib/gcc/arm-none-eabi/12.2.1/thumb/v7e-m/nofp\libc.a(libc_a-__call_atexit.o)
 .ARM.attributes
                0x000002ec       0x2e c:/program files (x86)/arm gnu toolchain arm-none-eabi/12.2 mpacbti-rel1/bin/../lib/gcc/arm-none-eabi/12.2.1/thumb/v7e-m/nofp\libc.a(libc_a-atexit.o)
 .ARM.attributes
                0x0000031a       0x2e c:/program files (x86)/arm gnu toolchain arm-none-eabi/12.2 mpacbti-rel1/bin/../lib/gcc/arm-none-eabi/12.2.1/thumb/v7e-m/nofp\libc.a(libc_a-freer.o)
 .ARM.attributes
                0x00000348       0x2e c:/program files (x86)/arm gnu toolchain arm-none-eabi/12.2 mpacbti-rel1/bin/../lib/gcc/arm-none-eabi/12.2.1/thumb/v7e-m/nofp\libc.a(libc_a-mallocr.o)
 .ARM.attributes
                0x00000376       0x2e c:/program files (x86)/arm gnu toolchain arm-none-eabi/12.2 mpacbti-rel1/bin/../lib/gcc/arm-none-eabi/12.2.1/thumb/v7e-m/nofp\libc.a(libc_a-mlock.o)
 .ARM.attributes
                0x000003a4       0x2e c:/program files (x86)/arm gnu toolchain arm-none-eabi/12.2 mpacbti-rel1/bin/../lib/gcc/arm-none-eabi/12.2.1/thumb/v7e-m/nofp\libc.a(libc_a-fclose.o)
 .ARM.attributes
                0x000003d2       0x2e c:/program files (x86)/arm gnu toolchain arm-none-eabi/12.2 mpacbti-rel1/bin/../lib/gcc/arm-none-eabi/12.2.1/thumb/v7e-m/nofp\libc.a(libc_a-fflush.o)
 .ARM.attributes
                0x00000400       0x2e c:/program files (x86)/arm gnu toolchain arm-none-eabi/12.2 mpacbti-rel1/bin/../lib/gcc/arm-none-eabi/12.2.1/thumb/v7e-m/nofp\libc.a(libc_a-sbrkr.o)
 .ARM.attributes
                0x0000042e       0x2e c:/program files (x86)/arm gnu toolchain arm-none-eabi/12.2 mpacbti-rel1/bin/../lib/gcc/arm-none-eabi/12.2.1/thumb/v7e-m/nofp\libc.a(libc_a-fini.o)
 .ARM.attributes
                0x0000045c       0x2e c:/program files (x86)/arm gnu toolchain arm-none-eabi/12.2 mpacbti-rel1/bin/../lib/gcc/arm-none-eabi/12.2.1/thumb/v7e-m/nofp\libc.a(libc_a-sysconf.o)
 .ARM.attributes
                0x0000048a       0x2e c:/program files (x86)/arm gnu toolchain arm-none-eabi/12.2 mpacbti-rel1/bin/../lib/gcc/arm-none-eabi/12.2.1/thumb/v7e-m/nofp\libc.a(libc_a-__atexit.o)
 .ARM.attributes
                0x000004b8       0x2e c:/program files (x86)/arm gnu toolchain arm-none-eabi/12.2 mpacbti-rel1/bin/../lib/gcc/arm-none-eabi/12.2.1/thumb/v7e-m/nofp\libc.a(libc_a-errno.o)
 .ARM.attributes
                0x000004e6       0x2e Debug/stm32f4xx_hal_exti.o
 .ARM.attributes
                0x00000514       0x2e Debug/stm32f4xx_hal.o
 .ARM.attributes
                0x00000542       0x2e Debug/stm32f4xx_hal_cortex.o
 .ARM.attributes
                0x00000570       0x2e Debug/stm32f4xx_hal_dma.o
 .ARM.attributes
                0x0000059e       0x2e Debug/stm32f4xx_hal_dma_ex.o
 .ARM.attributes
                0x000005cc       0x2e Debug/stm32f4xx_hal_flash.o
 .ARM.attributes
                0x000005fa       0x2e Debug/stm32f4xx_hal_flash_ex.o
 .ARM.attributes
                0x00000628       0x2e Debug/stm32f4xx_hal_flash_ramfunc.o
 .ARM.attributes
                0x00000656       0x2e Debug/stm32f4xx_hal_gpio.o
 .ARM.attributes
                0x00000684       0x2e Debug/stm32f4xx_hal_pwr.o
 .ARM.attributes
                0x000006b2       0x2e Debug/stm32f4xx_hal_pwr_ex.o
 .ARM.attributes
                0x000006e0       0x2e Debug/stm32f4xx_hal_rcc.o
 .ARM.attributes
                0x0000070e       0x2e Debug/stm32f4xx_hal_rcc_ex.o
 .ARM.attributes
                0x0000073c       0x2e Debug/stm32f4xx_hal_tim.o
 .ARM.attributes
                0x0000076a       0x2e Debug/stm32f4xx_hal_tim_ex.o
 .ARM.attributes
                0x00000798       0x2e Debug/stm32f4xx_hal_uart.o
 .ARM.attributes
                0x000007c6       0x2e Debug/main.o
 .ARM.attributes
                0x000007f4       0x2e Debug/stm32f4xx_hal_msp.o
 .ARM.attributes
                0x00000822       0x2e Debug/stm32f4xx_it.o
 .ARM.attributes
                0x00000850       0x2e Debug/system_stm32f4xx.o
 .ARM.attributes
                0x0000087e       0x2e Debug/stm32F401RE_startup.o
 .ARM.attributes
                0x000008ac       0x1e c:/program files (x86)/arm gnu toolchain arm-none-eabi/12.2 mpacbti-rel1/bin/../lib/gcc/arm-none-eabi/12.2.1/thumb/v7e-m/nofp\libgcc.a(_aeabi_uldivmod.o)
 .ARM.attributes
                0x000008ca       0x2e c:/program files (x86)/arm gnu toolchain arm-none-eabi/12.2 mpacbti-rel1/bin/../lib/gcc/arm-none-eabi/12.2.1/thumb/v7e-m/nofp\libgcc.a(_udivmoddi4.o)
 .ARM.attributes
                0x000008f8       0x1e c:/program files (x86)/arm gnu toolchain arm-none-eabi/12.2 mpacbti-rel1/bin/../lib/gcc/arm-none-eabi/12.2.1/thumb/v7e-m/nofp\libgcc.a(_dvmd_tls.o)
 .ARM.attributes
                0x00000916       0x2e c:/program files (x86)/arm gnu toolchain arm-none-eabi/12.2 mpacbti-rel1/bin/../lib/gcc/arm-none-eabi/12.2.1/thumb/v7e-m/nofp\librdimon.a(arm_librdimon_a-_exit.o)
 .ARM.attributes
                0x00000944       0x2e c:/program files (x86)/arm gnu toolchain arm-none-eabi/12.2 mpacbti-rel1/bin/../lib/gcc/arm-none-eabi/12.2.1/thumb/v7e-m/nofp\librdimon.a(arm_librdimon_a-_kill.o)
 .ARM.attributes
                0x00000972       0x2e c:/program files (x86)/arm gnu toolchain arm-none-eabi/12.2 mpacbti-rel1/bin/../lib/gcc/arm-none-eabi/12.2.1/thumb/v7e-m/nofp\librdimon.a(arm_librdimon_a-syscalls.o)
 .ARM.attributes
                0x000009a0       0x1c c:/program files (x86)/arm gnu toolchain arm-none-eabi/12.2 mpacbti-rel1/bin/../lib/gcc/arm-none-eabi/12.2.1/thumb/v7e-m/nofp\libc.a(libc_a-strlen.o)
 .ARM.attributes
                0x000009bc       0x2e c:/program files (x86)/arm gnu toolchain arm-none-eabi/12.2 mpacbti-rel1/bin/../lib/gcc/arm-none-eabi/12.2.1/thumb/v7e-m/nofp/crtend.o
 .ARM.attributes
                0x000009ea       0x1e c:/program files (x86)/arm gnu toolchain arm-none-eabi/12.2 mpacbti-rel1/bin/../lib/gcc/arm-none-eabi/12.2.1/thumb/v7e-m/nofp/crtn.o

.comment        0x00000000       0x55
 .comment       0x00000000       0x55 Debug/stm32f4xx_hal_exti.o
                                 0x56 (size before relaxing)
 .comment       0x00000055       0x56 Debug/stm32f4xx_hal.o
 .comment       0x00000055       0x56 Debug/stm32f4xx_hal_cortex.o
 .comment       0x00000055       0x56 Debug/stm32f4xx_hal_dma.o
 .comment       0x00000055       0x56 Debug/stm32f4xx_hal_dma_ex.o
 .comment       0x00000055       0x56 Debug/stm32f4xx_hal_flash.o
 .comment       0x00000055       0x56 Debug/stm32f4xx_hal_flash_ex.o